../Drivers/STM32L0xx_HAL_Driver/Src/stm32l0xx_hal_i2s.c:261:19:HAL_I2S_Init	40	static
../Drivers/STM32L0xx_HAL_Driver/Src/stm32l0xx_hal_i2s.c:426:19:HAL_I2S_DeInit	16	static
../Drivers/STM32L0xx_HAL_Driver/Src/stm32l0xx_hal_i2s.c:470:13:HAL_I2S_MspInit	16	static
../Drivers/STM32L0xx_HAL_Driver/Src/stm32l0xx_hal_i2s.c:486:13:HAL_I2S_MspDeInit	16	static
../Drivers/STM32L0xx_HAL_Driver/Src/stm32l0xx_hal_i2s.c:750:19:HAL_I2S_Transmit	32	static
../Drivers/STM32L0xx_HAL_Driver/Src/stm32l0xx_hal_i2s.c:870:19:HAL_I2S_Receive	40	static
../Drivers/STM32L0xx_HAL_Driver/Src/stm32l0xx_hal_i2s.c:969:19:HAL_I2S_Transmit_IT	32	static
../Drivers/STM32L0xx_HAL_Driver/Src/stm32l0xx_hal_i2s.c:1036:19:HAL_I2S_Receive_IT	32	static
../Drivers/STM32L0xx_HAL_Driver/Src/stm32l0xx_hal_i2s.c:1100:19:HAL_I2S_Transmit_DMA	32	static
../Drivers/STM32L0xx_HAL_Driver/Src/stm32l0xx_hal_i2s.c:1191:19:HAL_I2S_Receive_DMA	32	static
../Drivers/STM32L0xx_HAL_Driver/Src/stm32l0xx_hal_i2s.c:1280:19:HAL_I2S_DMAPause	16	static
../Drivers/STM32L0xx_HAL_Driver/Src/stm32l0xx_hal_i2s.c:1312:19:HAL_I2S_DMAResume	16	static
../Drivers/STM32L0xx_HAL_Driver/Src/stm32l0xx_hal_i2s.c:1351:19:HAL_I2S_DMAStop	32	static
../Drivers/STM32L0xx_HAL_Driver/Src/stm32l0xx_hal_i2s.c:1451:6:HAL_I2S_IRQHandler	24	static
../Drivers/STM32L0xx_HAL_Driver/Src/stm32l0xx_hal_i2s.c:1512:13:HAL_I2S_TxHalfCpltCallback	16	static
../Drivers/STM32L0xx_HAL_Driver/Src/stm32l0xx_hal_i2s.c:1528:13:HAL_I2S_TxCpltCallback	16	static
../Drivers/STM32L0xx_HAL_Driver/Src/stm32l0xx_hal_i2s.c:1544:13:HAL_I2S_RxHalfCpltCallback	16	static
../Drivers/STM32L0xx_HAL_Driver/Src/stm32l0xx_hal_i2s.c:1560:13:HAL_I2S_RxCpltCallback	16	static
../Drivers/STM32L0xx_HAL_Driver/Src/stm32l0xx_hal_i2s.c:1576:13:HAL_I2S_ErrorCallback	16	static
../Drivers/STM32L0xx_HAL_Driver/Src/stm32l0xx_hal_i2s.c:1611:22:HAL_I2S_GetState	16	static
../Drivers/STM32L0xx_HAL_Driver/Src/stm32l0xx_hal_i2s.c:1622:10:HAL_I2S_GetError	16	static
../Drivers/STM32L0xx_HAL_Driver/Src/stm32l0xx_hal_i2s.c:1643:13:I2S_DMATxCplt	24	static
../Drivers/STM32L0xx_HAL_Driver/Src/stm32l0xx_hal_i2s.c:1670:13:I2S_DMATxHalfCplt	24	static
../Drivers/STM32L0xx_HAL_Driver/Src/stm32l0xx_hal_i2s.c:1688:13:I2S_DMARxCplt	24	static
../Drivers/STM32L0xx_HAL_Driver/Src/stm32l0xx_hal_i2s.c:1714:13:I2S_DMARxHalfCplt	24	static
../Drivers/STM32L0xx_HAL_Driver/Src/stm32l0xx_hal_i2s.c:1732:13:I2S_DMAError	24	static
../Drivers/STM32L0xx_HAL_Driver/Src/stm32l0xx_hal_i2s.c:1759:13:I2S_Transmit_IT	16	static
../Drivers/STM32L0xx_HAL_Driver/Src/stm32l0xx_hal_i2s.c:1787:13:I2S_Receive_IT	16	static
../Drivers/STM32L0xx_HAL_Driver/Src/stm32l0xx_hal_i2s.c:1818:26:I2S_WaitFlagStateUntilTimeout	32	static
