../Drivers/STM32L0xx_HAL_Driver/Src/stm32l0xx_hal_rtc_ex.c:173:19:HAL_RTCEx_SetTimeStamp	32	static
../Drivers/STM32L0xx_HAL_Driver/Src/stm32l0xx_hal_rtc_ex.c:246:19:HAL_RTCEx_SetTimeStamp_IT	32	static
../Drivers/STM32L0xx_HAL_Driver/Src/stm32l0xx_hal_rtc_ex.c:310:19:HAL_RTCEx_DeactivateTimeStamp	24	static
../Drivers/STM32L0xx_HAL_Driver/Src/stm32l0xx_hal_rtc_ex.c:354:19:HAL_RTCEx_GetTimeStamp	32	static
../Drivers/STM32L0xx_HAL_Driver/Src/stm32l0xx_hal_rtc_ex.c:408:19:HAL_RTCEx_SetTamper	24	static
../Drivers/STM32L0xx_HAL_Driver/Src/stm32l0xx_hal_rtc_ex.c:583:19:HAL_RTCEx_SetTamper_IT	24	static
../Drivers/STM32L0xx_HAL_Driver/Src/stm32l0xx_hal_rtc_ex.c:750:19:HAL_RTCEx_DeactivateTamper	16	static
../Drivers/STM32L0xx_HAL_Driver/Src/stm32l0xx_hal_rtc_ex.c:796:6:HAL_RTCEx_TamperTimeStampIRQHandler	16	static
../Drivers/STM32L0xx_HAL_Driver/Src/stm32l0xx_hal_rtc_ex.c:888:13:HAL_RTCEx_TimeStampEventCallback	16	static
../Drivers/STM32L0xx_HAL_Driver/Src/stm32l0xx_hal_rtc_ex.c:905:13:HAL_RTCEx_Tamper1EventCallback	16	static
../Drivers/STM32L0xx_HAL_Driver/Src/stm32l0xx_hal_rtc_ex.c:922:13:HAL_RTCEx_Tamper2EventCallback	16	static
../Drivers/STM32L0xx_HAL_Driver/Src/stm32l0xx_hal_rtc_ex.c:939:13:HAL_RTCEx_Tamper3EventCallback	16	static
../Drivers/STM32L0xx_HAL_Driver/Src/stm32l0xx_hal_rtc_ex.c:957:19:HAL_RTCEx_PollForTimeStampEvent	24	static
../Drivers/STM32L0xx_HAL_Driver/Src/stm32l0xx_hal_rtc_ex.c:1001:19:HAL_RTCEx_PollForTamper1Event	24	static
../Drivers/STM32L0xx_HAL_Driver/Src/stm32l0xx_hal_rtc_ex.c:1038:19:HAL_RTCEx_PollForTamper2Event	24	static
../Drivers/STM32L0xx_HAL_Driver/Src/stm32l0xx_hal_rtc_ex.c:1075:19:HAL_RTCEx_PollForTamper3Event	24	static
../Drivers/STM32L0xx_HAL_Driver/Src/stm32l0xx_hal_rtc_ex.c:1128:19:HAL_RTCEx_SetWakeUpTimer	32	static
../Drivers/STM32L0xx_HAL_Driver/Src/stm32l0xx_hal_rtc_ex.c:1224:19:HAL_RTCEx_SetWakeUpTimer_IT	32	static
../Drivers/STM32L0xx_HAL_Driver/Src/stm32l0xx_hal_rtc_ex.c:1325:19:HAL_RTCEx_DeactivateWakeUpTimer	24	static
../Drivers/STM32L0xx_HAL_Driver/Src/stm32l0xx_hal_rtc_ex.c:1380:10:HAL_RTCEx_GetWakeUpTimer	16	static
../Drivers/STM32L0xx_HAL_Driver/Src/stm32l0xx_hal_rtc_ex.c:1392:6:HAL_RTCEx_WakeUpTimerIRQHandler	16	static
../Drivers/STM32L0xx_HAL_Driver/Src/stm32l0xx_hal_rtc_ex.c:1425:13:HAL_RTCEx_WakeUpTimerEventCallback	16	static
../Drivers/STM32L0xx_HAL_Driver/Src/stm32l0xx_hal_rtc_ex.c:1442:19:HAL_RTCEx_PollForWakeUpTimerEvent	24	static
../Drivers/STM32L0xx_HAL_Driver/Src/stm32l0xx_hal_rtc_ex.c:1508:6:HAL_RTCEx_BKUPWrite	32	static
../Drivers/STM32L0xx_HAL_Driver/Src/stm32l0xx_hal_rtc_ex.c:1531:10:HAL_RTCEx_BKUPRead	24	static
../Drivers/STM32L0xx_HAL_Driver/Src/stm32l0xx_hal_rtc_ex.c:1565:19:HAL_RTCEx_SetSmoothCalib	32	static
../Drivers/STM32L0xx_HAL_Driver/Src/stm32l0xx_hal_rtc_ex.c:1637:19:HAL_RTCEx_SetSynchroShift	32	static
../Drivers/STM32L0xx_HAL_Driver/Src/stm32l0xx_hal_rtc_ex.c:1732:19:HAL_RTCEx_SetCalibrationOutPut	16	static
../Drivers/STM32L0xx_HAL_Driver/Src/stm32l0xx_hal_rtc_ex.c:1771:19:HAL_RTCEx_DeactivateCalibrationOutPut	16	static
../Drivers/STM32L0xx_HAL_Driver/Src/stm32l0xx_hal_rtc_ex.c:1801:19:HAL_RTCEx_SetRefClock	32	static
../Drivers/STM32L0xx_HAL_Driver/Src/stm32l0xx_hal_rtc_ex.c:1845:19:HAL_RTCEx_DeactivateRefClock	32	static
../Drivers/STM32L0xx_HAL_Driver/Src/stm32l0xx_hal_rtc_ex.c:1891:19:HAL_RTCEx_EnableBypassShadow	16	static
../Drivers/STM32L0xx_HAL_Driver/Src/stm32l0xx_hal_rtc_ex.c:1924:19:HAL_RTCEx_DisableBypassShadow	16	static
../Drivers/STM32L0xx_HAL_Driver/Src/stm32l0xx_hal_rtc_ex.c:1974:13:HAL_RTCEx_AlarmBEventCallback	16	static
../Drivers/STM32L0xx_HAL_Driver/Src/stm32l0xx_hal_rtc_ex.c:1991:19:HAL_RTCEx_PollForAlarmBEvent	24	static
