Archive member included to satisfy reference by file (symbol)

C:/ST/STM32CubeIDE_1.15.1/STM32CubeIDE/plugins/com.st.stm32cube.ide.mcu.externaltools.gnu-tools-for-stm32.12.3.rel1.win32_1.0.100.202403111256/tools/bin/../lib/gcc/arm-none-eabi/12.3.1/../../../../arm-none-eabi/lib/thumb/v6-m/nofp\libc_nano.a(libc_a-exit.o)
                              C:/ST/STM32CubeIDE_1.15.1/STM32CubeIDE/plugins/com.st.stm32cube.ide.mcu.externaltools.gnu-tools-for-stm32.12.3.rel1.win32_1.0.100.202403111256/tools/bin/../lib/gcc/arm-none-eabi/12.3.1/../../../../arm-none-eabi/lib/thumb/v6-m/nofp/crt0.o (exit)
C:/ST/STM32CubeIDE_1.15.1/STM32CubeIDE/plugins/com.st.stm32cube.ide.mcu.externaltools.gnu-tools-for-stm32.12.3.rel1.win32_1.0.100.202403111256/tools/bin/../lib/gcc/arm-none-eabi/12.3.1/../../../../arm-none-eabi/lib/thumb/v6-m/nofp\libc_nano.a(libc_a-nano-vfprintf_float.o)
                              (_printf_float)
C:/ST/STM32CubeIDE_1.15.1/STM32CubeIDE/plugins/com.st.stm32cube.ide.mcu.externaltools.gnu-tools-for-stm32.12.3.rel1.win32_1.0.100.202403111256/tools/bin/../lib/gcc/arm-none-eabi/12.3.1/../../../../arm-none-eabi/lib/thumb/v6-m/nofp\libc_nano.a(libc_a-nano-vfprintf_i.o)
                              C:/ST/STM32CubeIDE_1.15.1/STM32CubeIDE/plugins/com.st.stm32cube.ide.mcu.externaltools.gnu-tools-for-stm32.12.3.rel1.win32_1.0.100.202403111256/tools/bin/../lib/gcc/arm-none-eabi/12.3.1/../../../../arm-none-eabi/lib/thumb/v6-m/nofp\libc_nano.a(libc_a-nano-vfprintf_float.o) (_printf_common)
C:/ST/STM32CubeIDE_1.15.1/STM32CubeIDE/plugins/com.st.stm32cube.ide.mcu.externaltools.gnu-tools-for-stm32.12.3.rel1.win32_1.0.100.202403111256/tools/bin/../lib/gcc/arm-none-eabi/12.3.1/../../../../arm-none-eabi/lib/thumb/v6-m/nofp\libc_nano.a(libc_a-findfp.o)
                              C:/ST/STM32CubeIDE_1.15.1/STM32CubeIDE/plugins/com.st.stm32cube.ide.mcu.externaltools.gnu-tools-for-stm32.12.3.rel1.win32_1.0.100.202403111256/tools/bin/../lib/gcc/arm-none-eabi/12.3.1/../../../../arm-none-eabi/lib/thumb/v6-m/nofp\libc_nano.a(libc_a-exit.o) (__stdio_exit_handler)
C:/ST/STM32CubeIDE_1.15.1/STM32CubeIDE/plugins/com.st.stm32cube.ide.mcu.externaltools.gnu-tools-for-stm32.12.3.rel1.win32_1.0.100.202403111256/tools/bin/../lib/gcc/arm-none-eabi/12.3.1/../../../../arm-none-eabi/lib/thumb/v6-m/nofp\libc_nano.a(libc_a-fwalk.o)
                              C:/ST/STM32CubeIDE_1.15.1/STM32CubeIDE/plugins/com.st.stm32cube.ide.mcu.externaltools.gnu-tools-for-stm32.12.3.rel1.win32_1.0.100.202403111256/tools/bin/../lib/gcc/arm-none-eabi/12.3.1/../../../../arm-none-eabi/lib/thumb/v6-m/nofp\libc_nano.a(libc_a-findfp.o) (_fwalk_sglue)
C:/ST/STM32CubeIDE_1.15.1/STM32CubeIDE/plugins/com.st.stm32cube.ide.mcu.externaltools.gnu-tools-for-stm32.12.3.rel1.win32_1.0.100.202403111256/tools/bin/../lib/gcc/arm-none-eabi/12.3.1/../../../../arm-none-eabi/lib/thumb/v6-m/nofp\libc_nano.a(libc_a-printf.o)
                              ./Core/Src/utils.o (printf)
C:/ST/STM32CubeIDE_1.15.1/STM32CubeIDE/plugins/com.st.stm32cube.ide.mcu.externaltools.gnu-tools-for-stm32.12.3.rel1.win32_1.0.100.202403111256/tools/bin/../lib/gcc/arm-none-eabi/12.3.1/../../../../arm-none-eabi/lib/thumb/v6-m/nofp\libc_nano.a(libc_a-sprintf.o)
                              ./Core/Src/utils.o (sprintf)
C:/ST/STM32CubeIDE_1.15.1/STM32CubeIDE/plugins/com.st.stm32cube.ide.mcu.externaltools.gnu-tools-for-stm32.12.3.rel1.win32_1.0.100.202403111256/tools/bin/../lib/gcc/arm-none-eabi/12.3.1/../../../../arm-none-eabi/lib/thumb/v6-m/nofp\libc_nano.a(libc_a-stdio.o)
                              C:/ST/STM32CubeIDE_1.15.1/STM32CubeIDE/plugins/com.st.stm32cube.ide.mcu.externaltools.gnu-tools-for-stm32.12.3.rel1.win32_1.0.100.202403111256/tools/bin/../lib/gcc/arm-none-eabi/12.3.1/../../../../arm-none-eabi/lib/thumb/v6-m/nofp\libc_nano.a(libc_a-findfp.o) (__sread)
C:/ST/STM32CubeIDE_1.15.1/STM32CubeIDE/plugins/com.st.stm32cube.ide.mcu.externaltools.gnu-tools-for-stm32.12.3.rel1.win32_1.0.100.202403111256/tools/bin/../lib/gcc/arm-none-eabi/12.3.1/../../../../arm-none-eabi/lib/thumb/v6-m/nofp\libc_nano.a(libc_a-vsnprintf.o)
                              ./Core/Src/utils.o (vsnprintf)
C:/ST/STM32CubeIDE_1.15.1/STM32CubeIDE/plugins/com.st.stm32cube.ide.mcu.externaltools.gnu-tools-for-stm32.12.3.rel1.win32_1.0.100.202403111256/tools/bin/../lib/gcc/arm-none-eabi/12.3.1/../../../../arm-none-eabi/lib/thumb/v6-m/nofp\libc_nano.a(libc_a-memset.o)
                              C:/ST/STM32CubeIDE_1.15.1/STM32CubeIDE/plugins/com.st.stm32cube.ide.mcu.externaltools.gnu-tools-for-stm32.12.3.rel1.win32_1.0.100.202403111256/tools/bin/../lib/gcc/arm-none-eabi/12.3.1/../../../../arm-none-eabi/lib/thumb/v6-m/nofp/crt0.o (memset)
C:/ST/STM32CubeIDE_1.15.1/STM32CubeIDE/plugins/com.st.stm32cube.ide.mcu.externaltools.gnu-tools-for-stm32.12.3.rel1.win32_1.0.100.202403111256/tools/bin/../lib/gcc/arm-none-eabi/12.3.1/../../../../arm-none-eabi/lib/thumb/v6-m/nofp\libc_nano.a(libc_a-localeconv.o)
[...]
Memory Configuration

Name             Origin             Length             Attributes
RAM              0x20000000         0x00005000         xrw
FLASH            0x08000000         0x00030000         xr
*default*        0x00000000         0xffffffff

Linker script and memory map

LOAD C:/ST/STM32CubeIDE_1.15.1/STM32CubeIDE/plugins/com.st.stm32cube.ide.mcu.externaltools.gnu-tools-for-stm32.12.3.rel1.win32_1.0.100.202403111256/tools/bin/../lib/gcc/arm-none-eabi/12.3.1/thumb/v6-m/nofp/crti.o
LOAD C:/ST/STM32CubeIDE_1.15.1/STM32CubeIDE/plugins/com.st.stm32cube.ide.mcu.externaltools.gnu-tools-for-stm32.12.3.rel1.win32_1.0.100.202403111256/tools/bin/../lib/gcc/arm-none-eabi/12.3.1/thumb/v6-m/nofp/crtbegin.o
LOAD C:/ST/STM32CubeIDE_1.15.1/STM32CubeIDE/plugins/com.st.stm32cube.ide.mcu.externaltools.gnu-tools-for-stm32.12.3.rel1.win32_1.0.100.202403111256/tools/bin/../lib/gcc/arm-none-eabi/12.3.1/../../../../arm-none-eabi/lib/thumb/v6-m/nofp/crt0.o
LOAD ./Core/Src/I2CSensors.o
LOAD ./Core/Src/dma.o
LOAD ./Core/Src/gadget.o
LOAD ./Core/Src/gasSensor.o
LOAD ./Core/Src/gpio.o
LOAD ./Core/Src/humidTemp.o
LOAD ./Core/Src/i2c.o
LOAD ./Core/Src/i2s.o
LOAD ./Core/Src/main.o
LOAD ./Core/Src/measurement.o
LOAD ./Core/Src/microphone.o
LOAD ./Core/Src/sgp41.o
LOAD ./Core/Src/stm32l0xx_hal_msp.o
LOAD ./Core/Src/stm32l0xx_it.o
LOAD ./Core/Src/syscalls.o
LOAD ./Core/Src/sysmem.o
LOAD ./Core/Src/system_stm32l0xx.o
LOAD ./Core/Src/usart.o
LOAD ./Core/Src/utils.o
LOAD ./Core/Src/wsenHIDS.o
LOAD ./Core/Startup/startup_stm32l072rztx.o
LOAD ./Drivers/STM32L0xx_HAL_Driver/stm32l0xx_hal.o
LOAD ./Drivers/STM32L0xx_HAL_Driver/stm32l0xx_hal_cortex.o
LOAD ./Drivers/STM32L0xx_HAL_Driver/stm32l0xx_hal_dma.o
LOAD ./Drivers/STM32L0xx_HAL_Driver/stm32l0xx_hal_exti.o
LOAD ./Drivers/STM32L0xx_HAL_Driver/stm32l0xx_hal_flash.o
LOAD ./Drivers/STM32L0xx_HAL_Driver/stm32l0xx_hal_flash_ex.o
LOAD ./Drivers/STM32L0xx_HAL_Driver/stm32l0xx_hal_flash_ramfunc.o
LOAD ./Drivers/STM32L0xx_HAL_Driver/stm32l0xx_hal_gpio.o
LOAD ./Drivers/STM32L0xx_HAL_Driver/stm32l0xx_hal_i2c.o
LOAD ./Drivers/STM32L0xx_HAL_Driver/stm32l0xx_hal_i2c_ex.o
LOAD ./Drivers/STM32L0xx_HAL_Driver/stm32l0xx_hal_i2s.o
LOAD ./Drivers/STM32L0xx_HAL_Driver/stm32l0xx_hal_pwr.o
LOAD ./Drivers/STM32L0xx_HAL_Driver/stm32l0xx_hal_pwr_ex.o
LOAD ./Drivers/STM32L0xx_HAL_Driver/stm32l0xx_hal_rcc.o
LOAD ./Drivers/STM32L0xx_HAL_Driver/stm32l0xx_hal_rcc_ex.o
LOAD ./Drivers/STM32L0xx_HAL_Driver/stm32l0xx_hal_tim.o
LOAD ./Drivers/STM32L0xx_HAL_Driver/stm32l0xx_hal_tim_ex.o
LOAD ./Drivers/STM32L0xx_HAL_Driver/stm32l0xx_hal_uart.o
LOAD ./Drivers/STM32L0xx_HAL_Driver/stm32l0xx_hal_uart_ex.o
START GROUP
LOAD C:/ST/STM32CubeIDE_1.15.1/STM32CubeIDE/plugins/com.st.stm32cube.ide.mcu.externaltools.gnu-tools-for-stm32.12.3.rel1.win32_1.0.100.202403111256/tools/bin/../lib/gcc/arm-none-eabi/12.3.1/../../../../arm-none-eabi/lib/thumb/v6-m/nofp\libc_nano.a
LOAD C:/ST/STM32CubeIDE_1.15.1/STM32CubeIDE/plugins/com.st.stm32cube.ide.mcu.externaltools.gnu-tools-for-stm32.12.3.rel1.win32_1.0.100.202403111256/tools/bin/../lib/gcc/arm-none-eabi/12.3.1/../../../../arm-none-eabi/lib/thumb/v6-m/nofp\libm.a
END GROUP
START GROUP
LOAD C:/ST/STM32CubeIDE_1.15.1/STM32CubeIDE/plugins/com.st.stm32cube.ide.mcu.externaltools.gnu-tools-for-stm32.12.3.rel1.win32_1.0.100.202403111256/tools/bin/../lib/gcc/arm-none-eabi/12.3.1/thumb/v6-m/nofp\libgcc.a
LOAD C:/ST/STM32CubeIDE_1.15.1/STM32CubeIDE/plugins/com.st.stm32cube.ide.mcu.externaltools.gnu-tools-for-stm32.12.3.rel1.win32_1.0.100.202403111256/tools/bin/../lib/gcc/arm-none-eabi/12.3.1/../../../../arm-none-eabi/lib/thumb/v6-m/nofp\libc_nano.a
END GROUP
START GROUP
LOAD C:/ST/STM32CubeIDE_1.15.1/STM32CubeIDE/plugins/com.st.stm32cube.ide.mcu.externaltools.gnu-tools-for-stm32.12.3.rel1.win32_1.0.100.202403111256/tools/bin/../lib/gcc/arm-none-eabi/12.3.1/thumb/v6-m/nofp\libgcc.a
LOAD C:/ST/STM32CubeIDE_1.15.1/STM32CubeIDE/plugins/com.st.stm32cube.ide.mcu.externaltools.gnu-tools-for-stm32.12.3.rel1.win32_1.0.100.202403111256/tools/bin/../lib/gcc/arm-none-eabi/12.3.1/../../../../arm-none-eabi/lib/thumb/v6-m/nofp\libc_nano.a
LOAD C:/ST/STM32CubeIDE_1.15.1/STM32CubeIDE/plugins/com.st.stm32cube.ide.mcu.externaltools.gnu-tools-for-stm32.12.3.rel1.win32_1.0.100.202403111256/tools/bin/../lib/gcc/arm-none-eabi/12.3.1/../../../../arm-none-eabi/lib/thumb/v6-m/nofp\libnosys.a
END GROUP
START GROUP
LOAD C:/ST/STM32CubeIDE_1.15.1/STM32CubeIDE/plugins/com.st.stm32cube.ide.mcu.externaltools.gnu-tools-for-stm32.12.3.rel1.win32_1.0.100.202403111256/tools/bin/../lib/gcc/arm-none-eabi/12.3.1/thumb/v6-m/nofp\libgcc.a
LOAD C:/ST/STM32CubeIDE_1.15.1/STM32CubeIDE/plugins/com.st.stm32cube.ide.mcu.externaltools.gnu-tools-for-stm32.12.3.rel1.win32_1.0.100.202403111256/tools/bin/../lib/gcc/arm-none-eabi/12.3.1/../../../../arm-none-eabi/lib/thumb/v6-m/nofp\libc_nano.a
LOAD C:/ST/STM32CubeIDE_1.15.1/STM32CubeIDE/plugins/com.st.stm32cube.ide.mcu.externaltools.gnu-tools-for-stm32.12.3.rel1.win32_1.0.100.202403111256/tools/bin/../lib/gcc/arm-none-eabi/12.3.1/../../../../arm-none-eabi/lib/thumb/v6-m/nofp\libnosys.a
END GROUP
LOAD C:/ST/STM32CubeIDE_1.15.1/STM32CubeIDE/plugins/com.st.stm32cube.ide.mcu.externaltools.gnu-tools-for-stm32.12.3.rel1.win32_1.0.100.202403111256/tools/bin/../lib/gcc/arm-none-eabi/12.3.1/thumb/v6-m/nofp/crtend.o
LOAD C:/ST/STM32CubeIDE_1.15.1/STM32CubeIDE/plugins/com.st.stm32cube.ide.mcu.externaltools.gnu-tools-for-stm32.12.3.rel1.win32_1.0.100.202403111256/tools/bin/../lib/gcc/arm-none-eabi/12.3.1/thumb/v6-m/nofp/crtn.o
                0x20005000                        _estack = (ORIGIN (RAM) + LENGTH (RAM))
                0x00000100                        _Min_Heap_Size = 0x100
                0x00000400                        _Min_Stack_Size = 0x400

.isr_vector     0x08000000       0xc0
                0x08000000                        . = ALIGN (0x4)
 *(.isr_vector)
 .isr_vector    0x08000000       0xc0 ./Core/Startup/startup_stm32l072rztx.o
                0x08000000                g_pfnVectors
                0x080000c0                        . = ALIGN (0x4)

.text           0x080000c0     0xb4b4
                0x080000c0                        . = ALIGN (0x4)
 *(.text)
 .text          0x080000c0       0x48 C:/ST/STM32CubeIDE_1.15.1/STM32CubeIDE/plugins/com.st.stm32cube.ide.mcu.externaltools.gnu-tools-for-stm32.12.3.rel1.win32_1.0.100.202403111256/tools/bin/../lib/gcc/arm-none-eabi/12.3.1/thumb/v6-m/nofp/crtbegin.o
 .text          0x08000108        0xe C:/ST/STM32CubeIDE_1.15.1/STM32CubeIDE/plugins/com.st.stm32cube.ide.mcu.externaltools.gnu-tools-for-stm32.12.3.rel1.win32_1.0.100.202403111256/tools/bin/../lib/gcc/arm-none-eabi/12.3.1/../../../../arm-none-eabi/lib/thumb/v6-m/nofp\libc_nano.a(libc_a-strlen.o)
                0x08000108                strlen
 *fill*         0x08000116        0x2 
 .text          0x08000118       0x14 C:/ST/STM32CubeIDE_1.15.1/STM32CubeIDE/plugins/com.st.stm32cube.ide.mcu.externaltools.gnu-tools-for-stm32.12.3.rel1.win32_1.0.100.202403111256/tools/bin/../lib/gcc/arm-none-eabi/12.3.1/thumb/v6-m/nofp\libgcc.a(_thumb1_case_uqi.o)
                0x08000118                __gnu_thumb1_case_uqi
 .text          0x0800012c       0x14 C:/ST/STM32CubeIDE_1.15.1/STM32CubeIDE/plugins/com.st.stm32cube.ide.mcu.externaltools.gnu-tools-for-stm32.12.3.rel1.win32_1.0.100.202403111256/tools/bin/../lib/gcc/arm-none-eabi/12.3.1/thumb/v6-m/nofp\libgcc.a(_thumb1_case_shi.o)
                0x0800012c                __gnu_thumb1_case_shi
 .text          0x08000140      0x114 C:/ST/STM32CubeIDE_1.15.1/STM32CubeIDE/plugins/com.st.stm32cube.ide.mcu.externaltools.gnu-tools-for-stm32.12.3.rel1.win32_1.0.100.202403111256/tools/bin/../lib/gcc/arm-none-eabi/12.3.1/thumb/v6-m/nofp\libgcc.a(_udivsi3.o)
                0x08000140                __aeabi_uidiv
                0x08000140                __udivsi3
                0x0800024c                __aeabi_uidivmod
 .text          0x08000254      0x1d4 C:/ST/STM32CubeIDE_1.15.1/STM32CubeIDE/plugins/com.st.stm32cube.ide.mcu.externaltools.gnu-tools-for-stm32.12.3.rel1.win32_1.0.100.202403111256/tools/bin/../lib/gcc/arm-none-eabi/12.3.1/thumb/v6-m/nofp\libgcc.a(_divsi3.o)
                0x08000254                __divsi3
                0x08000254                __aeabi_idiv
                0x08000420                __aeabi_idivmod
 .text          0x08000428        0x4 C:/ST/STM32CubeIDE_1.15.1/STM32CubeIDE/plugins/com.st.stm32cube.ide.mcu.externaltools.gnu-tools-for-stm32.12.3.rel1.win32_1.0.100.202403111256/tools/bin/../lib/gcc/arm-none-eabi/12.3.1/thumb/v6-m/nofp\libgcc.a(_dvmd_tls.o)
                0x08000428                __aeabi_idiv0
                0x08000428                __aeabi_ldiv0
 .text          0x0800042c       0x7c C:/ST/STM32CubeIDE_1.15.1/STM32CubeIDE/plugins/com.st.stm32cube.ide.mcu.externaltools.gnu-tools-for-stm32.12.3.rel1.win32_1.0.100.202403111256/tools/bin/../lib/gcc/arm-none-eabi/12.3.1/thumb/v6-m/nofp\libgcc.a(_arm_cmpdf2.o)
                0x0800042c                __aeabi_cdrcmple
                0x0800043c                __aeabi_cdcmple
                0x0800043c                __aeabi_cdcmpeq
                0x0800044c                __aeabi_dcmpeq
                0x08000458                __aeabi_dcmplt
                0x0800046c                __aeabi_dcmple
                0x08000480                __aeabi_dcmpgt
                0x08000494                __aeabi_dcmpge
 .text          0x080004a8       0x40 C:/ST/STM32CubeIDE_1.15.1/STM32CubeIDE/plugins/com.st.stm32cube.ide.mcu.externaltools.gnu-tools-for-stm32.12.3.rel1.win32_1.0.100.202403111256/tools/bin/../lib/gcc/arm-none-eabi/12.3.1/thumb/v6-m/nofp\libgcc.a(_aeabi_uldivmod.o)
                0x080004a8                __aeabi_uldivmod
 .text          0x080004e8       0x5c C:/ST/STM32CubeIDE_1.15.1/STM32CubeIDE/plugins/com.st.stm32cube.ide.mcu.externaltools.gnu-tools-for-stm32.12.3.rel1.win32_1.0.100.202403111256/tools/bin/../lib/gcc/arm-none-eabi/12.3.1/thumb/v6-m/nofp\libgcc.a(_muldi3.o)
                0x080004e8                __muldi3
                0x080004e8                __aeabi_lmul
 .text          0x08000544      0x198 C:/ST/STM32CubeIDE_1.15.1/STM32CubeIDE/plugins/com.st.stm32cube.ide.mcu.externaltools.gnu-tools-for-stm32.12.3.rel1.win32_1.0.100.202403111256/tools/bin/../lib/gcc/arm-none-eabi/12.3.1/thumb/v6-m/nofp\libgcc.a(_udivmoddi4.o)
                0x08000544                __udivmoddi4
 .text          0x080006dc      0x348 C:/ST/STM32CubeIDE_1.15.1/STM32CubeIDE/plugins/com.st.stm32cube.ide.mcu.externaltools.gnu-tools-for-stm32.12.3.rel1.win32_1.0.100.202403111256/tools/bin/../lib/gcc/arm-none-eabi/12.3.1/thumb/v6-m/nofp\libgcc.a(subsf3.o)
                0x080006dc                __aeabi_fsub
 .text          0x08000a24      0x6c8 C:/ST/STM32CubeIDE_1.15.1/STM32CubeIDE/plugins/com.st.stm32cube.ide.mcu.externaltools.gnu-tools-for-stm32.12.3.rel1.win32_1.0.100.202403111256/tools/bin/../lib/gcc/arm-none-eabi/12.3.1/thumb/v6-m/nofp\libgcc.a(adddf3.o)
                0x08000a24                __aeabi_dadd
 .text          0x080010ec      0x634 C:/ST/STM32CubeIDE_1.15.1/STM32CubeIDE/plugins/com.st.stm32cube.ide.mcu.externaltools.gnu-tools-for-stm32.12.3.rel1.win32_1.0.100.202403111256/tools/bin/../lib/gcc/arm-none-eabi/12.3.1/thumb/v6-m/nofp\libgcc.a(divdf3.o)
                0x080010ec                __aeabi_ddiv
 .text          0x08001720       0x88 C:/ST/STM32CubeIDE_1.15.1/STM32CubeIDE/plugins/com.st.stm32cube.ide.mcu.externaltools.gnu-tools-for-stm32.12.3.rel1.win32_1.0.100.202403111256/tools/bin/../lib/gcc/arm-none-eabi/12.3.1/thumb/v6-m/nofp\libgcc.a(eqdf2.o)
                0x08001720                __nedf2
                0x08001720                __eqdf2
 .text          0x080017a8       0xe8 C:/ST/STM32CubeIDE_1.15.1/STM32CubeIDE/plugins/com.st.stm32cube.ide.mcu.externaltools.gnu-tools-for-stm32.12.3.rel1.win32_1.0.100.202403111256/tools/bin/../lib/gcc/arm-none-eabi/12.3.1/thumb/v6-m/nofp\libgcc.a(gedf2.o)
                0x080017a8                __gedf2
                0x080017a8                __gtdf2
 .text          0x08001890       0xe4 C:/ST/STM32CubeIDE_1.15.1/STM32CubeIDE/plugins/com.st.stm32cube.ide.mcu.externaltools.gnu-tools-for-stm32.12.3.rel1.win32_1.0.100.202403111256/tools/bin/../lib/gcc/arm-none-eabi/12.3.1/thumb/v6-m/nofp\libgcc.a(ledf2.o)
                0x08001890                __ledf2
                0x08001890                __ltdf2
 .text          0x08001974      0x590 C:/ST/STM32CubeIDE_1.15.1/STM32CubeIDE/plugins/com.st.stm32cube.ide.mcu.externaltools.gnu-tools-for-stm32.12.3.rel1.win32_1.0.100.202403111256/tools/bin/../lib/gcc/arm-none-eabi/12.3.1/thumb/v6-m/nofp\libgcc.a(muldf3.o)
                0x08001974                __aeabi_dmul
 .text          0x08001f04      0x738 C:/ST/STM32CubeIDE_1.15.1/STM32CubeIDE/plugins/com.st.stm32cube.ide.mcu.externaltools.gnu-tools-for-stm32.12.3.rel1.win32_1.0.100.202403111256/tools/bin/../lib/gcc/arm-none-eabi/12.3.1/thumb/v6-m/nofp\libgcc.a(subdf3.o)
                0x08001f04                __aeabi_dsub
 .text          0x0800263c       0x44 C:/ST/STM32CubeIDE_1.15.1/STM32CubeIDE/plugins/com.st.stm32cube.ide.mcu.externaltools.gnu-tools-for-stm32.12.3.rel1.win32_1.0.100.202403111256/tools/bin/../lib/gcc/arm-none-eabi/12.3.1/thumb/v6-m/nofp\libgcc.a(unorddf2.o)
                0x0800263c                __aeabi_dcmpun
 .text          0x08002680       0x78 C:/ST/STM32CubeIDE_1.15.1/STM32CubeIDE/plugins/com.st.stm32cube.ide.mcu.externaltools.gnu-tools-for-stm32.12.3.rel1.win32_1.0.100.202403111256/tools/bin/../lib/gcc/arm-none-eabi/12.3.1/thumb/v6-m/nofp\libgcc.a(fixdfsi.o)
                0x08002680                __aeabi_d2iz
 .text          0x080026f8       0x5c C:/ST/STM32CubeIDE_1.15.1/STM32CubeIDE/plugins/com.st.stm32cube.ide.mcu.externaltools.gnu-tools-for-stm32.12.3.rel1.win32_1.0.100.202403111256/tools/bin/../lib/gcc/arm-none-eabi/12.3.1/thumb/v6-m/nofp\libgcc.a(floatsidf.o)
                0x080026f8                __aeabi_i2d
 .text          0x08002754       0x48 C:/ST/STM32CubeIDE_1.15.1/STM32CubeIDE/plugins/com.st.stm32cube.ide.mcu.externaltools.gnu-tools-for-stm32.12.3.rel1.win32_1.0.100.202403111256/tools/bin/../lib/gcc/arm-none-eabi/12.3.1/thumb/v6-m/nofp\libgcc.a(floatunsidf.o)
                0x08002754                __aeabi_ui2d
 .text          0x0800279c       0x90 C:/ST/STM32CubeIDE_1.15.1/STM32CubeIDE/plugins/com.st.stm32cube.ide.mcu.externaltools.gnu-tools-for-stm32.12.3.rel1.win32_1.0.100.202403111256/tools/bin/../lib/gcc/arm-none-eabi/12.3.1/thumb/v6-m/nofp\libgcc.a(extendsfdf2.o)
                0x0800279c                __aeabi_f2d
 .text          0x0800282c      0x108 C:/ST/STM32CubeIDE_1.15.1/STM32CubeIDE/plugins/com.st.stm32cube.ide.mcu.externaltools.gnu-tools-for-stm32.12.3.rel1.win32_1.0.100.202403111256/tools/bin/../lib/gcc/arm-none-eabi/12.3.1/thumb/v6-m/nofp\libgcc.a(truncdfsf2.o)
                0x0800282c                __aeabi_d2f
 .text          0x08002934       0x3c C:/ST/STM32CubeIDE_1.15.1/STM32CubeIDE/plugins/com.st.stm32cube.ide.mcu.externaltools.gnu-tools-for-stm32.12.3.rel1.win32_1.0.100.202403111256/tools/bin/../lib/gcc/arm-none-eabi/12.3.1/thumb/v6-m/nofp\libgcc.a(_clzsi2.o)
                0x08002934                __clzsi2
 .text          0x08002970       0x18 C:/ST/STM32CubeIDE_1.15.1/STM32CubeIDE/plugins/com.st.stm32cube.ide.mcu.externaltools.gnu-tools-for-stm32.12.3.rel1.win32_1.0.100.202403111256/tools/bin/../lib/gcc/arm-none-eabi/12.3.1/thumb/v6-m/nofp\libgcc.a(_clzdi2.o)
                0x08002970                __clzdi2
 *(.text*)
 .text.I2CSensors_Init
                0x08002988       0x3c ./Core/Src/I2CSensors.o
                0x08002988                I2CSensors_Init
 .text.I2C_ResetFlags
                0x080029c4       0x20 ./Core/Src/I2CSensors.o
 .text.ReadI2C  0x080029e4       0xa8 ./Core/Src/I2CSensors.o
 .text.WriteI2C
                0x08002a8c       0xa8 ./Core/Src/I2CSensors.o
 .text.HAL_I2C_MasterRxCpltCallback
                0x08002b34       0x2c ./Core/Src/I2CSensors.o
                0x08002b34                HAL_I2C_MasterRxCpltCallback
 .text.HAL_I2C_MasterTxCpltCallback
                0x08002b60       0x2c ./Core/Src/I2CSensors.o
                0x08002b60                HAL_I2C_MasterTxCpltCallback
 .text.HAL_I2C_ErrorCallback
                0x08002b8c       0x28 ./Core/Src/I2CSensors.o
                0x08002b8c                HAL_I2C_ErrorCallback
 .text.MX_DMA_Init
                0x08002bb4       0x4c ./Core/Src/dma.o
                0x08002bb4                MX_DMA_Init
 .text.Gadget_Init
                0x08002c00       0x38 ./Core/Src/gadget.o
                0x08002c00                Gadget_Init
 .text.UpkeepGadget
                0x08002c38        0xe ./Core/Src/gadget.o
                0x08002c38                UpkeepGadget
 .text.Gas_Init
                0x08002c46       0x1e ./Core/Src/gasSensor.o
                0x08002c46                Gas_Init
 .text.Gas_StartMeasurement
                0x08002c64        0xe ./Core/Src/gasSensor.o
                0x08002c64                Gas_StartMeasurement
 *fill*         0x08002c72        0x2 
 .text.MX_GPIO_Init
                0x08002c74      0x21c ./Core/Src/gpio.o
                0x08002c74                MX_GPIO_Init
 .text.HT_Init  0x08002e90       0x1e ./Core/Src/humidTemp.o
                0x08002e90                HT_Init
 .text.HT_StartMeasurement
                0x08002eae        0xe ./Core/Src/humidTemp.o
                0x08002eae                HT_StartMeasurement
 .text.HT_GetMeasurementValues
                0x08002ebc       0x20 ./Core/Src/humidTemp.o
                0x08002ebc                HT_GetMeasurementValues
 .text.MX_I2C1_Init
                0x08002edc       0x80 ./Core/Src/i2c.o
                0x08002edc                MX_I2C1_Init
 .text.HAL_I2C_MspInit
                0x08002f5c      0x150 ./Core/Src/i2c.o
                0x08002f5c                HAL_I2C_MspInit
 .text.MX_I2S2_Init
                0x080030ac       0x50 ./Core/Src/i2s.o
                0x080030ac                MX_I2S2_Init
 .text.HAL_I2S_MspInit
                0x080030fc       0xe8 ./Core/Src/i2s.o
                0x080030fc                HAL_I2S_MspInit
 .text.main     0x080031e4       0x7c ./Core/Src/main.o
                0x080031e4                main
 .text.SystemClock_Config
                0x08003260       0xd4 ./Core/Src/main.o
                0x08003260                SystemClock_Config
 .text.Error_Handler
                0x08003334        0xc ./Core/Src/main.o
                0x08003334                Error_Handler
 .text.Meas_Init
                0x08003340       0x1a ./Core/Src/measurement.o
                0x08003340                Meas_Init
 .text.Meas_Start
                0x0800335a       0x12 ./Core/Src/measurement.o
                0x0800335a                Meas_Start
 .text.Meas_Upkeep
                0x0800336c       0x60 ./Core/Src/measurement.o
                0x0800336c                Meas_Upkeep
 .text.WriteRegister
                0x080033cc       0x44 ./Core/Src/sgp41.o
 .text.SGP_Init
                0x08003410       0x4c ./Core/Src/sgp41.o
                0x08003410                SGP_Init
 .text.SGP_StartMeasurement
                0x0800345c       0x30 ./Core/Src/sgp41.o
                0x0800345c                SGP_StartMeasurement
 .text.SGP_DeviceConnected
                0x0800348c        0xc ./Core/Src/sgp41.o
                0x0800348c                SGP_DeviceConnected
 .text.HAL_MspInit
                0x08003498       0x28 ./Core/Src/stm32l0xx_hal_msp.o
                0x08003498                HAL_MspInit
 .text.NMI_Handler
                0x080034c0        0x8 ./Core/Src/stm32l0xx_it.o
                0x080034c0                NMI_Handler
 .text.HardFault_Handler
                0x080034c8        0x8 ./Core/Src/stm32l0xx_it.o
                0x080034c8                HardFault_Handler
 .text.SVC_Handler
                0x080034d0        0xa ./Core/Src/stm32l0xx_it.o
                0x080034d0                SVC_Handler
 .text.PendSV_Handler
                0x080034da        0xa ./Core/Src/stm32l0xx_it.o
                0x080034da                PendSV_Handler
 .text.SysTick_Handler
                0x080034e4        0xe ./Core/Src/stm32l0xx_it.o
                0x080034e4                SysTick_Handler
 *fill*         0x080034f2        0x2 
 .text.DMA1_Channel2_3_IRQHandler
                0x080034f4       0x24 ./Core/Src/stm32l0xx_it.o
                0x080034f4                DMA1_Channel2_3_IRQHandler
 .text.DMA1_Channel4_5_6_7_IRQHandler
                0x08003518       0x18 ./Core/Src/stm32l0xx_it.o
                0x08003518                DMA1_Channel4_5_6_7_IRQHandler
 .text.I2C1_IRQHandler
                0x08003530       0x30 ./Core/Src/stm32l0xx_it.o
                0x08003530                I2C1_IRQHandler
 .text._getpid  0x08003560        0xc ./Core/Src/syscalls.o
                0x08003560                _getpid
 .text._kill    0x0800356c       0x20 ./Core/Src/syscalls.o
                0x0800356c                _kill
 .text._exit    0x0800358c       0x1a ./Core/Src/syscalls.o
                0x0800358c                _exit
 .text._read    0x080035a6       0x3a ./Core/Src/syscalls.o
                0x080035a6                _read
 .text._close   0x080035e0       0x14 ./Core/Src/syscalls.o
                0x080035e0                _close
 .text._fstat   0x080035f4       0x1c ./Core/Src/syscalls.o
                0x080035f4                _fstat
 .text._isatty  0x08003610       0x12 ./Core/Src/syscalls.o
                0x08003610                _isatty
 .text._lseek   0x08003622       0x16 ./Core/Src/syscalls.o
                0x08003622                _lseek
 .text._sbrk    0x08003638       0x6c ./Core/Src/sysmem.o
                0x08003638                _sbrk
 .text.SystemInit
                0x080036a4        0xa ./Core/Src/system_stm32l0xx.o
                0x080036a4                SystemInit
 *fill*         0x080036ae        0x2 
 .text.MX_USART1_UART_Init
                0x080036b0       0x60 ./Core/Src/usart.o
                0x080036b0                MX_USART1_UART_Init
 .text.MX_USART4_UART_Init
                0x08003710       0x60 ./Core/Src/usart.o
                0x08003710                MX_USART4_UART_Init
 .text.HAL_UART_MspInit
                0x08003770      0x138 ./Core/Src/usart.o
                0x08003770                HAL_UART_MspInit
 .text.TimestampIsReached
                0x080038a8       0x88 ./Core/Src/utils.o
                0x080038a8                TimestampIsReached
 .text.AddTimestamp
                0x08003930       0x24 ./Core/Src/utils.o
 .text.CreateLine
                0x08003954       0xd0 ./Core/Src/utils.o
                0x08003954                CreateLine
 .text._write   0x08003a24       0x28 ./Core/Src/utils.o
                0x08003a24                _write
 .text.SetVerboseLevel
                0x08003a4c       0x20 ./Core/Src/utils.o
                0x08003a4c                SetVerboseLevel
 .text.ReadRegister
                0x08003a6c       0x74 ./Core/Src/wsenHIDS.o
 .text.WriteRegister
                0x08003ae0       0x6c ./Core/Src/wsenHIDS.o
 .text.CalculateCRC
                0x08003b4c       0xc4 ./Core/Src/wsenHIDS.o
 .text.HIDS_EnableHeater
                0x08003c10       0x3c ./Core/Src/wsenHIDS.o
                0x08003c10                HIDS_EnableHeater
 .text.HIDS_Init
                0x08003c4c       0x6c ./Core/Src/wsenHIDS.o
                0x08003c4c                HIDS_Init
 .text.HIDS_StartMeasurement
                0x08003cb8       0x30 ./Core/Src/wsenHIDS.o
                0x08003cb8                HIDS_StartMeasurement
 .text.HIDS_SetHeaterMode
                0x08003ce8       0x20 ./Core/Src/wsenHIDS.o
                0x08003ce8                HIDS_SetHeaterMode
 .text.CheckCRC
                0x08003d08       0xa4 ./Core/Src/wsenHIDS.o
 .text.HIDS_DeviceConnected
                0x08003dac       0x78 ./Core/Src/wsenHIDS.o
                0x08003dac                HIDS_DeviceConnected
 .text.HIDS_SetMeasurementMode
                0x08003e24       0x20 ./Core/Src/wsenHIDS.o
                0x08003e24                HIDS_SetMeasurementMode
 .text.HIDS_MeasurementReady
                0x08003e44       0x50 ./Core/Src/wsenHIDS.o
                0x08003e44                HIDS_MeasurementReady
 .text.HIDS_GetMeasurementValues
                0x08003e94      0x1ac ./Core/Src/wsenHIDS.o
                0x08003e94                HIDS_GetMeasurementValues
 .text.Reset_Handler
                0x08004040       0x50 ./Core/Startup/startup_stm32l072rztx.o
                0x08004040                Reset_Handler
 .text.Default_Handler
                0x08004090        0x2 ./Core/Startup/startup_stm32l072rztx.o
                0x08004090                TSC_IRQHandler
                0x08004090                ADC1_COMP_IRQHandler
                0x08004090                PVD_IRQHandler
                0x08004090                RCC_CRS_IRQHandler
                0x08004090                SPI1_IRQHandler
                0x08004090                TIM6_DAC_IRQHandler
                0x08004090                EXTI2_3_IRQHandler
                0x08004090                I2C2_IRQHandler
                0x08004090                RTC_IRQHandler
                0x08004090                TIM3_IRQHandler
                0x08004090                EXTI4_15_IRQHandler
                0x08004090                DMA1_Channel1_IRQHandler
                0x08004090                USART4_5_IRQHandler
                0x08004090                Default_Handler
                0x08004090                TIM22_IRQHandler
                0x08004090                TIM7_IRQHandler
                0x08004090                EXTI0_1_IRQHandler
                0x08004090                USB_IRQHandler
                0x08004090                I2C3_IRQHandler
                0x08004090                SPI2_IRQHandler
                0x08004090                TIM21_IRQHandler
                0x08004090                WWDG_IRQHandler
                0x08004090                TIM2_IRQHandler
                0x08004090                USART2_IRQHandler
                0x08004090                FLASH_IRQHandler
                0x08004090                USART1_IRQHandler
                0x08004090                RNG_LPUART1_IRQHandler
                0x08004090                LPTIM1_IRQHandler
 *fill*         0x08004092        0x2 
 .text.HAL_Init
                0x08004094       0x40 ./Drivers/STM32L0xx_HAL_Driver/stm32l0xx_hal.o
                0x08004094                HAL_Init
 .text.HAL_InitTick
                0x080040d4       0x68 ./Drivers/STM32L0xx_HAL_Driver/stm32l0xx_hal.o
                0x080040d4                HAL_InitTick
 .text.HAL_IncTick
                0x0800413c       0x24 ./Drivers/STM32L0xx_HAL_Driver/stm32l0xx_hal.o
                0x0800413c                HAL_IncTick
 .text.HAL_GetTick
                0x08004160       0x14 ./Drivers/STM32L0xx_HAL_Driver/stm32l0xx_hal.o
                0x08004160                HAL_GetTick
 .text.HAL_Delay
                0x08004174       0x48 ./Drivers/STM32L0xx_HAL_Driver/stm32l0xx_hal.o
                0x08004174                HAL_Delay
 .text.__NVIC_EnableIRQ
                0x080041bc       0x34 ./Drivers/STM32L0xx_HAL_Driver/stm32l0xx_hal_cortex.o
 .text.__NVIC_SetPriority
                0x080041f0       0xdc ./Drivers/STM32L0xx_HAL_Driver/stm32l0xx_hal_cortex.o
 .text.SysTick_Config
                0x080042cc       0x48 ./Drivers/STM32L0xx_HAL_Driver/stm32l0xx_hal_cortex.o
 .text.HAL_NVIC_SetPriority
                0x08004314       0x2a ./Drivers/STM32L0xx_HAL_Driver/stm32l0xx_hal_cortex.o
                0x08004314                HAL_NVIC_SetPriority
 .text.HAL_NVIC_EnableIRQ
                0x0800433e       0x20 ./Drivers/STM32L0xx_HAL_Driver/stm32l0xx_hal_cortex.o
                0x0800433e                HAL_NVIC_EnableIRQ
 .text.HAL_SYSTICK_Config
                0x0800435e       0x1a ./Drivers/STM32L0xx_HAL_Driver/stm32l0xx_hal_cortex.o
                0x0800435e                HAL_SYSTICK_Config
 .text.HAL_DMA_Init
                0x08004378       0xf0 ./Drivers/STM32L0xx_HAL_Driver/stm32l0xx_hal_dma.o
                0x08004378                HAL_DMA_Init
 .text.HAL_DMA_Start_IT
                0x08004468       0xcc ./Drivers/STM32L0xx_HAL_Driver/stm32l0xx_hal_dma.o
                0x08004468                HAL_DMA_Start_IT
 .text.HAL_DMA_Abort_IT
                0x08004534       0x8e ./Drivers/STM32L0xx_HAL_Driver/stm32l0xx_hal_dma.o
                0x08004534                HAL_DMA_Abort_IT
 .text.HAL_DMA_IRQHandler
                0x080045c2      0x15c ./Drivers/STM32L0xx_HAL_Driver/stm32l0xx_hal_dma.o
                0x080045c2                HAL_DMA_IRQHandler
 .text.HAL_DMA_GetState
                0x0800471e       0x18 ./Drivers/STM32L0xx_HAL_Driver/stm32l0xx_hal_dma.o
                0x0800471e                HAL_DMA_GetState
 .text.DMA_SetConfig
                0x08004736       0x5c ./Drivers/STM32L0xx_HAL_Driver/stm32l0xx_hal_dma.o
 *fill*         0x08004792        0x2 
 .text.HAL_GPIO_Init
                0x08004794      0x2fc ./Drivers/STM32L0xx_HAL_Driver/stm32l0xx_hal_gpio.o
                0x08004794                HAL_GPIO_Init
 .text.HAL_GPIO_WritePin
                0x08004a90       0x3a ./Drivers/STM32L0xx_HAL_Driver/stm32l0xx_hal_gpio.o
                0x08004a90                HAL_GPIO_WritePin
 *fill*         0x08004aca        0x2 
 .text.HAL_I2C_Init
                0x08004acc      0x12c ./Drivers/STM32L0xx_HAL_Driver/stm32l0xx_hal_i2c.o
                0x08004acc                HAL_I2C_Init
 .text.HAL_I2C_Master_Transmit_DMA
                0x08004bf8      0x20c ./Drivers/STM32L0xx_HAL_Driver/stm32l0xx_hal_i2c.o
                0x08004bf8                HAL_I2C_Master_Transmit_DMA
 .text.HAL_I2C_Master_Receive_DMA
                0x08004e04      0x20c ./Drivers/STM32L0xx_HAL_Driver/stm32l0xx_hal_i2c.o
                0x08004e04                HAL_I2C_Master_Receive_DMA
 .text.HAL_I2C_EV_IRQHandler
                0x08005010       0x34 ./Drivers/STM32L0xx_HAL_Driver/stm32l0xx_hal_i2c.o
                0x08005010                HAL_I2C_EV_IRQHandler
 .text.HAL_I2C_ER_IRQHandler
                0x08005044       0xb2 ./Drivers/STM32L0xx_HAL_Driver/stm32l0xx_hal_i2c.o
                0x08005044                HAL_I2C_ER_IRQHandler
 .text.HAL_I2C_SlaveTxCpltCallback
                0x080050f6       0x10 ./Drivers/STM32L0xx_HAL_Driver/stm32l0xx_hal_i2c.o
                0x080050f6                HAL_I2C_SlaveTxCpltCallback
 .text.HAL_I2C_SlaveRxCpltCallback
                0x08005106       0x10 ./Drivers/STM32L0xx_HAL_Driver/stm32l0xx_hal_i2c.o
                0x08005106                HAL_I2C_SlaveRxCpltCallback
 .text.HAL_I2C_AddrCallback
                0x08005116       0x20 ./Drivers/STM32L0xx_HAL_Driver/stm32l0xx_hal_i2c.o
                0x08005116                HAL_I2C_AddrCallback
 .text.HAL_I2C_ListenCpltCallback
                0x08005136       0x10 ./Drivers/STM32L0xx_HAL_Driver/stm32l0xx_hal_i2c.o
                0x08005136                HAL_I2C_ListenCpltCallback
 .text.HAL_I2C_MemTxCpltCallback
                0x08005146       0x10 ./Drivers/STM32L0xx_HAL_Driver/stm32l0xx_hal_i2c.o
                0x08005146                HAL_I2C_MemTxCpltCallback
 .text.HAL_I2C_MemRxCpltCallback
                0x08005156       0x10 ./Drivers/STM32L0xx_HAL_Driver/stm32l0xx_hal_i2c.o
                0x08005156                HAL_I2C_MemRxCpltCallback
 .text.HAL_I2C_AbortCpltCallback
                0x08005166       0x10 ./Drivers/STM32L0xx_HAL_Driver/stm32l0xx_hal_i2c.o
                0x08005166                HAL_I2C_AbortCpltCallback
 *fill*         0x08005176        0x2 
 .text.I2C_Master_ISR_IT
                0x08005178      0x254 ./Drivers/STM32L0xx_HAL_Driver/stm32l0xx_hal_i2c.o
 .text.I2C_Slave_ISR_IT
                0x080053cc      0x200 ./Drivers/STM32L0xx_HAL_Driver/stm32l0xx_hal_i2c.o
 .text.I2C_Master_ISR_DMA
                0x080055cc      0x1f8 ./Drivers/STM32L0xx_HAL_Driver/stm32l0xx_hal_i2c.o
 .text.I2C_Mem_ISR_DMA
                0x080057c4      0x238 ./Drivers/STM32L0xx_HAL_Driver/stm32l0xx_hal_i2c.o
 .text.I2C_Slave_ISR_DMA
                0x080059fc      0x1cc ./Drivers/STM32L0xx_HAL_Driver/stm32l0xx_hal_i2c.o
 .text.I2C_ITAddrCplt
                0x08005bc8      0x148 ./Drivers/STM32L0xx_HAL_Driver/stm32l0xx_hal_i2c.o
 .text.I2C_ITMasterSeqCplt
                0x08005d10       0x82 ./Drivers/STM32L0xx_HAL_Driver/stm32l0xx_hal_i2c.o
 *fill*         0x08005d92        0x2 
 .text.I2C_ITSlaveSeqCplt
                0x08005d94       0xc8 ./Drivers/STM32L0xx_HAL_Driver/stm32l0xx_hal_i2c.o
 .text.I2C_ITMasterCplt
                0x08005e5c      0x19c ./Drivers/STM32L0xx_HAL_Driver/stm32l0xx_hal_i2c.o
 .text.I2C_ITSlaveCplt
                0x08005ff8      0x240 ./Drivers/STM32L0xx_HAL_Driver/stm32l0xx_hal_i2c.o
 .text.I2C_ITListenCplt
                0x08006238       0xb0 ./Drivers/STM32L0xx_HAL_Driver/stm32l0xx_hal_i2c.o
 .text.I2C_ITError
                0x080062e8      0x204 ./Drivers/STM32L0xx_HAL_Driver/stm32l0xx_hal_i2c.o
 .text.I2C_TreatErrorCallback
                0x080064ec       0x52 ./Drivers/STM32L0xx_HAL_Driver/stm32l0xx_hal_i2c.o
 .text.I2C_Flush_TXDR
                0x0800653e       0x44 ./Drivers/STM32L0xx_HAL_Driver/stm32l0xx_hal_i2c.o
 *fill*         0x08006582        0x2 
 .text.I2C_DMAMasterTransmitCplt
                0x08006584       0xa0 ./Drivers/STM32L0xx_HAL_Driver/stm32l0xx_hal_i2c.o
 .text.I2C_DMAMasterReceiveCplt
                0x08006624       0xa0 ./Drivers/STM32L0xx_HAL_Driver/stm32l0xx_hal_i2c.o
 .text.I2C_DMAError
                0x080066c4       0x32 ./Drivers/STM32L0xx_HAL_Driver/stm32l0xx_hal_i2c.o
 .text.I2C_DMAAbort
                0x080066f6       0x3e ./Drivers/STM32L0xx_HAL_Driver/stm32l0xx_hal_i2c.o
 .text.I2C_TransferConfig
                0x08006734       0x74 ./Drivers/STM32L0xx_HAL_Driver/stm32l0xx_hal_i2c.o
 .text.I2C_Enable_IRQ
                0x080067a8      0x11c ./Drivers/STM32L0xx_HAL_Driver/stm32l0xx_hal_i2c.o
 .text.I2C_Disable_IRQ
                0x080068c4       0xc6 ./Drivers/STM32L0xx_HAL_Driver/stm32l0xx_hal_i2c.o
 *fill*         0x0800698a        0x2 
 .text.HAL_I2CEx_ConfigAnalogFilter
                0x0800698c       0x98 ./Drivers/STM32L0xx_HAL_Driver/stm32l0xx_hal_i2c_ex.o
                0x0800698c                HAL_I2CEx_ConfigAnalogFilter
 .text.HAL_I2CEx_ConfigDigitalFilter
                0x08006a24       0x98 ./Drivers/STM32L0xx_HAL_Driver/stm32l0xx_hal_i2c_ex.o
                0x08006a24                HAL_I2CEx_ConfigDigitalFilter
 .text.HAL_I2S_Init
                0x08006abc      0x1e4 ./Drivers/STM32L0xx_HAL_Driver/stm32l0xx_hal_i2s.o
                0x08006abc                HAL_I2S_Init
 .text.HAL_RCC_OscConfig
                0x08006ca0      0x7a8 ./Drivers/STM32L0xx_HAL_Driver/stm32l0xx_hal_rcc.o
                0x08006ca0                HAL_RCC_OscConfig
 .text.HAL_RCC_ClockConfig
                0x08007448      0x290 ./Drivers/STM32L0xx_HAL_Driver/stm32l0xx_hal_rcc.o
                0x08007448                HAL_RCC_ClockConfig
 .text.HAL_RCC_GetSysClockFreq
                0x080076d8      0x14c ./Drivers/STM32L0xx_HAL_Driver/stm32l0xx_hal_rcc.o
                0x080076d8                HAL_RCC_GetSysClockFreq
 .text.HAL_RCC_GetHCLKFreq
                0x08007824       0x14 ./Drivers/STM32L0xx_HAL_Driver/stm32l0xx_hal_rcc.o
                0x08007824                HAL_RCC_GetHCLKFreq
 .text.HAL_RCC_GetPCLK1Freq
                0x08007838       0x2c ./Drivers/STM32L0xx_HAL_Driver/stm32l0xx_hal_rcc.o
                0x08007838                HAL_RCC_GetPCLK1Freq
 .text.HAL_RCC_GetPCLK2Freq
                0x08007864       0x2c ./Drivers/STM32L0xx_HAL_Driver/stm32l0xx_hal_rcc.o
                0x08007864                HAL_RCC_GetPCLK2Freq
 .text.HAL_RCCEx_PeriphCLKConfig
                0x08007890      0x2b8 ./Drivers/STM32L0xx_HAL_Driver/stm32l0xx_hal_rcc_ex.o
                0x08007890                HAL_RCCEx_PeriphCLKConfig
 .text.HAL_UART_Init
                0x08007b48       0xa8 ./Drivers/STM32L0xx_HAL_Driver/stm32l0xx_hal_uart.o
                0x08007b48                HAL_UART_Init
 .text.HAL_UART_Transmit
                0x08007bf0      0x13e ./Drivers/STM32L0xx_HAL_Driver/stm32l0xx_hal_uart.o
                0x08007bf0                HAL_UART_Transmit
 *fill*         0x08007d2e        0x2 
 .text.UART_SetConfig
                0x08007d30      0x53c ./Drivers/STM32L0xx_HAL_Driver/stm32l0xx_hal_uart.o
                0x08007d30                UART_SetConfig
 .text.UART_AdvFeatureConfig
                0x0800826c      0x168 ./Drivers/STM32L0xx_HAL_Driver/stm32l0xx_hal_uart.o
                0x0800826c                UART_AdvFeatureConfig
 .text.UART_CheckIdleState
                0x080083d4      0x150 ./Drivers/STM32L0xx_HAL_Driver/stm32l0xx_hal_uart.o
                0x080083d4                UART_CheckIdleState
 .text.UART_WaitOnFlagUntilTimeout
                0x08008524       0xd2 ./Drivers/STM32L0xx_HAL_Driver/stm32l0xx_hal_uart.o
                0x08008524                UART_WaitOnFlagUntilTimeout
 *fill*         0x080085f6        0x2 
 .text.UART_EndRxTransfer
                0x080085f8       0xc8 ./Drivers/STM32L0xx_HAL_Driver/stm32l0xx_hal_uart.o
 .text.__cvt    0x080086c0       0xcc C:/ST/STM32CubeIDE_1.15.1/STM32CubeIDE/plugins/com.st.stm32cube.ide.mcu.externaltools.gnu-tools-for-stm32.12.3.rel1.win32_1.0.100.202403111256/tools/bin/../lib/gcc/arm-none-eabi/12.3.1/../../../../arm-none-eabi/lib/thumb/v6-m/nofp\libc_nano.a(libc_a-nano-vfprintf_float.o)
                0x080086c0                __cvt
 .text.__exponent
                0x0800878c       0x80 C:/ST/STM32CubeIDE_1.15.1/STM32CubeIDE/plugins/com.st.stm32cube.ide.mcu.externaltools.gnu-tools-for-stm32.12.3.rel1.win32_1.0.100.202403111256/tools/bin/../lib/gcc/arm-none-eabi/12.3.1/../../../../arm-none-eabi/lib/thumb/v6-m/nofp\libc_nano.a(libc_a-nano-vfprintf_float.o)
                0x0800878c                __exponent
 .text._printf_float
                0x0800880c      0x47c C:/ST/STM32CubeIDE_1.15.1/STM32CubeIDE/plugins/com.st.stm32cube.ide.mcu.externaltools.gnu-tools-for-stm32.12.3.rel1.win32_1.0.100.202403111256/tools/bin/../lib/gcc/arm-none-eabi/12.3.1/../../../../arm-none-eabi/lib/thumb/v6-m/nofp\libc_nano.a(libc_a-nano-vfprintf_float.o)
                0x0800880c                _printf_float
 .text._printf_common
                0x08008c88       0xde C:/ST/STM32CubeIDE_1.15.1/STM32CubeIDE/plugins/com.st.stm32cube.ide.mcu.externaltools.gnu-tools-for-stm32.12.3.rel1.win32_1.0.100.202403111256/tools/bin/../lib/gcc/arm-none-eabi/12.3.1/../../../../arm-none-eabi/lib/thumb/v6-m/nofp\libc_nano.a(libc_a-nano-vfprintf_i.o)
                0x08008c88                _printf_common
 *fill*         0x08008d66        0x2 
 .text._printf_i
                0x08008d68      0x21c C:/ST/STM32CubeIDE_1.15.1/STM32CubeIDE/plugins/com.st.stm32cube.ide.mcu.externaltools.gnu-tools-for-stm32.12.3.rel1.win32_1.0.100.202403111256/tools/bin/../lib/gcc/arm-none-eabi/12.3.1/../../../../arm-none-eabi/lib/thumb/v6-m/nofp\libc_nano.a(libc_a-nano-vfprintf_i.o)
                0x08008d68                _printf_i
 .text.std      0x08008f84       0x6c C:/ST/STM32CubeIDE_1.15.1/STM32CubeIDE/plugins/com.st.stm32cube.ide.mcu.externaltools.gnu-tools-for-stm32.12.3.rel1.win32_1.0.100.202403111256/tools/bin/../lib/gcc/arm-none-eabi/12.3.1/../../../../arm-none-eabi/lib/thumb/v6-m/nofp\libc_nano.a(libc_a-findfp.o)
 .text.stdio_exit_handler
                0x08008ff0       0x1c C:/ST/STM32CubeIDE_1.15.1/STM32CubeIDE/plugins/com.st.stm32cube.ide.mcu.externaltools.gnu-tools-for-stm32.12.3.rel1.win32_1.0.100.202403111256/tools/bin/../lib/gcc/arm-none-eabi/12.3.1/../../../../arm-none-eabi/lib/thumb/v6-m/nofp\libc_nano.a(libc_a-findfp.o)
 .text.cleanup_stdio
                0x0800900c       0x3c C:/ST/STM32CubeIDE_1.15.1/STM32CubeIDE/plugins/com.st.stm32cube.ide.mcu.externaltools.gnu-tools-for-stm32.12.3.rel1.win32_1.0.100.202403111256/tools/bin/../lib/gcc/arm-none-eabi/12.3.1/../../../../arm-none-eabi/lib/thumb/v6-m/nofp\libc_nano.a(libc_a-findfp.o)
 .text.global_stdio_init.part.0
                0x08009048       0x3c C:/ST/STM32CubeIDE_1.15.1/STM32CubeIDE/plugins/com.st.stm32cube.ide.mcu.externaltools.gnu-tools-for-stm32.12.3.rel1.win32_1.0.100.202403111256/tools/bin/../lib/gcc/arm-none-eabi/12.3.1/../../../../arm-none-eabi/lib/thumb/v6-m/nofp\libc_nano.a(libc_a-findfp.o)
 .text.__sfp_lock_acquire
                0x08009084       0x10 C:/ST/STM32CubeIDE_1.15.1/STM32CubeIDE/plugins/com.st.stm32cube.ide.mcu.externaltools.gnu-tools-for-stm32.12.3.rel1.win32_1.0.100.202403111256/tools/bin/../lib/gcc/arm-none-eabi/12.3.1/../../../../arm-none-eabi/lib/thumb/v6-m/nofp\libc_nano.a(libc_a-findfp.o)
                0x08009084                __sfp_lock_acquire
 .text.__sfp_lock_release
                0x08009094       0x10 C:/ST/STM32CubeIDE_1.15.1/STM32CubeIDE/plugins/com.st.stm32cube.ide.mcu.externaltools.gnu-tools-for-stm32.12.3.rel1.win32_1.0.100.202403111256/tools/bin/../lib/gcc/arm-none-eabi/12.3.1/../../../../arm-none-eabi/lib/thumb/v6-m/nofp\libc_nano.a(libc_a-findfp.o)
                0x08009094                __sfp_lock_release
 .text.__sinit  0x080090a4       0x30 C:/ST/STM32CubeIDE_1.15.1/STM32CubeIDE/plugins/com.st.stm32cube.ide.mcu.externaltools.gnu-tools-for-stm32.12.3.rel1.win32_1.0.100.202403111256/tools/bin/../lib/gcc/arm-none-eabi/12.3.1/../../../../arm-none-eabi/lib/thumb/v6-m/nofp\libc_nano.a(libc_a-findfp.o)
                0x080090a4                __sinit
 .text._fwalk_sglue
                0x080090d4       0x38 C:/ST/STM32CubeIDE_1.15.1/STM32CubeIDE/plugins/com.st.stm32cube.ide.mcu.externaltools.gnu-tools-for-stm32.12.3.rel1.win32_1.0.100.202403111256/tools/bin/../lib/gcc/arm-none-eabi/12.3.1/../../../../arm-none-eabi/lib/thumb/v6-m/nofp\libc_nano.a(libc_a-fwalk.o)
                0x080090d4                _fwalk_sglue
 .text.printf   0x0800910c       0x20 C:/ST/STM32CubeIDE_1.15.1/STM32CubeIDE/plugins/com.st.stm32cube.ide.mcu.externaltools.gnu-tools-for-stm32.12.3.rel1.win32_1.0.100.202403111256/tools/bin/../lib/gcc/arm-none-eabi/12.3.1/../../../../arm-none-eabi/lib/thumb/v6-m/nofp\libc_nano.a(libc_a-printf.o)
                0x0800910c                iprintf
                0x0800910c                printf
 .text.sprintf  0x0800912c       0x40 C:/ST/STM32CubeIDE_1.15.1/STM32CubeIDE/plugins/com.st.stm32cube.ide.mcu.externaltools.gnu-tools-for-stm32.12.3.rel1.win32_1.0.100.202403111256/tools/bin/../lib/gcc/arm-none-eabi/12.3.1/../../../../arm-none-eabi/lib/thumb/v6-m/nofp\libc_nano.a(libc_a-sprintf.o)
                0x0800912c                siprintf
                0x0800912c                sprintf
 .text.__sread  0x0800916c       0x28 C:/ST/STM32CubeIDE_1.15.1/STM32CubeIDE/plugins/com.st.stm32cube.ide.mcu.externaltools.gnu-tools-for-stm32.12.3.rel1.win32_1.0.100.202403111256/tools/bin/../lib/gcc/arm-none-eabi/12.3.1/../../../../arm-none-eabi/lib/thumb/v6-m/nofp\libc_nano.a(libc_a-stdio.o)
                0x0800916c                __sread
 .text.__swrite
                0x08009194       0x38 C:/ST/STM32CubeIDE_1.15.1/STM32CubeIDE/plugins/com.st.stm32cube.ide.mcu.externaltools.gnu-tools-for-stm32.12.3.rel1.win32_1.0.100.202403111256/tools/bin/../lib/gcc/arm-none-eabi/12.3.1/../../../../arm-none-eabi/lib/thumb/v6-m/nofp\libc_nano.a(libc_a-stdio.o)
                0x08009194                __swrite
 .text.__sseek  0x080091cc       0x2c C:/ST/STM32CubeIDE_1.15.1/STM32CubeIDE/plugins/com.st.stm32cube.ide.mcu.externaltools.gnu-tools-for-stm32.12.3.rel1.win32_1.0.100.202403111256/tools/bin/../lib/gcc/arm-none-eabi/12.3.1/../../../../arm-none-eabi/lib/thumb/v6-m/nofp\libc_nano.a(libc_a-stdio.o)
                0x080091cc                __sseek
 .text.__sclose
                0x080091f8        0xc C:/ST/STM32CubeIDE_1.15.1/STM32CubeIDE/plugins/com.st.stm32cube.ide.mcu.externaltools.gnu-tools-for-stm32.12.3.rel1.win32_1.0.100.202403111256/tools/bin/../lib/gcc/arm-none-eabi/12.3.1/../../../../arm-none-eabi/lib/thumb/v6-m/nofp\libc_nano.a(libc_a-stdio.o)
                0x080091f8                __sclose
 .text._vsnprintf_r
                0x08009204       0x56 C:/ST/STM32CubeIDE_1.15.1/STM32CubeIDE/plugins/com.st.stm32cube.ide.mcu.externaltools.gnu-tools-for-stm32.12.3.rel1.win32_1.0.100.202403111256/tools/bin/../lib/gcc/arm-none-eabi/12.3.1/../../../../arm-none-eabi/lib/thumb/v6-m/nofp\libc_nano.a(libc_a-vsnprintf.o)
                0x08009204                _vsniprintf_r
                0x08009204                _vsnprintf_r
 *fill*         0x0800925a        0x2 
 .text.vsnprintf
                0x0800925c       0x18 C:/ST/STM32CubeIDE_1.15.1/STM32CubeIDE/plugins/com.st.stm32cube.ide.mcu.externaltools.gnu-tools-for-stm32.12.3.rel1.win32_1.0.100.202403111256/tools/bin/../lib/gcc/arm-none-eabi/12.3.1/../../../../arm-none-eabi/lib/thumb/v6-m/nofp\libc_nano.a(libc_a-vsnprintf.o)
                0x0800925c                vsniprintf
                0x0800925c                vsnprintf
 .text.memset   0x08009274       0x10 C:/ST/STM32CubeIDE_1.15.1/STM32CubeIDE/plugins/com.st.stm32cube.ide.mcu.externaltools.gnu-tools-for-stm32.12.3.rel1.win32_1.0.100.202403111256/tools/bin/../lib/gcc/arm-none-eabi/12.3.1/../../../../arm-none-eabi/lib/thumb/v6-m/nofp\libc_nano.a(libc_a-memset.o)
                0x08009274                memset
 .text._localeconv_r
                0x08009284        0x8 C:/ST/STM32CubeIDE_1.15.1/STM32CubeIDE/plugins/com.st.stm32cube.ide.mcu.externaltools.gnu-tools-for-stm32.12.3.rel1.win32_1.0.100.202403111256/tools/bin/../lib/gcc/arm-none-eabi/12.3.1/../../../../arm-none-eabi/lib/thumb/v6-m/nofp\libc_nano.a(libc_a-localeconv.o)
                0x08009284                _localeconv_r
 .text._close_r
                0x0800928c       0x24 C:/ST/STM32CubeIDE_1.15.1/STM32CubeIDE/plugins/com.st.stm32cube.ide.mcu.externaltools.gnu-tools-for-stm32.12.3.rel1.win32_1.0.100.202403111256/tools/bin/../lib/gcc/arm-none-eabi/12.3.1/../../../../arm-none-eabi/lib/thumb/v6-m/nofp\libc_nano.a(libc_a-closer.o)
                0x0800928c                _close_r
 .text._lseek_r
                0x080092b0       0x28 C:/ST/STM32CubeIDE_1.15.1/STM32CubeIDE/plugins/com.st.stm32cube.ide.mcu.externaltools.gnu-tools-for-stm32.12.3.rel1.win32_1.0.100.202403111256/tools/bin/../lib/gcc/arm-none-eabi/12.3.1/../../../../arm-none-eabi/lib/thumb/v6-m/nofp\libc_nano.a(libc_a-lseekr.o)
                0x080092b0                _lseek_r
 .text._read_r  0x080092d8       0x28 C:/ST/STM32CubeIDE_1.15.1/STM32CubeIDE/plugins/com.st.stm32cube.ide.mcu.externaltools.gnu-tools-for-stm32.12.3.rel1.win32_1.0.100.202403111256/tools/bin/../lib/gcc/arm-none-eabi/12.3.1/../../../../arm-none-eabi/lib/thumb/v6-m/nofp\libc_nano.a(libc_a-readr.o)
                0x080092d8                _read_r
 .text._write_r
                0x08009300       0x28 C:/ST/STM32CubeIDE_1.15.1/STM32CubeIDE/plugins/com.st.stm32cube.ide.mcu.externaltools.gnu-tools-for-stm32.12.3.rel1.win32_1.0.100.202403111256/tools/bin/../lib/gcc/arm-none-eabi/12.3.1/../../../../arm-none-eabi/lib/thumb/v6-m/nofp\libc_nano.a(libc_a-writer.o)
                0x08009300                _write_r
 .text.__errno  0x08009328        0xc C:/ST/STM32CubeIDE_1.15.1/STM32CubeIDE/plugins/com.st.stm32cube.ide.mcu.externaltools.gnu-tools-for-stm32.12.3.rel1.win32_1.0.100.202403111256/tools/bin/../lib/gcc/arm-none-eabi/12.3.1/../../../../arm-none-eabi/lib/thumb/v6-m/nofp\libc_nano.a(libc_a-errno.o)
                0x08009328                __errno
 .text.__libc_init_array
                0x08009334       0x48 C:/ST/STM32CubeIDE_1.15.1/STM32CubeIDE/plugins/com.st.stm32cube.ide.mcu.externaltools.gnu-tools-for-stm32.12.3.rel1.win32_1.0.100.202403111256/tools/bin/../lib/gcc/arm-none-eabi/12.3.1/../../../../arm-none-eabi/lib/thumb/v6-m/nofp\libc_nano.a(libc_a-init.o)
                0x08009334                __libc_init_array
 .text.__retarget_lock_init_recursive
                0x0800937c        0x2 C:/ST/STM32CubeIDE_1.15.1/STM32CubeIDE/plugins/com.st.stm32cube.ide.mcu.externaltools.gnu-tools-for-stm32.12.3.rel1.win32_1.0.100.202403111256/tools/bin/../lib/gcc/arm-none-eabi/12.3.1/../../../../arm-none-eabi/lib/thumb/v6-m/nofp\libc_nano.a(libc_a-lock.o)
                0x0800937c                __retarget_lock_init_recursive
 .text.__retarget_lock_acquire_recursive
                0x0800937e        0x2 C:/ST/STM32CubeIDE_1.15.1/STM32CubeIDE/plugins/com.st.stm32cube.ide.mcu.externaltools.gnu-tools-for-stm32.12.3.rel1.win32_1.0.100.202403111256/tools/bin/../lib/gcc/arm-none-eabi/12.3.1/../../../../arm-none-eabi/lib/thumb/v6-m/nofp\libc_nano.a(libc_a-lock.o)
                0x0800937e                __retarget_lock_acquire_recursive
 .text.__retarget_lock_release_recursive
                0x08009380        0x2 C:/ST/STM32CubeIDE_1.15.1/STM32CubeIDE/plugins/com.st.stm32cube.ide.mcu.externaltools.gnu-tools-for-stm32.12.3.rel1.win32_1.0.100.202403111256/tools/bin/../lib/gcc/arm-none-eabi/12.3.1/../../../../arm-none-eabi/lib/thumb/v6-m/nofp\libc_nano.a(libc_a-lock.o)
                0x08009380                __retarget_lock_release_recursive
 .text.memchr   0x08009382       0x16 C:/ST/STM32CubeIDE_1.15.1/STM32CubeIDE/plugins/com.st.stm32cube.ide.mcu.externaltools.gnu-tools-for-stm32.12.3.rel1.win32_1.0.100.202403111256/tools/bin/../lib/gcc/arm-none-eabi/12.3.1/../../../../arm-none-eabi/lib/thumb/v6-m/nofp\libc_nano.a(libc_a-memchr-stub.o)
                0x08009382                memchr
 .text.quorem   0x08009398      0x11c C:/ST/STM32CubeIDE_1.15.1/STM32CubeIDE/plugins/com.st.stm32cube.ide.mcu.externaltools.gnu-tools-for-stm32.12.3.rel1.win32_1.0.100.202403111256/tools/bin/../lib/gcc/arm-none-eabi/12.3.1/../../../../arm-none-eabi/lib/thumb/v6-m/nofp\libc_nano.a(libc_a-dtoa.o)
 .text._dtoa_r  0x080094b4      0xbe8 C:/ST/STM32CubeIDE_1.15.1/STM32CubeIDE/plugins/com.st.stm32cube.ide.mcu.externaltools.gnu-tools-for-stm32.12.3.rel1.win32_1.0.100.202403111256/tools/bin/../lib/gcc/arm-none-eabi/12.3.1/../../../../arm-none-eabi/lib/thumb/v6-m/nofp\libc_nano.a(libc_a-dtoa.o)
                0x080094b4                _dtoa_r
 .text._free_r  0x0800a09c       0x94 C:/ST/STM32CubeIDE_1.15.1/STM32CubeIDE/plugins/com.st.stm32cube.ide.mcu.externaltools.gnu-tools-for-stm32.12.3.rel1.win32_1.0.100.202403111256/tools/bin/../lib/gcc/arm-none-eabi/12.3.1/../../../../arm-none-eabi/lib/thumb/v6-m/nofp\libc_nano.a(libc_a-freer.o)
                0x0800a09c                _free_r
 .text.malloc   0x0800a130       0x14 C:/ST/STM32CubeIDE_1.15.1/STM32CubeIDE/plugins/com.st.stm32cube.ide.mcu.externaltools.gnu-tools-for-stm32.12.3.rel1.win32_1.0.100.202403111256/tools/bin/../lib/gcc/arm-none-eabi/12.3.1/../../../../arm-none-eabi/lib/thumb/v6-m/nofp\libc_nano.a(libc_a-malloc.o)
                0x0800a130                malloc
 .text.sbrk_aligned
                0x0800a144       0x44 C:/ST/STM32CubeIDE_1.15.1/STM32CubeIDE/plugins/com.st.stm32cube.ide.mcu.externaltools.gnu-tools-for-stm32.12.3.rel1.win32_1.0.100.202403111256/tools/bin/../lib/gcc/arm-none-eabi/12.3.1/../../../../arm-none-eabi/lib/thumb/v6-m/nofp\libc_nano.a(libc_a-mallocr.o)
 .text._malloc_r
                0x0800a188      0x100 C:/ST/STM32CubeIDE_1.15.1/STM32CubeIDE/plugins/com.st.stm32cube.ide.mcu.externaltools.gnu-tools-for-stm32.12.3.rel1.win32_1.0.100.202403111256/tools/bin/../lib/gcc/arm-none-eabi/12.3.1/../../../../arm-none-eabi/lib/thumb/v6-m/nofp\libc_nano.a(libc_a-mallocr.o)
                0x0800a188                _malloc_r
 .text.__malloc_lock
                0x0800a288       0x10 C:/ST/STM32CubeIDE_1.15.1/STM32CubeIDE/plugins/com.st.stm32cube.ide.mcu.externaltools.gnu-tools-for-stm32.12.3.rel1.win32_1.0.100.202403111256/tools/bin/../lib/gcc/arm-none-eabi/12.3.1/../../../../arm-none-eabi/lib/thumb/v6-m/nofp\libc_nano.a(libc_a-mlock.o)
                0x0800a288                __malloc_lock
 .text.__malloc_unlock
                0x0800a298       0x10 C:/ST/STM32CubeIDE_1.15.1/STM32CubeIDE/plugins/com.st.stm32cube.ide.mcu.externaltools.gnu-tools-for-stm32.12.3.rel1.win32_1.0.100.202403111256/tools/bin/../lib/gcc/arm-none-eabi/12.3.1/../../../../arm-none-eabi/lib/thumb/v6-m/nofp\libc_nano.a(libc_a-mlock.o)
                0x0800a298                __malloc_unlock
 .text._Balloc  0x0800a2a8       0x88 C:/ST/STM32CubeIDE_1.15.1/STM32CubeIDE/plugins/com.st.stm32cube.ide.mcu.externaltools.gnu-tools-for-stm32.12.3.rel1.win32_1.0.100.202403111256/tools/bin/../lib/gcc/arm-none-eabi/12.3.1/../../../../arm-none-eabi/lib/thumb/v6-m/nofp\libc_nano.a(libc_a-mprec.o)
                0x0800a2a8                _Balloc
 .text._Bfree   0x0800a330       0x48 C:/ST/STM32CubeIDE_1.15.1/STM32CubeIDE/plugins/com.st.stm32cube.ide.mcu.externaltools.gnu-tools-for-stm32.12.3.rel1.win32_1.0.100.202403111256/tools/bin/../lib/gcc/arm-none-eabi/12.3.1/../../../../arm-none-eabi/lib/thumb/v6-m/nofp\libc_nano.a(libc_a-mprec.o)
                0x0800a330                _Bfree
 .text.__multadd
                0x0800a378       0x88 C:/ST/STM32CubeIDE_1.15.1/STM32CubeIDE/plugins/com.st.stm32cube.ide.mcu.externaltools.gnu-tools-for-stm32.12.3.rel1.win32_1.0.100.202403111256/tools/bin/../lib/gcc/arm-none-eabi/12.3.1/../../../../arm-none-eabi/lib/thumb/v6-m/nofp\libc_nano.a(libc_a-mprec.o)
                0x0800a378                __multadd
 .text.__hi0bits
                0x0800a400       0x42 C:/ST/STM32CubeIDE_1.15.1/STM32CubeIDE/plugins/com.st.stm32cube.ide.mcu.externaltools.gnu-tools-for-stm32.12.3.rel1.win32_1.0.100.202403111256/tools/bin/../lib/gcc/arm-none-eabi/12.3.1/../../../../arm-none-eabi/lib/thumb/v6-m/nofp\libc_nano.a(libc_a-mprec.o)
                0x0800a400                __hi0bits
 .text.__lo0bits
                0x0800a442       0x5c C:/ST/STM32CubeIDE_1.15.1/STM32CubeIDE/plugins/com.st.stm32cube.ide.mcu.externaltools.gnu-tools-for-stm32.12.3.rel1.win32_1.0.100.202403111256/tools/bin/../lib/gcc/arm-none-eabi/12.3.1/../../../../arm-none-eabi/lib/thumb/v6-m/nofp\libc_nano.a(libc_a-mprec.o)
                0x0800a442                __lo0bits
 *fill*         0x0800a49e        0x2 
 .text.__i2b    0x0800a4a0       0x30 C:/ST/STM32CubeIDE_1.15.1/STM32CubeIDE/plugins/com.st.stm32cube.ide.mcu.externaltools.gnu-tools-for-stm32.12.3.rel1.win32_1.0.100.202403111256/tools/bin/../lib/gcc/arm-none-eabi/12.3.1/../../../../arm-none-eabi/lib/thumb/v6-m/nofp\libc_nano.a(libc_a-mprec.o)
                0x0800a4a0                __i2b
 .text.__multiply
                0x0800a4d0      0x164 C:/ST/STM32CubeIDE_1.15.1/STM32CubeIDE/plugins/com.st.stm32cube.ide.mcu.externaltools.gnu-tools-for-stm32.12.3.rel1.win32_1.0.100.202403111256/tools/bin/../lib/gcc/arm-none-eabi/12.3.1/../../../../arm-none-eabi/lib/thumb/v6-m/nofp\libc_nano.a(libc_a-mprec.o)
                0x0800a4d0                __multiply
 .text.__pow5mult
                0x0800a634       0xb8 C:/ST/STM32CubeIDE_1.15.1/STM32CubeIDE/plugins/com.st.stm32cube.ide.mcu.externaltools.gnu-tools-for-stm32.12.3.rel1.win32_1.0.100.202403111256/tools/bin/../lib/gcc/arm-none-eabi/12.3.1/../../../../arm-none-eabi/lib/thumb/v6-m/nofp\libc_nano.a(libc_a-mprec.o)
                0x0800a634                __pow5mult
 .text.__lshift
                0x0800a6ec       0xd8 C:/ST/STM32CubeIDE_1.15.1/STM32CubeIDE/plugins/com.st.stm32cube.ide.mcu.externaltools.gnu-tools-for-stm32.12.3.rel1.win32_1.0.100.202403111256/tools/bin/../lib/gcc/arm-none-eabi/12.3.1/../../../../arm-none-eabi/lib/thumb/v6-m/nofp\libc_nano.a(libc_a-mprec.o)
                0x0800a6ec                __lshift
 .text.__mcmp   0x0800a7c4       0x36 C:/ST/STM32CubeIDE_1.15.1/STM32CubeIDE/plugins/com.st.stm32cube.ide.mcu.externaltools.gnu-tools-for-stm32.12.3.rel1.win32_1.0.100.202403111256/tools/bin/../lib/gcc/arm-none-eabi/12.3.1/../../../../arm-none-eabi/lib/thumb/v6-m/nofp\libc_nano.a(libc_a-mprec.o)
                0x0800a7c4                __mcmp
 *fill*         0x0800a7fa        0x2 
 .text.__mdiff  0x0800a7fc      0x134 C:/ST/STM32CubeIDE_1.15.1/STM32CubeIDE/plugins/com.st.stm32cube.ide.mcu.externaltools.gnu-tools-for-stm32.12.3.rel1.win32_1.0.100.202403111256/tools/bin/../lib/gcc/arm-none-eabi/12.3.1/../../../../arm-none-eabi/lib/thumb/v6-m/nofp\libc_nano.a(libc_a-mprec.o)
                0x0800a7fc                __mdiff
 .text.__d2b    0x0800a930       0xc0 C:/ST/STM32CubeIDE_1.15.1/STM32CubeIDE/plugins/com.st.stm32cube.ide.mcu.externaltools.gnu-tools-for-stm32.12.3.rel1.win32_1.0.100.202403111256/tools/bin/../lib/gcc/arm-none-eabi/12.3.1/../../../../arm-none-eabi/lib/thumb/v6-m/nofp\libc_nano.a(libc_a-mprec.o)
                0x0800a930                __d2b
 .text.__ssputs_r
                0x0800a9f0       0xc0 C:/ST/STM32CubeIDE_1.15.1/STM32CubeIDE/plugins/com.st.stm32cube.ide.mcu.externaltools.gnu-tools-for-stm32.12.3.rel1.win32_1.0.100.202403111256/tools/bin/../lib/gcc/arm-none-eabi/12.3.1/../../../../arm-none-eabi/lib/thumb/v6-m/nofp\libc_nano.a(libc_a-nano-svfprintf.o)
                0x0800a9f0                __ssputs_r
 .text._svfprintf_r
                0x0800aab0      0x1fc C:/ST/STM32CubeIDE_1.15.1/STM32CubeIDE/plugins/com.st.stm32cube.ide.mcu.externaltools.gnu-tools-for-stm32.12.3.rel1.win32_1.0.100.202403111256/tools/bin/../lib/gcc/arm-none-eabi/12.3.1/../../../../arm-none-eabi/lib/thumb/v6-m/nofp\libc_nano.a(libc_a-nano-svfprintf.o)
                0x0800aab0                _svfiprintf_r
                0x0800aab0                _svfprintf_r
 .text.__sfputc_r
                0x0800acac       0x2a C:/ST/STM32CubeIDE_1.15.1/STM32CubeIDE/plugins/com.st.stm32cube.ide.mcu.externaltools.gnu-tools-for-stm32.12.3.rel1.win32_1.0.100.202403111256/tools/bin/../lib/gcc/arm-none-eabi/12.3.1/../../../../arm-none-eabi/lib/thumb/v6-m/nofp\libc_nano.a(libc_a-nano-vfprintf.o)
 .text.__sfputs_r
                0x0800acd6       0x24 C:/ST/STM32CubeIDE_1.15.1/STM32CubeIDE/plugins/com.st.stm32cube.ide.mcu.externaltools.gnu-tools-for-stm32.12.3.rel1.win32_1.0.100.202403111256/tools/bin/../lib/gcc/arm-none-eabi/12.3.1/../../../../arm-none-eabi/lib/thumb/v6-m/nofp\libc_nano.a(libc_a-nano-vfprintf.o)
                0x0800acd6                __sfputs_r
 *fill*         0x0800acfa        0x2 
 .text._vfprintf_r
                0x0800acfc      0x238 C:/ST/STM32CubeIDE_1.15.1/STM32CubeIDE/plugins/com.st.stm32cube.ide.mcu.externaltools.gnu-tools-for-stm32.12.3.rel1.win32_1.0.100.202403111256/tools/bin/../lib/gcc/arm-none-eabi/12.3.1/../../../../arm-none-eabi/lib/thumb/v6-m/nofp\libc_nano.a(libc_a-nano-vfprintf.o)
                0x0800acfc                _vfprintf_r
                0x0800acfc                _vfiprintf_r
 .text.__sflush_r
                0x0800af34      0x10c C:/ST/STM32CubeIDE_1.15.1/STM32CubeIDE/plugins/com.st.stm32cube.ide.mcu.externaltools.gnu-tools-for-stm32.12.3.rel1.win32_1.0.100.202403111256/tools/bin/../lib/gcc/arm-none-eabi/12.3.1/../../../../arm-none-eabi/lib/thumb/v6-m/nofp\libc_nano.a(libc_a-fflush.o)
                0x0800af34                __sflush_r
 .text._fflush_r
                0x0800b040       0x56 C:/ST/STM32CubeIDE_1.15.1/STM32CubeIDE/plugins/com.st.stm32cube.ide.mcu.externaltools.gnu-tools-for-stm32.12.3.rel1.win32_1.0.100.202403111256/tools/bin/../lib/gcc/arm-none-eabi/12.3.1/../../../../arm-none-eabi/lib/thumb/v6-m/nofp\libc_nano.a(libc_a-fflush.o)
                0x0800b040                _fflush_r
 .text.__swbuf_r
                0x0800b096       0x84 C:/ST/STM32CubeIDE_1.15.1/STM32CubeIDE/plugins/com.st.stm32cube.ide.mcu.externaltools.gnu-tools-for-stm32.12.3.rel1.win32_1.0.100.202403111256/tools/bin/../lib/gcc/arm-none-eabi/12.3.1/../../../../arm-none-eabi/lib/thumb/v6-m/nofp\libc_nano.a(libc_a-wbuf.o)
                0x0800b096                __swbuf_r
 *fill*         0x0800b11a        0x2 
 .text.__swsetup_r
                0x0800b11c       0xbc C:/ST/STM32CubeIDE_1.15.1/STM32CubeIDE/plugins/com.st.stm32cube.ide.mcu.externaltools.gnu-tools-for-stm32.12.3.rel1.win32_1.0.100.202403111256/tools/bin/../lib/gcc/arm-none-eabi/12.3.1/../../../../arm-none-eabi/lib/thumb/v6-m/nofp\libc_nano.a(libc_a-wsetup.o)
                0x0800b11c                __swsetup_r
 .text.memmove  0x0800b1d8       0x26 C:/ST/STM32CubeIDE_1.15.1/STM32CubeIDE/plugins/com.st.stm32cube.ide.mcu.externaltools.gnu-tools-for-stm32.12.3.rel1.win32_1.0.100.202403111256/tools/bin/../lib/gcc/arm-none-eabi/12.3.1/../../../../arm-none-eabi/lib/thumb/v6-m/nofp\libc_nano.a(libc_a-memmove.o)
                0x0800b1d8                memmove
 *fill*         0x0800b1fe        0x2 
 .text._sbrk_r  0x0800b200       0x24 C:/ST/STM32CubeIDE_1.15.1/STM32CubeIDE/plugins/com.st.stm32cube.ide.mcu.externaltools.gnu-tools-for-stm32.12.3.rel1.win32_1.0.100.202403111256/tools/bin/../lib/gcc/arm-none-eabi/12.3.1/../../../../arm-none-eabi/lib/thumb/v6-m/nofp\libc_nano.a(libc_a-sbrkr.o)
                0x0800b200                _sbrk_r
 .text.memcpy   0x0800b224       0x12 C:/ST/STM32CubeIDE_1.15.1/STM32CubeIDE/plugins/com.st.stm32cube.ide.mcu.externaltools.gnu-tools-for-stm32.12.3.rel1.win32_1.0.100.202403111256/tools/bin/../lib/gcc/arm-none-eabi/12.3.1/../../../../arm-none-eabi/lib/thumb/v6-m/nofp\libc_nano.a(libc_a-memcpy-stub.o)
                0x0800b224                memcpy
 *fill*         0x0800b236        0x2 
 .text.__assert_func
                0x0800b238       0x3c C:/ST/STM32CubeIDE_1.15.1/STM32CubeIDE/plugins/com.st.stm32cube.ide.mcu.externaltools.gnu-tools-for-stm32.12.3.rel1.win32_1.0.100.202403111256/tools/bin/../lib/gcc/arm-none-eabi/12.3.1/../../../../arm-none-eabi/lib/thumb/v6-m/nofp\libc_nano.a(libc_a-assert.o)
                0x0800b238                __assert_func
 .text._calloc_r
                0x0800b274       0x5a C:/ST/STM32CubeIDE_1.15.1/STM32CubeIDE/plugins/com.st.stm32cube.ide.mcu.externaltools.gnu-tools-for-stm32.12.3.rel1.win32_1.0.100.202403111256/tools/bin/../lib/gcc/arm-none-eabi/12.3.1/../../../../arm-none-eabi/lib/thumb/v6-m/nofp\libc_nano.a(libc_a-callocr.o)
                0x0800b274                _calloc_r
 .text.__ascii_mbtowc
                0x0800b2ce       0x24 C:/ST/STM32CubeIDE_1.15.1/STM32CubeIDE/plugins/com.st.stm32cube.ide.mcu.externaltools.gnu-tools-for-stm32.12.3.rel1.win32_1.0.100.202403111256/tools/bin/../lib/gcc/arm-none-eabi/12.3.1/../../../../arm-none-eabi/lib/thumb/v6-m/nofp\libc_nano.a(libc_a-mbtowc_r.o)
                0x0800b2ce                __ascii_mbtowc
 .text._realloc_r
                0x0800b2f2       0x5e C:/ST/STM32CubeIDE_1.15.1/STM32CubeIDE/plugins/com.st.stm32cube.ide.mcu.externaltools.gnu-tools-for-stm32.12.3.rel1.win32_1.0.100.202403111256/tools/bin/../lib/gcc/arm-none-eabi/12.3.1/../../../../arm-none-eabi/lib/thumb/v6-m/nofp\libc_nano.a(libc_a-reallocr.o)
                0x0800b2f2                _realloc_r
 .text.__ascii_wctomb
                0x0800b350       0x1a C:/ST/STM32CubeIDE_1.15.1/STM32CubeIDE/plugins/com.st.stm32cube.ide.mcu.externaltools.gnu-tools-for-stm32.12.3.rel1.win32_1.0.100.202403111256/tools/bin/../lib/gcc/arm-none-eabi/12.3.1/../../../../arm-none-eabi/lib/thumb/v6-m/nofp\libc_nano.a(libc_a-wctomb_r.o)
                0x0800b350                __ascii_wctomb
 *fill*         0x0800b36a        0x2 
 .text.fprintf  0x0800b36c       0x20 C:/ST/STM32CubeIDE_1.15.1/STM32CubeIDE/plugins/com.st.stm32cube.ide.mcu.externaltools.gnu-tools-for-stm32.12.3.rel1.win32_1.0.100.202403111256/tools/bin/../lib/gcc/arm-none-eabi/12.3.1/../../../../arm-none-eabi/lib/thumb/v6-m/nofp\libc_nano.a(libc_a-fprintf.o)
                0x0800b36c                fiprintf
                0x0800b36c                fprintf
 .text.__swhatbuf_r
                0x0800b38c       0x54 C:/ST/STM32CubeIDE_1.15.1/STM32CubeIDE/plugins/com.st.stm32cube.ide.mcu.externaltools.gnu-tools-for-stm32.12.3.rel1.win32_1.0.100.202403111256/tools/bin/../lib/gcc/arm-none-eabi/12.3.1/../../../../arm-none-eabi/lib/thumb/v6-m/nofp\libc_nano.a(libc_a-makebuf.o)
                0x0800b38c                __swhatbuf_r
 .text.__smakebuf_r
                0x0800b3e0       0x82 C:/ST/STM32CubeIDE_1.15.1/STM32CubeIDE/plugins/com.st.stm32cube.ide.mcu.externaltools.gnu-tools-for-stm32.12.3.rel1.win32_1.0.100.202403111256/tools/bin/../lib/gcc/arm-none-eabi/12.3.1/../../../../arm-none-eabi/lib/thumb/v6-m/nofp\libc_nano.a(libc_a-makebuf.o)
                0x0800b3e0                __smakebuf_r
 *fill*         0x0800b462        0x2 
 .text._fstat_r
                0x0800b464       0x24 C:/ST/STM32CubeIDE_1.15.1/STM32CubeIDE/plugins/com.st.stm32cube.ide.mcu.externaltools.gnu-tools-for-stm32.12.3.rel1.win32_1.0.100.202403111256/tools/bin/../lib/gcc/arm-none-eabi/12.3.1/../../../../arm-none-eabi/lib/thumb/v6-m/nofp\libc_nano.a(libc_a-fstatr.o)
                0x0800b464                _fstat_r
 .text._isatty_r
                0x0800b488       0x24 C:/ST/STM32CubeIDE_1.15.1/STM32CubeIDE/plugins/com.st.stm32cube.ide.mcu.externaltools.gnu-tools-for-stm32.12.3.rel1.win32_1.0.100.202403111256/tools/bin/../lib/gcc/arm-none-eabi/12.3.1/../../../../arm-none-eabi/lib/thumb/v6-m/nofp\libc_nano.a(libc_a-isattyr.o)
                0x0800b488                _isatty_r
 .text.abort    0x0800b4ac        0xe C:/ST/STM32CubeIDE_1.15.1/STM32CubeIDE/plugins/com.st.stm32cube.ide.mcu.externaltools.gnu-tools-for-stm32.12.3.rel1.win32_1.0.100.202403111256/tools/bin/../lib/gcc/arm-none-eabi/12.3.1/../../../../arm-none-eabi/lib/thumb/v6-m/nofp\libc_nano.a(libc_a-abort.o)
                0x0800b4ac                abort
 .text._malloc_usable_size_r
                0x0800b4ba       0x10 C:/ST/STM32CubeIDE_1.15.1/STM32CubeIDE/plugins/com.st.stm32cube.ide.mcu.externaltools.gnu-tools-for-stm32.12.3.rel1.win32_1.0.100.202403111256/tools/bin/../lib/gcc/arm-none-eabi/12.3.1/../../../../arm-none-eabi/lib/thumb/v6-m/nofp\libc_nano.a(libc_a-msizer.o)
                0x0800b4ba                _malloc_usable_size_r
 .text._raise_r
                0x0800b4ca       0x52 C:/ST/STM32CubeIDE_1.15.1/STM32CubeIDE/plugins/com.st.stm32cube.ide.mcu.externaltools.gnu-tools-for-stm32.12.3.rel1.win32_1.0.100.202403111256/tools/bin/../lib/gcc/arm-none-eabi/12.3.1/../../../../arm-none-eabi/lib/thumb/v6-m/nofp\libc_nano.a(libc_a-signal.o)
                0x0800b4ca                _raise_r
 .text.raise    0x0800b51c       0x14 C:/ST/STM32CubeIDE_1.15.1/STM32CubeIDE/plugins/com.st.stm32cube.ide.mcu.externaltools.gnu-tools-for-stm32.12.3.rel1.win32_1.0.100.202403111256/tools/bin/../lib/gcc/arm-none-eabi/12.3.1/../../../../arm-none-eabi/lib/thumb/v6-m/nofp\libc_nano.a(libc_a-signal.o)
                0x0800b51c                raise
 .text._kill_r  0x0800b530       0x24 C:/ST/STM32CubeIDE_1.15.1/STM32CubeIDE/plugins/com.st.stm32cube.ide.mcu.externaltools.gnu-tools-for-stm32.12.3.rel1.win32_1.0.100.202403111256/tools/bin/../lib/gcc/arm-none-eabi/12.3.1/../../../../arm-none-eabi/lib/thumb/v6-m/nofp\libc_nano.a(libc_a-signalr.o)
                0x0800b530                _kill_r
 .text._getpid_r
                0x0800b554        0x8 C:/ST/STM32CubeIDE_1.15.1/STM32CubeIDE/plugins/com.st.stm32cube.ide.mcu.externaltools.gnu-tools-for-stm32.12.3.rel1.win32_1.0.100.202403111256/tools/bin/../lib/gcc/arm-none-eabi/12.3.1/../../../../arm-none-eabi/lib/thumb/v6-m/nofp\libc_nano.a(libc_a-signalr.o)
                0x0800b554                _getpid_r
 *(.glue_7)
 .glue_7        0x0800b55c        0x0 linker stubs
 *(.glue_7t)
 .glue_7t       0x0800b55c        0x0 linker stubs
 *(.eh_frame)
 .eh_frame      0x0800b55c        0x0 C:/ST/STM32CubeIDE_1.15.1/STM32CubeIDE/plugins/com.st.stm32cube.ide.mcu.externaltools.gnu-tools-for-stm32.12.3.rel1.win32_1.0.100.202403111256/tools/bin/../lib/gcc/arm-none-eabi/12.3.1/thumb/v6-m/nofp/crtbegin.o
 *(.init)
 .init          0x0800b55c        0x4 C:/ST/STM32CubeIDE_1.15.1/STM32CubeIDE/plugins/com.st.stm32cube.ide.mcu.externaltools.gnu-tools-for-stm32.12.3.rel1.win32_1.0.100.202403111256/tools/bin/../lib/gcc/arm-none-eabi/12.3.1/thumb/v6-m/nofp/crti.o
                0x0800b55c                _init
 .init          0x0800b560        0x8 C:/ST/STM32CubeIDE_1.15.1/STM32CubeIDE/plugins/com.st.stm32cube.ide.mcu.externaltools.gnu-tools-for-stm32.12.3.rel1.win32_1.0.100.202403111256/tools/bin/../lib/gcc/arm-none-eabi/12.3.1/thumb/v6-m/nofp/crtn.o
 *(.fini)
 .fini          0x0800b568        0x4 C:/ST/STM32CubeIDE_1.15.1/STM32CubeIDE/plugins/com.st.stm32cube.ide.mcu.externaltools.gnu-tools-for-stm32.12.3.rel1.win32_1.0.100.202403111256/tools/bin/../lib/gcc/arm-none-eabi/12.3.1/thumb/v6-m/nofp/crti.o
                0x0800b568                _fini
 .fini          0x0800b56c        0x8 C:/ST/STM32CubeIDE_1.15.1/STM32CubeIDE/plugins/com.st.stm32cube.ide.mcu.externaltools.gnu-tools-for-stm32.12.3.rel1.win32_1.0.100.202403111256/tools/bin/../lib/gcc/arm-none-eabi/12.3.1/thumb/v6-m/nofp/crtn.o
                0x0800b574                        . = ALIGN (0x4)
                0x0800b574                        _etext = .

.vfp11_veneer   0x0800b574        0x0
 .vfp11_veneer  0x0800b574        0x0 linker stubs

.v4_bx          0x0800b574        0x0
 .v4_bx         0x0800b574        0x0 linker stubs

.iplt           0x0800b574        0x0
 .iplt          0x0800b574        0x0 C:/ST/STM32CubeIDE_1.15.1/STM32CubeIDE/plugins/com.st.stm32cube.ide.mcu.externaltools.gnu-tools-for-stm32.12.3.rel1.win32_1.0.100.202403111256/tools/bin/../lib/gcc/arm-none-eabi/12.3.1/thumb/v6-m/nofp/crtbegin.o

.rodata         0x0800b578      0x640
                0x0800b578                        . = ALIGN (0x4)
 *(.rodata)
 .rodata        0x0800b578       0x16 ./Core/Src/gadget.o
 *fill*         0x0800b58e        0x2 
 .rodata        0x0800b590       0x36 ./Core/Src/measurement.o
 *fill*         0x0800b5c6        0x2 
 .rodata        0x0800b5c8       0x62 ./Core/Src/sgp41.o
 *fill*         0x0800b62a        0x2 
 .rodata        0x0800b62c       0x15 ./Core/Src/utils.o
 *fill*         0x0800b641        0x3 
 .rodata        0x0800b644      0x156 ./Core/Src/wsenHIDS.o
 *fill*         0x0800b79a        0x2 
 .rodata        0x0800b79c       0x40 C:/ST/STM32CubeIDE_1.15.1/STM32CubeIDE/plugins/com.st.stm32cube.ide.mcu.externaltools.gnu-tools-for-stm32.12.3.rel1.win32_1.0.100.202403111256/tools/bin/../lib/gcc/arm-none-eabi/12.3.1/thumb/v6-m/nofp\libgcc.a(divdf3.o)
 *(.rodata*)
 .rodata.AHBPrescTable
                0x0800b7dc       0x10 ./Core/Src/system_stm32l0xx.o
                0x0800b7dc                AHBPrescTable
 .rodata.APBPrescTable
                0x0800b7ec        0x8 ./Core/Src/system_stm32l0xx.o
                0x0800b7ec                APBPrescTable
 .rodata.PLLMulTable
                0x0800b7f4        0x9 ./Core/Src/system_stm32l0xx.o
                0x0800b7f4                PLLMulTable
 *fill*         0x0800b7fd        0x3 
 .rodata.UART_SetConfig
                0x0800b800       0x48 ./Drivers/STM32L0xx_HAL_Driver/stm32l0xx_hal_uart.o
 .rodata._printf_float.str1.1
                0x0800b848       0x12 C:/ST/STM32CubeIDE_1.15.1/STM32CubeIDE/plugins/com.st.stm32cube.ide.mcu.externaltools.gnu-tools-for-stm32.12.3.rel1.win32_1.0.100.202403111256/tools/bin/../lib/gcc/arm-none-eabi/12.3.1/../../../../arm-none-eabi/lib/thumb/v6-m/nofp\libc_nano.a(libc_a-nano-vfprintf_float.o)
 .rodata._printf_i.str1.1
                0x0800b85a       0x22 C:/ST/STM32CubeIDE_1.15.1/STM32CubeIDE/plugins/com.st.stm32cube.ide.mcu.externaltools.gnu-tools-for-stm32.12.3.rel1.win32_1.0.100.202403111256/tools/bin/../lib/gcc/arm-none-eabi/12.3.1/../../../../arm-none-eabi/lib/thumb/v6-m/nofp\libc_nano.a(libc_a-nano-vfprintf_i.o)
 .rodata._dtoa_r.str1.1
                0x0800b87c       0x8d C:/ST/STM32CubeIDE_1.15.1/STM32CubeIDE/plugins/com.st.stm32cube.ide.mcu.externaltools.gnu-tools-for-stm32.12.3.rel1.win32_1.0.100.202403111256/tools/bin/../lib/gcc/arm-none-eabi/12.3.1/../../../../arm-none-eabi/lib/thumb/v6-m/nofp\libc_nano.a(libc_a-dtoa.o)
                                 0x8f (size before relaxing)
 .rodata._Balloc.str1.1
                0x0800b909       0x59 C:/ST/STM32CubeIDE_1.15.1/STM32CubeIDE/plugins/com.st.stm32cube.ide.mcu.externaltools.gnu-tools-for-stm32.12.3.rel1.win32_1.0.100.202403111256/tools/bin/../lib/gcc/arm-none-eabi/12.3.1/../../../../arm-none-eabi/lib/thumb/v6-m/nofp\libc_nano.a(libc_a-mprec.o)
                                 0x70 (size before relaxing)
 .rodata.__multadd.str1.1
                0x0800b962       0x11 C:/ST/STM32CubeIDE_1.15.1/STM32CubeIDE/plugins/com.st.stm32cube.ide.mcu.externaltools.gnu-tools-for-stm32.12.3.rel1.win32_1.0.100.202403111256/tools/bin/../lib/gcc/arm-none-eabi/12.3.1/../../../../arm-none-eabi/lib/thumb/v6-m/nofp\libc_nano.a(libc_a-mprec.o)
 *fill*         0x0800b962        0x2 
 .rodata.p05.0  0x0800b964        0xc C:/ST/STM32CubeIDE_1.15.1/STM32CubeIDE/plugins/com.st.stm32cube.ide.mcu.externaltools.gnu-tools-for-stm32.12.3.rel1.win32_1.0.100.202403111256/tools/bin/../lib/gcc/arm-none-eabi/12.3.1/../../../../arm-none-eabi/lib/thumb/v6-m/nofp\libc_nano.a(libc_a-mprec.o)
 .rodata.__mprec_bigtens
                0x0800b970       0x28 C:/ST/STM32CubeIDE_1.15.1/STM32CubeIDE/plugins/com.st.stm32cube.ide.mcu.externaltools.gnu-tools-for-stm32.12.3.rel1.win32_1.0.100.202403111256/tools/bin/../lib/gcc/arm-none-eabi/12.3.1/../../../../arm-none-eabi/lib/thumb/v6-m/nofp\libc_nano.a(libc_a-mprec.o)
                0x0800b970                __mprec_bigtens
 .rodata.__mprec_tens
                0x0800b998       0xc8 C:/ST/STM32CubeIDE_1.15.1/STM32CubeIDE/plugins/com.st.stm32cube.ide.mcu.externaltools.gnu-tools-for-stm32.12.3.rel1.win32_1.0.100.202403111256/tools/bin/../lib/gcc/arm-none-eabi/12.3.1/../../../../arm-none-eabi/lib/thumb/v6-m/nofp\libc_nano.a(libc_a-mprec.o)
                0x0800b998                __mprec_tens
 .rodata._svfprintf_r.str1.1
                0x0800ba60       0x11 C:/ST/STM32CubeIDE_1.15.1/STM32CubeIDE/plugins/com.st.stm32cube.ide.mcu.externaltools.gnu-tools-for-stm32.12.3.rel1.win32_1.0.100.202403111256/tools/bin/../lib/gcc/arm-none-eabi/12.3.1/../../../../arm-none-eabi/lib/thumb/v6-m/nofp\libc_nano.a(libc_a-nano-svfprintf.o)
 .rodata._vfprintf_r.str1.1
                0x0800ba71       0x11 C:/ST/STM32CubeIDE_1.15.1/STM32CubeIDE/plugins/com.st.stm32cube.ide.mcu.externaltools.gnu-tools-for-stm32.12.3.rel1.win32_1.0.100.202403111256/tools/bin/../lib/gcc/arm-none-eabi/12.3.1/../../../../arm-none-eabi/lib/thumb/v6-m/nofp\libc_nano.a(libc_a-nano-vfprintf.o)
 .rodata._setlocale_r.str1.1
                0x0800ba71        0x8 C:/ST/STM32CubeIDE_1.15.1/STM32CubeIDE/plugins/com.st.stm32cube.ide.mcu.externaltools.gnu-tools-for-stm32.12.3.rel1.win32_1.0.100.202403111256/tools/bin/../lib/gcc/arm-none-eabi/12.3.1/../../../../arm-none-eabi/lib/thumb/v6-m/nofp\libc_nano.a(libc_a-locale.o)
                                  0x9 (size before relaxing)
 .rodata.str1.1
                0x0800ba79        0x2 C:/ST/STM32CubeIDE_1.15.1/STM32CubeIDE/plugins/com.st.stm32cube.ide.mcu.externaltools.gnu-tools-for-stm32.12.3.rel1.win32_1.0.100.202403111256/tools/bin/../lib/gcc/arm-none-eabi/12.3.1/../../../../arm-none-eabi/lib/thumb/v6-m/nofp\libc_nano.a(libc_a-locale.o)
 .rodata.__assert_func.str1.1
                0x0800ba7b       0x3c C:/ST/STM32CubeIDE_1.15.1/STM32CubeIDE/plugins/com.st.stm32cube.ide.mcu.externaltools.gnu-tools-for-stm32.12.3.rel1.win32_1.0.100.202403111256/tools/bin/../lib/gcc/arm-none-eabi/12.3.1/../../../../arm-none-eabi/lib/thumb/v6-m/nofp\libc_nano.a(libc_a-assert.o)
                                 0x3d (size before relaxing)
 .rodata._ctype_
                0x0800bab7      0x101 C:/ST/STM32CubeIDE_1.15.1/STM32CubeIDE/plugins/com.st.stm32cube.ide.mcu.externaltools.gnu-tools-for-stm32.12.3.rel1.win32_1.0.100.202403111256/tools/bin/../lib/gcc/arm-none-eabi/12.3.1/../../../../arm-none-eabi/lib/thumb/v6-m/nofp\libc_nano.a(libc_a-ctype_.o)
                0x0800bab7                _ctype_
                0x0800bbb8                        . = ALIGN (0x4)

.ARM.extab      0x0800bbb8        0x0
                0x0800bbb8                        . = ALIGN (0x4)
 *(.ARM.extab* .gnu.linkonce.armextab.*)
                0x0800bbb8                        . = ALIGN (0x4)

.ARM            0x0800bbb8        0x8
                0x0800bbb8                        . = ALIGN (0x4)
                0x0800bbb8                        __exidx_start = .
 *(.ARM.exidx*)
 .ARM.exidx     0x0800bbb8        0x8 C:/ST/STM32CubeIDE_1.15.1/STM32CubeIDE/plugins/com.st.stm32cube.ide.mcu.externaltools.gnu-tools-for-stm32.12.3.rel1.win32_1.0.100.202403111256/tools/bin/../lib/gcc/arm-none-eabi/12.3.1/thumb/v6-m/nofp\libgcc.a(_udivmoddi4.o)
                0x0800bbc0                        __exidx_end = .
                0x0800bbc0                        . = ALIGN (0x4)

.preinit_array  0x0800bbc0        0x0
                0x0800bbc0                        . = ALIGN (0x4)
                0x0800bbc0                        PROVIDE (__preinit_array_start = .)
 *(.preinit_array*)
                0x0800bbc0                        PROVIDE (__preinit_array_end = .)
                0x0800bbc0                        . = ALIGN (0x4)

.init_array     0x0800bbc0        0x4
                0x0800bbc0                        . = ALIGN (0x4)
                0x0800bbc0                        PROVIDE (__init_array_start = .)
 *(SORT_BY_NAME(.init_array.*))
 *(.init_array*)
 .init_array    0x0800bbc0        0x4 C:/ST/STM32CubeIDE_1.15.1/STM32CubeIDE/plugins/com.st.stm32cube.ide.mcu.externaltools.gnu-tools-for-stm32.12.3.rel1.win32_1.0.100.202403111256/tools/bin/../lib/gcc/arm-none-eabi/12.3.1/thumb/v6-m/nofp/crtbegin.o
                0x0800bbc4                        PROVIDE (__init_array_end = .)
                0x0800bbc4                        . = ALIGN (0x4)

.fini_array     0x0800bbc4        0x4
                0x0800bbc4                        . = ALIGN (0x4)
                [!provide]                        PROVIDE (__fini_array_start = .)
 *(SORT_BY_NAME(.fini_array.*))
 *(.fini_array*)
 .fini_array    0x0800bbc4        0x4 C:/ST/STM32CubeIDE_1.15.1/STM32CubeIDE/plugins/com.st.stm32cube.ide.mcu.externaltools.gnu-tools-for-stm32.12.3.rel1.win32_1.0.100.202403111256/tools/bin/../lib/gcc/arm-none-eabi/12.3.1/thumb/v6-m/nofp/crtbegin.o
                [!provide]                        PROVIDE (__fini_array_end = .)
                0x0800bbc8                        . = ALIGN (0x4)
                0x0800bbc8                        _sidata = LOADADDR (.data)

.rel.dyn        0x0800bbc8        0x0
 .rel.iplt      0x0800bbc8        0x0 C:/ST/STM32CubeIDE_1.15.1/STM32CubeIDE/plugins/com.st.stm32cube.ide.mcu.externaltools.gnu-tools-for-stm32.12.3.rel1.win32_1.0.100.202403111256/tools/bin/../lib/gcc/arm-none-eabi/12.3.1/thumb/v6-m/nofp/crtbegin.o

.data           0x20000000      0x1f0 load address 0x0800bbc8
                0x20000000                        . = ALIGN (0x4)
                0x20000000                        _sdata = .
 *(.data)
 *(.data*)
 .data.MeasureRawSignalsBuffer
                0x20000000        0x8 ./Core/Src/sgp41.o
 .data.SystemCoreClock
                0x20000008        0x4 ./Core/Src/system_stm32l0xx.o
                0x20000008                SystemCoreClock
 .data.CurrentVerboseLevel
                0x2000000c        0x1 ./Core/Src/utils.o
                0x2000000c                CurrentVerboseLevel
 .data.MeasureMode
                0x2000000d        0x1 ./Core/Src/wsenHIDS.o
                0x2000000d                MeasureMode
 .data.HeaterMode
                0x2000000e        0x1 ./Core/Src/wsenHIDS.o
                0x2000000e                HeaterMode
 *fill*         0x2000000f        0x1 
 .data.HIDSNextRunTime
                0x20000010        0x4 ./Core/Src/wsenHIDS.o
                0x20000010                HIDSNextRunTime
 .data.HIDSInterval_ms
                0x20000014        0x4 ./Core/Src/wsenHIDS.o
                0x20000014                HIDSInterval_ms
 .data.SensorNextRunTime
                0x20000018        0x4 ./Core/Src/wsenHIDS.o
                0x20000018                SensorNextRunTime
 .data.SensorWaitTime_ms
                0x2000001c        0x4 ./Core/Src/wsenHIDS.o
                0x2000001c                SensorWaitTime_ms
 .data.uwTickPrio
                0x20000020        0x4 ./Drivers/STM32L0xx_HAL_Driver/stm32l0xx_hal.o
                0x20000020                uwTickPrio
 .data.uwTickFreq
                0x20000024        0x1 ./Drivers/STM32L0xx_HAL_Driver/stm32l0xx_hal.o
                0x20000024                uwTickFreq
 *fill*         0x20000025        0x3 
 .data.__sglue  0x20000028        0xc C:/ST/STM32CubeIDE_1.15.1/STM32CubeIDE/plugins/com.st.stm32cube.ide.mcu.externaltools.gnu-tools-for-stm32.12.3.rel1.win32_1.0.100.202403111256/tools/bin/../lib/gcc/arm-none-eabi/12.3.1/../../../../arm-none-eabi/lib/thumb/v6-m/nofp\libc_nano.a(libc_a-findfp.o)
                0x20000028                __sglue
 .data._impure_ptr
                0x20000034        0x4 C:/ST/STM32CubeIDE_1.15.1/STM32CubeIDE/plugins/com.st.stm32cube.ide.mcu.externaltools.gnu-tools-for-stm32.12.3.rel1.win32_1.0.100.202403111256/tools/bin/../lib/gcc/arm-none-eabi/12.3.1/../../../../arm-none-eabi/lib/thumb/v6-m/nofp\libc_nano.a(libc_a-impure.o)
                0x20000034                _impure_ptr
 .data._impure_data
                0x20000038       0x4c C:/ST/STM32CubeIDE_1.15.1/STM32CubeIDE/plugins/com.st.stm32cube.ide.mcu.externaltools.gnu-tools-for-stm32.12.3.rel1.win32_1.0.100.202403111256/tools/bin/../lib/gcc/arm-none-eabi/12.3.1/../../../../arm-none-eabi/lib/thumb/v6-m/nofp\libc_nano.a(libc_a-impure.o)
                0x20000038                _impure_data
 .data.__global_locale
                0x20000084      0x16c C:/ST/STM32CubeIDE_1.15.1/STM32CubeIDE/plugins/com.st.stm32cube.ide.mcu.externaltools.gnu-tools-for-stm32.12.3.rel1.win32_1.0.100.202403111256/tools/bin/../lib/gcc/arm-none-eabi/12.3.1/../../../../arm-none-eabi/lib/thumb/v6-m/nofp\libc_nano.a(libc_a-locale.o)
                0x20000084                __global_locale
 *(.RamFunc)
 *(.RamFunc*)
                0x200001f0                        . = ALIGN (0x4)
                0x200001f0                        _edata = .

.igot.plt       0x200001f0        0x0 load address 0x0800bdb8
 .igot.plt      0x200001f0        0x0 C:/ST/STM32CubeIDE_1.15.1/STM32CubeIDE/plugins/com.st.stm32cube.ide.mcu.externaltools.gnu-tools-for-stm32.12.3.rel1.win32_1.0.100.202403111256/tools/bin/../lib/gcc/arm-none-eabi/12.3.1/thumb/v6-m/nofp/crtbegin.o
                0x200001f0                        . = ALIGN (0x4)

.bss            0x200001f0      0x41c load address 0x0800bdb8
                0x200001f0                        _sbss = .
                0x200001f0                        __bss_start__ = _sbss
 *(.bss)
 .bss           0x200001f0       0x1c C:/ST/STM32CubeIDE_1.15.1/STM32CubeIDE/plugins/com.st.stm32cube.ide.mcu.externaltools.gnu-tools-for-stm32.12.3.rel1.win32_1.0.100.202403111256/tools/bin/../lib/gcc/arm-none-eabi/12.3.1/thumb/v6-m/nofp/crtbegin.o
 *(.bss*)
 .bss.SensorI2C
                0x2000020c        0x4 ./Core/Src/I2CSensors.o
 .bss.I2C_Transfer_Complete
                0x20000210        0x1 ./Core/Src/I2CSensors.o
 .bss.I2C_Transfer_Error
                0x20000211        0x1 ./Core/Src/I2CSensors.o
 *fill*         0x20000212        0x2 
 .bss.hi2c1     0x20000214       0x54 ./Core/Src/i2c.o
                0x20000214                hi2c1
 .bss.hdma_i2c1_rx
                0x20000268       0x48 ./Core/Src/i2c.o
                0x20000268                hdma_i2c1_rx
 .bss.hdma_i2c1_tx
                0x200002b0       0x48 ./Core/Src/i2c.o
                0x200002b0                hdma_i2c1_tx
 .bss.hi2s2     0x200002f8       0x3c ./Core/Src/i2s.o
                0x200002f8                hi2s2
 .bss.hdma_spi2_rx
                0x20000334       0x48 ./Core/Src/i2s.o
                0x20000334                hdma_spi2_rx
 .bss.humidity_perc
                0x2000037c        0x4 ./Core/Src/measurement.o
                0x2000037c                humidity_perc
 .bss.temperature
                0x20000380        0x4 ./Core/Src/measurement.o
                0x20000380                temperature
 .bss.MeasurementStarted
                0x20000384        0x1 ./Core/Src/sgp41.o
 *fill*         0x20000385        0x3 
 .bss.ReadFunction
                0x20000388        0x4 ./Core/Src/sgp41.o
 .bss.WriteFunction
                0x2000038c        0x4 ./Core/Src/sgp41.o
 .bss.__sbrk_heap_end
                0x20000390        0x4 ./Core/Src/sysmem.o
 .bss.huart1    0x20000394       0x88 ./Core/Src/usart.o
                0x20000394                huart1
 .bss.huart4    0x2000041c       0x88 ./Core/Src/usart.o
                0x2000041c                huart4
 .bss.ReadFunction
                0x200004a4        0x4 ./Core/Src/wsenHIDS.o
 .bss.WriteFunction
                0x200004a8        0x4 ./Core/Src/wsenHIDS.o
 .bss.SerialBuffer
                0x200004ac        0x6 ./Core/Src/wsenHIDS.o
 *fill*         0x200004b2        0x2 
 .bss.MeasureBuffer
                0x200004b4        0x6 ./Core/Src/wsenHIDS.o
 .bss.MeasurementStarted
                0x200004ba        0x1 ./Core/Src/wsenHIDS.o
 *fill*         0x200004bb        0x1 
 .bss.uwTick    0x200004bc        0x4 ./Drivers/STM32L0xx_HAL_Driver/stm32l0xx_hal.o
                0x200004bc                uwTick
 .bss.__sf      0x200004c0      0x138 C:/ST/STM32CubeIDE_1.15.1/STM32CubeIDE/plugins/com.st.stm32cube.ide.mcu.externaltools.gnu-tools-for-stm32.12.3.rel1.win32_1.0.100.202403111256/tools/bin/../lib/gcc/arm-none-eabi/12.3.1/../../../../arm-none-eabi/lib/thumb/v6-m/nofp\libc_nano.a(libc_a-findfp.o)
                0x200004c0                __sf
 .bss.__stdio_exit_handler
                0x200005f8        0x4 C:/ST/STM32CubeIDE_1.15.1/STM32CubeIDE/plugins/com.st.stm32cube.ide.mcu.externaltools.gnu-tools-for-stm32.12.3.rel1.win32_1.0.100.202403111256/tools/bin/../lib/gcc/arm-none-eabi/12.3.1/../../../../arm-none-eabi/lib/thumb/v6-m/nofp\libc_nano.a(libc_a-findfp.o)
                0x200005f8                __stdio_exit_handler
 .bss.errno     0x200005fc        0x4 C:/ST/STM32CubeIDE_1.15.1/STM32CubeIDE/plugins/com.st.stm32cube.ide.mcu.externaltools.gnu-tools-for-stm32.12.3.rel1.win32_1.0.100.202403111256/tools/bin/../lib/gcc/arm-none-eabi/12.3.1/../../../../arm-none-eabi/lib/thumb/v6-m/nofp\libc_nano.a(libc_a-reent.o)
                0x200005fc                errno
 .bss.__lock___malloc_recursive_mutex
                0x20000600        0x1 C:/ST/STM32CubeIDE_1.15.1/STM32CubeIDE/plugins/com.st.stm32cube.ide.mcu.externaltools.gnu-tools-for-stm32.12.3.rel1.win32_1.0.100.202403111256/tools/bin/../lib/gcc/arm-none-eabi/12.3.1/../../../../arm-none-eabi/lib/thumb/v6-m/nofp\libc_nano.a(libc_a-lock.o)
                0x20000600                __lock___malloc_recursive_mutex
 .bss.__lock___sfp_recursive_mutex
                0x20000601        0x1 C:/ST/STM32CubeIDE_1.15.1/STM32CubeIDE/plugins/com.st.stm32cube.ide.mcu.externaltools.gnu-tools-for-stm32.12.3.rel1.win32_1.0.100.202403111256/tools/bin/../lib/gcc/arm-none-eabi/12.3.1/../../../../arm-none-eabi/lib/thumb/v6-m/nofp\libc_nano.a(libc_a-lock.o)
                0x20000601                __lock___sfp_recursive_mutex
 *fill*         0x20000602        0x2 
 .bss.__malloc_sbrk_start
                0x20000604        0x4 C:/ST/STM32CubeIDE_1.15.1/STM32CubeIDE/plugins/com.st.stm32cube.ide.mcu.externaltools.gnu-tools-for-stm32.12.3.rel1.win32_1.0.100.202403111256/tools/bin/../lib/gcc/arm-none-eabi/12.3.1/../../../../arm-none-eabi/lib/thumb/v6-m/nofp\libc_nano.a(libc_a-mallocr.o)
                0x20000604                __malloc_sbrk_start
 .bss.__malloc_free_list
                0x20000608        0x4 C:/ST/STM32CubeIDE_1.15.1/STM32CubeIDE/plugins/com.st.stm32cube.ide.mcu.externaltools.gnu-tools-for-stm32.12.3.rel1.win32_1.0.100.202403111256/tools/bin/../lib/gcc/arm-none-eabi/12.3.1/../../../../arm-none-eabi/lib/thumb/v6-m/nofp\libc_nano.a(libc_a-mallocr.o)
                0x20000608                __malloc_free_list
 *(COMMON)
                0x2000060c                        . = ALIGN (0x4)
                0x2000060c                        _ebss = .
                0x2000060c                        __bss_end__ = _ebss

._user_heap_stack
                0x2000060c      0x504 load address 0x0800bdb8
                0x20000610                        . = ALIGN (0x8)
 *fill*         0x2000060c        0x4 
                [!provide]                        PROVIDE (end = .)
                0x20000610                        PROVIDE (_end = .)
                0x20000710                        . = (. + _Min_Heap_Size)
 *fill*         0x20000610      0x100 
                0x20000b10                        . = (. + _Min_Stack_Size)
 *fill*         0x20000710      0x400 
                0x20000b10                        . = ALIGN (0x8)

/DISCARD/
 libc.a(*)
 libm.a(*)
 libgcc.a(*)

.ARM.attributes
                0x00000000       0x28
 *(.ARM.attributes)
 .ARM.attributes
                0x00000000       0x1e C:/ST/STM32CubeIDE_1.15.1/STM32CubeIDE/plugins/com.st.stm32cube.ide.mcu.externaltools.gnu-tools-for-stm32.12.3.rel1.win32_1.0.100.202403111256/tools/bin/../lib/gcc/arm-none-eabi/12.3.1/thumb/v6-m/nofp/crti.o
 .ARM.attributes
                0x0000001e       0x2c C:/ST/STM32CubeIDE_1.15.1/STM32CubeIDE/plugins/com.st.stm32cube.ide.mcu.externaltools.gnu-tools-for-stm32.12.3.rel1.win32_1.0.100.202403111256/tools/bin/../lib/gcc/arm-none-eabi/12.3.1/thumb/v6-m/nofp/crtbegin.o
 .ARM.attributes
                0x0000004a       0x2c ./Core/Src/I2CSensors.o
 .ARM.attributes
                0x00000076       0x2c ./Core/Src/dma.o
 .ARM.attributes
                0x000000a2       0x2c ./Core/Src/gadget.o
 .ARM.attributes
                0x000000ce       0x2c ./Core/Src/gasSensor.o
 .ARM.attributes
                0x000000fa       0x2c ./Core/Src/gpio.o
 .ARM.attributes
                0x00000126       0x2c ./Core/Src/humidTemp.o
 .ARM.attributes
                0x00000152       0x2c ./Core/Src/i2c.o
 .ARM.attributes
                0x0000017e       0x2c ./Core/Src/i2s.o
 .ARM.attributes
                0x000001aa       0x2c ./Core/Src/main.o
 .ARM.attributes
                0x000001d6       0x2c ./Core/Src/measurement.o
 .ARM.attributes
                0x00000202       0x2c ./Core/Src/sgp41.o
 .ARM.attributes
                0x0000022e       0x2c ./Core/Src/stm32l0xx_hal_msp.o
 .ARM.attributes
                0x0000025a       0x2c ./Core/Src/stm32l0xx_it.o
 .ARM.attributes
                0x00000286       0x2c ./Core/Src/syscalls.o
 .ARM.attributes
                0x000002b2       0x2c ./Core/Src/sysmem.o
 .ARM.attributes
                0x000002de       0x2c ./Core/Src/system_stm32l0xx.o
 .ARM.attributes
                0x0000030a       0x2c ./Core/Src/usart.o
 .ARM.attributes
                0x00000336       0x2c ./Core/Src/utils.o
 .ARM.attributes
                0x00000362       0x2c ./Core/Src/wsenHIDS.o
 .ARM.attributes
                0x0000038e       0x22 ./Core/Startup/startup_stm32l072rztx.o
 .ARM.attributes
                0x000003b0       0x2c ./Drivers/STM32L0xx_HAL_Driver/stm32l0xx_hal.o
 .ARM.attributes
                0x000003dc       0x2c ./Drivers/STM32L0xx_HAL_Driver/stm32l0xx_hal_cortex.o
 .ARM.attributes
                0x00000408       0x2c ./Drivers/STM32L0xx_HAL_Driver/stm32l0xx_hal_dma.o
 .ARM.attributes
                0x00000434       0x2c ./Drivers/STM32L0xx_HAL_Driver/stm32l0xx_hal_gpio.o
 .ARM.attributes
                0x00000460       0x2c ./Drivers/STM32L0xx_HAL_Driver/stm32l0xx_hal_i2c.o
 .ARM.attributes
                0x0000048c       0x2c ./Drivers/STM32L0xx_HAL_Driver/stm32l0xx_hal_i2c_ex.o
 .ARM.attributes
                0x000004b8       0x2c ./Drivers/STM32L0xx_HAL_Driver/stm32l0xx_hal_i2s.o
 .ARM.attributes
                0x000004e4       0x2c ./Drivers/STM32L0xx_HAL_Driver/stm32l0xx_hal_rcc.o
 .ARM.attributes
                0x00000510       0x2c ./Drivers/STM32L0xx_HAL_Driver/stm32l0xx_hal_rcc_ex.o
 .ARM.attributes
                0x0000053c       0x2c ./Drivers/STM32L0xx_HAL_Driver/stm32l0xx_hal_uart.o
 .ARM.attributes
                0x00000568       0x2c C:/ST/STM32CubeIDE_1.15.1/STM32CubeIDE/plugins/com.st.stm32cube.ide.mcu.externaltools.gnu-tools-for-stm32.12.3.rel1.win32_1.0.100.202403111256/tools/bin/../lib/gcc/arm-none-eabi/12.3.1/../../../../arm-none-eabi/lib/thumb/v6-m/nofp\libc_nano.a(libc_a-nano-vfprintf_float.o)
 .ARM.attributes
                0x00000594       0x2c C:/ST/STM32CubeIDE_1.15.1/STM32CubeIDE/plugins/com.st.stm32cube.ide.mcu.externaltools.gnu-tools-for-stm32.12.3.rel1.win32_1.0.100.202403111256/tools/bin/../lib/gcc/arm-none-eabi/12.3.1/../../../../arm-none-eabi/lib/thumb/v6-m/nofp\libc_nano.a(libc_a-nano-vfprintf_i.o)
 .ARM.attributes
                0x000005c0       0x2c C:/ST/STM32CubeIDE_1.15.1/STM32CubeIDE/plugins/com.st.stm32cube.ide.mcu.externaltools.gnu-tools-for-stm32.12.3.rel1.win32_1.0.100.202403111256/tools/bin/../lib/gcc/arm-none-eabi/12.3.1/../../../../arm-none-eabi/lib/thumb/v6-m/nofp\libc_nano.a(libc_a-findfp.o)
 .ARM.attributes
                0x000005ec       0x2c C:/ST/STM32CubeIDE_1.15.1/STM32CubeIDE/plugins/com.st.stm32cube.ide.mcu.externaltools.gnu-tools-for-stm32.12.3.rel1.win32_1.0.100.202403111256/tools/bin/../lib/gcc/arm-none-eabi/12.3.1/../../../../arm-none-eabi/lib/thumb/v6-m/nofp\libc_nano.a(libc_a-fwalk.o)
 .ARM.attributes
                0x00000618       0x2c C:/ST/STM32CubeIDE_1.15.1/STM32CubeIDE/plugins/com.st.stm32cube.ide.mcu.externaltools.gnu-tools-for-stm32.12.3.rel1.win32_1.0.100.202403111256/tools/bin/../lib/gcc/arm-none-eabi/12.3.1/../../../../arm-none-eabi/lib/thumb/v6-m/nofp\libc_nano.a(libc_a-printf.o)
 .ARM.attributes
                0x00000644       0x2c C:/ST/STM32CubeIDE_1.15.1/STM32CubeIDE/plugins/com.st.stm32cube.ide.mcu.externaltools.gnu-tools-for-stm32.12.3.rel1.win32_1.0.100.202403111256/tools/bin/../lib/gcc/arm-none-eabi/12.3.1/../../../../arm-none-eabi/lib/thumb/v6-m/nofp\libc_nano.a(libc_a-sprintf.o)
 .ARM.attributes
                0x00000670       0x2c C:/ST/STM32CubeIDE_1.15.1/STM32CubeIDE/plugins/com.st.stm32cube.ide.mcu.externaltools.gnu-tools-for-stm32.12.3.rel1.win32_1.0.100.202403111256/tools/bin/../lib/gcc/arm-none-eabi/12.3.1/../../../../arm-none-eabi/lib/thumb/v6-m/nofp\libc_nano.a(libc_a-stdio.o)
 .ARM.attributes
                0x0000069c       0x2c C:/ST/STM32CubeIDE_1.15.1/STM32CubeIDE/plugins/com.st.stm32cube.ide.mcu.externaltools.gnu-tools-for-stm32.12.3.rel1.win32_1.0.100.202403111256/tools/bin/../lib/gcc/arm-none-eabi/12.3.1/../../../../arm-none-eabi/lib/thumb/v6-m/nofp\libc_nano.a(libc_a-vsnprintf.o)
 .ARM.attributes