Archive member included to satisfy reference by file (symbol)

C:/ST/STM32CubeIDE_1.16.0/STM32CubeIDE/plugins/com.st.stm32cube.ide.mcu.externaltools.gnu-tools-for-stm32.12.3.rel1.win32_1.0.200.202406191623/tools/bin/../lib/gcc/arm-none-eabi/12.3.1/../../../../arm-none-eabi/lib/thumb/v6-m/nofp\libc_nano.a(libc_a-exit.o)
                              C:/ST/STM32CubeIDE_1.16.0/STM32CubeIDE/plugins/com.st.stm32cube.ide.mcu.externaltools.gnu-tools-for-stm32.12.3.rel1.win32_1.0.200.202406191623/tools/bin/../lib/gcc/arm-none-eabi/12.3.1/../../../../arm-none-eabi/lib/thumb/v6-m/nofp/crt0.o (exit)
C:/ST/STM32CubeIDE_1.16.0/STM32CubeIDE/plugins/com.st.stm32cube.ide.mcu.externaltools.gnu-tools-for-stm32.12.3.rel1.win32_1.0.200.202406191623/tools/bin/../lib/gcc/arm-none-eabi/12.3.1/../../../../arm-none-eabi/lib/thumb/v6-m/nofp\libc_nano.a(libc_a-nano-vfprintf_float.o)
                              (_printf_float)
C:/ST/STM32CubeIDE_1.16.0/STM32CubeIDE/plugins/com.st.stm32cube.ide.mcu.externaltools.gnu-tools-for-stm32.12.3.rel1.win32_1.0.200.202406191623/tools/bin/../lib/gcc/arm-none-eabi/12.3.1/../../../../arm-none-eabi/lib/thumb/v6-m/nofp\libc_nano.a(libc_a-nano-vfprintf_i.o)
                              C:/ST/STM32CubeIDE_1.16.0/STM32CubeIDE/plugins/com.st.stm32cube.ide.mcu.externaltools.gnu-tools-for-stm32.12.3.rel1.win32_1.0.200.202406191623/tools/bin/../lib/gcc/arm-none-eabi/12.3.1/../../../../arm-none-eabi/lib/thumb/v6-m/nofp\libc_nano.a(libc_a-nano-vfprintf_float.o) (_printf_common)
C:/ST/STM32CubeIDE_1.16.0/STM32CubeIDE/plugins/com.st.stm32cube.ide.mcu.externaltools.gnu-tools-for-stm32.12.3.rel1.win32_1.0.200.202406191623/tools/bin/../lib/gcc/arm-none-eabi/12.3.1/../../../../arm-none-eabi/lib/thumb/v6-m/nofp\libc_nano.a(libc_a-findfp.o)
                              C:/ST/STM32CubeIDE_1.16.0/STM32CubeIDE/plugins/com.st.stm32cube.ide.mcu.externaltools.gnu-tools-for-stm32.12.3.rel1.win32_1.0.200.202406191623/tools/bin/../lib/gcc/arm-none-eabi/12.3.1/../../../../arm-none-eabi/lib/thumb/v6-m/nofp\libc_nano.a(libc_a-exit.o) (__stdio_exit_handler)
C:/ST/STM32CubeIDE_1.16.0/STM32CubeIDE/plugins/com.st.stm32cube.ide.mcu.externaltools.gnu-tools-for-stm32.12.3.rel1.win32_1.0.200.202406191623/tools/bin/../lib/gcc/arm-none-eabi/12.3.1/../../../../arm-none-eabi/lib/thumb/v6-m/nofp\libc_nano.a(libc_a-fwalk.o)
                              C:/ST/STM32CubeIDE_1.16.0/STM32CubeIDE/plugins/com.st.stm32cube.ide.mcu.externaltools.gnu-tools-for-stm32.12.3.rel1.win32_1.0.200.202406191623/tools/bin/../lib/gcc/arm-none-eabi/12.3.1/../../../../arm-none-eabi/lib/thumb/v6-m/nofp\libc_nano.a(libc_a-findfp.o) (_fwalk_sglue)
C:/ST/STM32CubeIDE_1.16.0/STM32CubeIDE/plugins/com.st.stm32cube.ide.mcu.externaltools.gnu-tools-for-stm32.12.3.rel1.win32_1.0.200.202406191623/tools/bin/../lib/gcc/arm-none-eabi/12.3.1/../../../../arm-none-eabi/lib/thumb/v6-m/nofp\libc_nano.a(libc_a-printf.o)
                              ./Core/Src/utils.o (printf)
C:/ST/STM32CubeIDE_1.16.0/STM32CubeIDE/plugins/com.st.stm32cube.ide.mcu.externaltools.gnu-tools-for-stm32.12.3.rel1.win32_1.0.200.202406191623/tools/bin/../lib/gcc/arm-none-eabi/12.3.1/../../../../arm-none-eabi/lib/thumb/v6-m/nofp\libc_nano.a(libc_a-sprintf.o)
                              ./Core/Src/ESP.o (sprintf)
C:/ST/STM32CubeIDE_1.16.0/STM32CubeIDE/plugins/com.st.stm32cube.ide.mcu.externaltools.gnu-tools-for-stm32.12.3.rel1.win32_1.0.200.202406191623/tools/bin/../lib/gcc/arm-none-eabi/12.3.1/../../../../arm-none-eabi/lib/thumb/v6-m/nofp\libc_nano.a(libc_a-stdio.o)
                              C:/ST/STM32CubeIDE_1.16.0/STM32CubeIDE/plugins/com.st.stm32cube.ide.mcu.externaltools.gnu-tools-for-stm32.12.3.rel1.win32_1.0.200.202406191623/tools/bin/../lib/gcc/arm-none-eabi/12.3.1/../../../../arm-none-eabi/lib/thumb/v6-m/nofp\libc_nano.a(libc_a-findfp.o) (__sread)
C:/ST/STM32CubeIDE_1.16.0/STM32CubeIDE/plugins/com.st.stm32cube.ide.mcu.externaltools.gnu-tools-for-stm32.12.3.rel1.win32_1.0.200.202406191623/tools/bin/../lib/gcc/arm-none-eabi/12.3.1/../../../../arm-none-eabi/lib/thumb/v6-m/nofp\libc_nano.a(libc_a-vsnprintf.o)
                              ./Core/Src/utils.o (vsnprintf)
C:/ST/STM32CubeIDE_1.16.0/STM32CubeIDE/plugins/com.st.stm32cube.ide.mcu.externaltools.gnu-tools-for-stm32.12.3.rel1.win32_1.0.200.202406191623/tools/bin/../lib/gcc/arm-none-eabi/12.3.1/../../../../arm-none-eabi/lib/thumb/v6-m/nofp\libc_nano.a(libc_a-memset.o)
                              C:/ST/STM32CubeIDE_1.16.0/STM32CubeIDE/plugins/com.st.stm32cube.ide.mcu.externaltools.gnu-tools-for-stm32.12.3.rel1.win32_1.0.200.202406191623/tools/bin/../lib/gcc/arm-none-eabi/12.3.1/../../../../arm-none-eabi/lib/thumb/v6-m/nofp/crt0.o (memset)
C:/ST/STM32CubeIDE_1.16.0/STM32CubeIDE/plugins/com.st.stm32cube.ide.mcu.externaltools.gnu-tools-for-stm32.12.3.rel1.win32_1.0.200.202406191623/tools/bin/../lib/gcc/arm-none-eabi/12.3.1/../../../../arm-none-eabi/lib/thumb/v6-m/nofp\libc_nano.a(libc_a-strncpy.o)
[...]
Memory Configuration

Name             Origin             Length             Attributes
RAM              0x20000000         0x00005000         xrw
FLASH            0x08000000         0x00030000         xr
*default*        0x00000000         0xffffffff

Linker script and memory map

LOAD C:/ST/STM32CubeIDE_1.16.0/STM32CubeIDE/plugins/com.st.stm32cube.ide.mcu.externaltools.gnu-tools-for-stm32.12.3.rel1.win32_1.0.200.202406191623/tools/bin/../lib/gcc/arm-none-eabi/12.3.1/thumb/v6-m/nofp/crti.o
LOAD C:/ST/STM32CubeIDE_1.16.0/STM32CubeIDE/plugins/com.st.stm32cube.ide.mcu.externaltools.gnu-tools-for-stm32.12.3.rel1.win32_1.0.200.202406191623/tools/bin/../lib/gcc/arm-none-eabi/12.3.1/thumb/v6-m/nofp/crtbegin.o
LOAD C:/ST/STM32CubeIDE_1.16.0/STM32CubeIDE/plugins/com.st.stm32cube.ide.mcu.externaltools.gnu-tools-for-stm32.12.3.rel1.win32_1.0.200.202406191623/tools/bin/../lib/gcc/arm-none-eabi/12.3.1/../../../../arm-none-eabi/lib/thumb/v6-m/nofp/crt0.o
LOAD ./Core/Src/ESP.o
LOAD ./Core/Src/I2CSensors.o
LOAD ./Core/Src/dma.o
LOAD ./Core/Src/gadget.o
LOAD ./Core/Src/gasSensor.o
LOAD ./Core/Src/gpio.o
LOAD ./Core/Src/humidTemp.o
LOAD ./Core/Src/i2c.o
LOAD ./Core/Src/i2s.o
LOAD ./Core/Src/main.o
LOAD ./Core/Src/measurement.o
LOAD ./Core/Src/microphone.o
LOAD ./Core/Src/sensirion_gas_index_algorithm.o
LOAD ./Core/Src/sgp40.o
LOAD ./Core/Src/stm32l0xx_hal_msp.o
LOAD ./Core/Src/stm32l0xx_it.o
LOAD ./Core/Src/syscalls.o
LOAD ./Core/Src/sysmem.o
LOAD ./Core/Src/system_stm32l0xx.o
LOAD ./Core/Src/tim.o
LOAD ./Core/Src/usart.o
LOAD ./Core/Src/usb.o
LOAD ./Core/Src/utils.o
LOAD ./Core/Src/wsenHIDS.o
LOAD ./Core/Startup/startup_stm32l072rztx.o
LOAD ./Drivers/STM32L0xx_HAL_Driver/stm32l0xx_hal.o
LOAD ./Drivers/STM32L0xx_HAL_Driver/stm32l0xx_hal_cortex.o
LOAD ./Drivers/STM32L0xx_HAL_Driver/stm32l0xx_hal_dma.o
LOAD ./Drivers/STM32L0xx_HAL_Driver/stm32l0xx_hal_exti.o
LOAD ./Drivers/STM32L0xx_HAL_Driver/stm32l0xx_hal_flash.o
LOAD ./Drivers/STM32L0xx_HAL_Driver/stm32l0xx_hal_flash_ex.o
LOAD ./Drivers/STM32L0xx_HAL_Driver/stm32l0xx_hal_flash_ramfunc.o
LOAD ./Drivers/STM32L0xx_HAL_Driver/stm32l0xx_hal_gpio.o
LOAD ./Drivers/STM32L0xx_HAL_Driver/stm32l0xx_hal_i2c.o
LOAD ./Drivers/STM32L0xx_HAL_Driver/stm32l0xx_hal_i2c_ex.o
LOAD ./Drivers/STM32L0xx_HAL_Driver/stm32l0xx_hal_i2s.o
LOAD ./Drivers/STM32L0xx_HAL_Driver/stm32l0xx_hal_pcd.o
LOAD ./Drivers/STM32L0xx_HAL_Driver/stm32l0xx_hal_pcd_ex.o
LOAD ./Drivers/STM32L0xx_HAL_Driver/stm32l0xx_hal_pwr.o
LOAD ./Drivers/STM32L0xx_HAL_Driver/stm32l0xx_hal_pwr_ex.o
LOAD ./Drivers/STM32L0xx_HAL_Driver/stm32l0xx_hal_rcc.o
LOAD ./Drivers/STM32L0xx_HAL_Driver/stm32l0xx_hal_rcc_ex.o
LOAD ./Drivers/STM32L0xx_HAL_Driver/stm32l0xx_hal_tim.o
LOAD ./Drivers/STM32L0xx_HAL_Driver/stm32l0xx_hal_tim_ex.o
LOAD ./Drivers/STM32L0xx_HAL_Driver/stm32l0xx_hal_uart.o
LOAD ./Drivers/STM32L0xx_HAL_Driver/stm32l0xx_hal_uart_ex.o
LOAD ./Drivers/STM32L0xx_HAL_Driver/stm32l0xx_ll_usb.o
START GROUP
LOAD C:/ST/STM32CubeIDE_1.16.0/STM32CubeIDE/plugins/com.st.stm32cube.ide.mcu.externaltools.gnu-tools-for-stm32.12.3.rel1.win32_1.0.200.202406191623/tools/bin/../lib/gcc/arm-none-eabi/12.3.1/../../../../arm-none-eabi/lib/thumb/v6-m/nofp\libc_nano.a
LOAD C:/ST/STM32CubeIDE_1.16.0/STM32CubeIDE/plugins/com.st.stm32cube.ide.mcu.externaltools.gnu-tools-for-stm32.12.3.rel1.win32_1.0.200.202406191623/tools/bin/../lib/gcc/arm-none-eabi/12.3.1/../../../../arm-none-eabi/lib/thumb/v6-m/nofp\libm.a
END GROUP
START GROUP
LOAD C:/ST/STM32CubeIDE_1.16.0/STM32CubeIDE/plugins/com.st.stm32cube.ide.mcu.externaltools.gnu-tools-for-stm32.12.3.rel1.win32_1.0.200.202406191623/tools/bin/../lib/gcc/arm-none-eabi/12.3.1/thumb/v6-m/nofp\libgcc.a
LOAD C:/ST/STM32CubeIDE_1.16.0/STM32CubeIDE/plugins/com.st.stm32cube.ide.mcu.externaltools.gnu-tools-for-stm32.12.3.rel1.win32_1.0.200.202406191623/tools/bin/../lib/gcc/arm-none-eabi/12.3.1/../../../../arm-none-eabi/lib/thumb/v6-m/nofp\libc_nano.a
END GROUP
START GROUP
LOAD C:/ST/STM32CubeIDE_1.16.0/STM32CubeIDE/plugins/com.st.stm32cube.ide.mcu.externaltools.gnu-tools-for-stm32.12.3.rel1.win32_1.0.200.202406191623/tools/bin/../lib/gcc/arm-none-eabi/12.3.1/thumb/v6-m/nofp\libgcc.a
LOAD C:/ST/STM32CubeIDE_1.16.0/STM32CubeIDE/plugins/com.st.stm32cube.ide.mcu.externaltools.gnu-tools-for-stm32.12.3.rel1.win32_1.0.200.202406191623/tools/bin/../lib/gcc/arm-none-eabi/12.3.1/../../../../arm-none-eabi/lib/thumb/v6-m/nofp\libc_nano.a
LOAD C:/ST/STM32CubeIDE_1.16.0/STM32CubeIDE/plugins/com.st.stm32cube.ide.mcu.externaltools.gnu-tools-for-stm32.12.3.rel1.win32_1.0.200.202406191623/tools/bin/../lib/gcc/arm-none-eabi/12.3.1/../../../../arm-none-eabi/lib/thumb/v6-m/nofp\libnosys.a
END GROUP
START GROUP
LOAD C:/ST/STM32CubeIDE_1.16.0/STM32CubeIDE/plugins/com.st.stm32cube.ide.mcu.externaltools.gnu-tools-for-stm32.12.3.rel1.win32_1.0.200.202406191623/tools/bin/../lib/gcc/arm-none-eabi/12.3.1/thumb/v6-m/nofp\libgcc.a
LOAD C:/ST/STM32CubeIDE_1.16.0/STM32CubeIDE/plugins/com.st.stm32cube.ide.mcu.externaltools.gnu-tools-for-stm32.12.3.rel1.win32_1.0.200.202406191623/tools/bin/../lib/gcc/arm-none-eabi/12.3.1/../../../../arm-none-eabi/lib/thumb/v6-m/nofp\libc_nano.a
LOAD C:/ST/STM32CubeIDE_1.16.0/STM32CubeIDE/plugins/com.st.stm32cube.ide.mcu.externaltools.gnu-tools-for-stm32.12.3.rel1.win32_1.0.200.202406191623/tools/bin/../lib/gcc/arm-none-eabi/12.3.1/../../../../arm-none-eabi/lib/thumb/v6-m/nofp\libnosys.a
END GROUP
LOAD C:/ST/STM32CubeIDE_1.16.0/STM32CubeIDE/plugins/com.st.stm32cube.ide.mcu.externaltools.gnu-tools-for-stm32.12.3.rel1.win32_1.0.200.202406191623/tools/bin/../lib/gcc/arm-none-eabi/12.3.1/thumb/v6-m/nofp/crtend.o
LOAD C:/ST/STM32CubeIDE_1.16.0/STM32CubeIDE/plugins/com.st.stm32cube.ide.mcu.externaltools.gnu-tools-for-stm32.12.3.rel1.win32_1.0.200.202406191623/tools/bin/../lib/gcc/arm-none-eabi/12.3.1/thumb/v6-m/nofp/crtn.o
                0x20005000                        _estack = (ORIGIN (RAM) + LENGTH (RAM))
                0x00000100                        _Min_Heap_Size = 0x100
                0x00000400                        _Min_Stack_Size = 0x400

.isr_vector     0x08000000       0xc0
                0x08000000                        . = ALIGN (0x4)
 *(.isr_vector)
 .isr_vector    0x08000000       0xc0 ./Core/Startup/startup_stm32l072rztx.o
                0x08000000                g_pfnVectors
                0x080000c0                        . = ALIGN (0x4)

.text           0x080000c0    0x11954
                0x080000c0                        . = ALIGN (0x4)
 *(.text)
 .text          0x080000c0       0x48 C:/ST/STM32CubeIDE_1.16.0/STM32CubeIDE/plugins/com.st.stm32cube.ide.mcu.externaltools.gnu-tools-for-stm32.12.3.rel1.win32_1.0.200.202406191623/tools/bin/../lib/gcc/arm-none-eabi/12.3.1/thumb/v6-m/nofp/crtbegin.o
 .text          0x08000108        0xe C:/ST/STM32CubeIDE_1.16.0/STM32CubeIDE/plugins/com.st.stm32cube.ide.mcu.externaltools.gnu-tools-for-stm32.12.3.rel1.win32_1.0.200.202406191623/tools/bin/../lib/gcc/arm-none-eabi/12.3.1/../../../../arm-none-eabi/lib/thumb/v6-m/nofp\libc_nano.a(libc_a-strlen.o)
                0x08000108                strlen
 *fill*         0x08000116        0x2 
 .text          0x08000118       0x14 C:/ST/STM32CubeIDE_1.16.0/STM32CubeIDE/plugins/com.st.stm32cube.ide.mcu.externaltools.gnu-tools-for-stm32.12.3.rel1.win32_1.0.200.202406191623/tools/bin/../lib/gcc/arm-none-eabi/12.3.1/thumb/v6-m/nofp\libgcc.a(_thumb1_case_uqi.o)
                0x08000118                __gnu_thumb1_case_uqi
 .text          0x0800012c       0x14 C:/ST/STM32CubeIDE_1.16.0/STM32CubeIDE/plugins/com.st.stm32cube.ide.mcu.externaltools.gnu-tools-for-stm32.12.3.rel1.win32_1.0.200.202406191623/tools/bin/../lib/gcc/arm-none-eabi/12.3.1/thumb/v6-m/nofp\libgcc.a(_thumb1_case_shi.o)
                0x0800012c                __gnu_thumb1_case_shi
 .text          0x08000140      0x114 C:/ST/STM32CubeIDE_1.16.0/STM32CubeIDE/plugins/com.st.stm32cube.ide.mcu.externaltools.gnu-tools-for-stm32.12.3.rel1.win32_1.0.200.202406191623/tools/bin/../lib/gcc/arm-none-eabi/12.3.1/thumb/v6-m/nofp\libgcc.a(_udivsi3.o)
                0x08000140                __aeabi_uidiv
                0x08000140                __udivsi3
                0x0800024c                __aeabi_uidivmod
 .text          0x08000254      0x1d4 C:/ST/STM32CubeIDE_1.16.0/STM32CubeIDE/plugins/com.st.stm32cube.ide.mcu.externaltools.gnu-tools-for-stm32.12.3.rel1.win32_1.0.200.202406191623/tools/bin/../lib/gcc/arm-none-eabi/12.3.1/thumb/v6-m/nofp\libgcc.a(_divsi3.o)
                0x08000254                __divsi3
                0x08000254                __aeabi_idiv
                0x08000420                __aeabi_idivmod
 .text          0x08000428        0x4 C:/ST/STM32CubeIDE_1.16.0/STM32CubeIDE/plugins/com.st.stm32cube.ide.mcu.externaltools.gnu-tools-for-stm32.12.3.rel1.win32_1.0.200.202406191623/tools/bin/../lib/gcc/arm-none-eabi/12.3.1/thumb/v6-m/nofp\libgcc.a(_dvmd_tls.o)
                0x08000428                __aeabi_idiv0
                0x08000428                __aeabi_ldiv0
 .text          0x0800042c       0x7c C:/ST/STM32CubeIDE_1.16.0/STM32CubeIDE/plugins/com.st.stm32cube.ide.mcu.externaltools.gnu-tools-for-stm32.12.3.rel1.win32_1.0.200.202406191623/tools/bin/../lib/gcc/arm-none-eabi/12.3.1/thumb/v6-m/nofp\libgcc.a(_arm_cmpdf2.o)
                0x0800042c                __aeabi_cdrcmple
                0x0800043c                __aeabi_cdcmple
                0x0800043c                __aeabi_cdcmpeq
                0x0800044c                __aeabi_dcmpeq
                0x08000458                __aeabi_dcmplt
                0x0800046c                __aeabi_dcmple
                0x08000480                __aeabi_dcmpgt
                0x08000494                __aeabi_dcmpge
 .text          0x080004a8       0x74 C:/ST/STM32CubeIDE_1.16.0/STM32CubeIDE/plugins/com.st.stm32cube.ide.mcu.externaltools.gnu-tools-for-stm32.12.3.rel1.win32_1.0.200.202406191623/tools/bin/../lib/gcc/arm-none-eabi/12.3.1/thumb/v6-m/nofp\libgcc.a(_arm_cmpsf2.o)
                0x080004a8                __aeabi_cfrcmple
                0x080004b0                __aeabi_cfcmpeq
                0x080004b0                __aeabi_cfcmple
                0x080004c0                __aeabi_fcmpeq
                0x080004cc                __aeabi_fcmplt
                0x080004e0                __aeabi_fcmple
                0x080004f4                __aeabi_fcmpgt
                0x08000508                __aeabi_fcmpge
 .text          0x0800051c       0x40 C:/ST/STM32CubeIDE_1.16.0/STM32CubeIDE/plugins/com.st.stm32cube.ide.mcu.externaltools.gnu-tools-for-stm32.12.3.rel1.win32_1.0.200.202406191623/tools/bin/../lib/gcc/arm-none-eabi/12.3.1/thumb/v6-m/nofp\libgcc.a(_aeabi_uldivmod.o)
                0x0800051c                __aeabi_uldivmod
 .text          0x0800055c       0x5c C:/ST/STM32CubeIDE_1.16.0/STM32CubeIDE/plugins/com.st.stm32cube.ide.mcu.externaltools.gnu-tools-for-stm32.12.3.rel1.win32_1.0.200.202406191623/tools/bin/../lib/gcc/arm-none-eabi/12.3.1/thumb/v6-m/nofp\libgcc.a(_muldi3.o)
                0x0800055c                __muldi3
                0x0800055c                __aeabi_lmul
 .text          0x080005b8       0x30 C:/ST/STM32CubeIDE_1.16.0/STM32CubeIDE/plugins/com.st.stm32cube.ide.mcu.externaltools.gnu-tools-for-stm32.12.3.rel1.win32_1.0.200.202406191623/tools/bin/../lib/gcc/arm-none-eabi/12.3.1/thumb/v6-m/nofp\libgcc.a(_fixunssfsi.o)
                0x080005b8                __fixunssfsi
                0x080005b8                __aeabi_f2uiz
 .text          0x080005e8       0x3c C:/ST/STM32CubeIDE_1.16.0/STM32CubeIDE/plugins/com.st.stm32cube.ide.mcu.externaltools.gnu-tools-for-stm32.12.3.rel1.win32_1.0.200.202406191623/tools/bin/../lib/gcc/arm-none-eabi/12.3.1/thumb/v6-m/nofp\libgcc.a(_fixunsdfsi.o)
                0x080005e8                __aeabi_d2uiz
                0x080005e8                __fixunsdfsi
 .text          0x08000624      0x198 C:/ST/STM32CubeIDE_1.16.0/STM32CubeIDE/plugins/com.st.stm32cube.ide.mcu.externaltools.gnu-tools-for-stm32.12.3.rel1.win32_1.0.200.202406191623/tools/bin/../lib/gcc/arm-none-eabi/12.3.1/thumb/v6-m/nofp\libgcc.a(_udivmoddi4.o)
                0x08000624                __udivmoddi4
 .text          0x080007bc      0x314 C:/ST/STM32CubeIDE_1.16.0/STM32CubeIDE/plugins/com.st.stm32cube.ide.mcu.externaltools.gnu-tools-for-stm32.12.3.rel1.win32_1.0.200.202406191623/tools/bin/../lib/gcc/arm-none-eabi/12.3.1/thumb/v6-m/nofp\libgcc.a(addsf3.o)
                0x080007bc                __aeabi_fadd
 .text          0x08000ad0      0x240 C:/ST/STM32CubeIDE_1.16.0/STM32CubeIDE/plugins/com.st.stm32cube.ide.mcu.externaltools.gnu-tools-for-stm32.12.3.rel1.win32_1.0.200.202406191623/tools/bin/../lib/gcc/arm-none-eabi/12.3.1/thumb/v6-m/nofp\libgcc.a(divsf3.o)
                0x08000ad0                __aeabi_fdiv
 .text          0x08000d10       0x50 C:/ST/STM32CubeIDE_1.16.0/STM32CubeIDE/plugins/com.st.stm32cube.ide.mcu.externaltools.gnu-tools-for-stm32.12.3.rel1.win32_1.0.200.202406191623/tools/bin/../lib/gcc/arm-none-eabi/12.3.1/thumb/v6-m/nofp\libgcc.a(eqsf2.o)
                0x08000d10                __eqsf2
                0x08000d10                __nesf2
 .text          0x08000d60       0xa0 C:/ST/STM32CubeIDE_1.16.0/STM32CubeIDE/plugins/com.st.stm32cube.ide.mcu.externaltools.gnu-tools-for-stm32.12.3.rel1.win32_1.0.200.202406191623/tools/bin/../lib/gcc/arm-none-eabi/12.3.1/thumb/v6-m/nofp\libgcc.a(gesf2.o)
                0x08000d60                __gesf2
                0x08000d60                __gtsf2
 .text          0x08000e00       0x9c C:/ST/STM32CubeIDE_1.16.0/STM32CubeIDE/plugins/com.st.stm32cube.ide.mcu.externaltools.gnu-tools-for-stm32.12.3.rel1.win32_1.0.200.202406191623/tools/bin/../lib/gcc/arm-none-eabi/12.3.1/thumb/v6-m/nofp\libgcc.a(lesf2.o)
                0x08000e00                __ltsf2
                0x08000e00                __lesf2
 .text          0x08000e9c      0x27c C:/ST/STM32CubeIDE_1.16.0/STM32CubeIDE/plugins/com.st.stm32cube.ide.mcu.externaltools.gnu-tools-for-stm32.12.3.rel1.win32_1.0.200.202406191623/tools/bin/../lib/gcc/arm-none-eabi/12.3.1/thumb/v6-m/nofp\libgcc.a(mulsf3.o)
                0x08000e9c                __aeabi_fmul
 .text          0x08001118      0x348 C:/ST/STM32CubeIDE_1.16.0/STM32CubeIDE/plugins/com.st.stm32cube.ide.mcu.externaltools.gnu-tools-for-stm32.12.3.rel1.win32_1.0.200.202406191623/tools/bin/../lib/gcc/arm-none-eabi/12.3.1/thumb/v6-m/nofp\libgcc.a(subsf3.o)
                0x08001118                __aeabi_fsub
 .text          0x08001460       0x2c C:/ST/STM32CubeIDE_1.16.0/STM32CubeIDE/plugins/com.st.stm32cube.ide.mcu.externaltools.gnu-tools-for-stm32.12.3.rel1.win32_1.0.200.202406191623/tools/bin/../lib/gcc/arm-none-eabi/12.3.1/thumb/v6-m/nofp\libgcc.a(unordsf2.o)
                0x08001460                __aeabi_fcmpun
 .text          0x0800148c       0x40 C:/ST/STM32CubeIDE_1.16.0/STM32CubeIDE/plugins/com.st.stm32cube.ide.mcu.externaltools.gnu-tools-for-stm32.12.3.rel1.win32_1.0.200.202406191623/tools/bin/../lib/gcc/arm-none-eabi/12.3.1/thumb/v6-m/nofp\libgcc.a(fixsfsi.o)
                0x0800148c                __aeabi_f2iz
 .text          0x080014cc       0x98 C:/ST/STM32CubeIDE_1.16.0/STM32CubeIDE/plugins/com.st.stm32cube.ide.mcu.externaltools.gnu-tools-for-stm32.12.3.rel1.win32_1.0.200.202406191623/tools/bin/../lib/gcc/arm-none-eabi/12.3.1/thumb/v6-m/nofp\libgcc.a(floatsisf.o)
                0x080014cc                __aeabi_i2f
 .text          0x08001564       0x84 C:/ST/STM32CubeIDE_1.16.0/STM32CubeIDE/plugins/com.st.stm32cube.ide.mcu.externaltools.gnu-tools-for-stm32.12.3.rel1.win32_1.0.200.202406191623/tools/bin/../lib/gcc/arm-none-eabi/12.3.1/thumb/v6-m/nofp\libgcc.a(floatunsisf.o)
                0x08001564                __aeabi_ui2f
 .text          0x080015e8      0x6c8 C:/ST/STM32CubeIDE_1.16.0/STM32CubeIDE/plugins/com.st.stm32cube.ide.mcu.externaltools.gnu-tools-for-stm32.12.3.rel1.win32_1.0.200.202406191623/tools/bin/../lib/gcc/arm-none-eabi/12.3.1/thumb/v6-m/nofp\libgcc.a(adddf3.o)
                0x080015e8                __aeabi_dadd
 .text          0x08001cb0      0x634 C:/ST/STM32CubeIDE_1.16.0/STM32CubeIDE/plugins/com.st.stm32cube.ide.mcu.externaltools.gnu-tools-for-stm32.12.3.rel1.win32_1.0.200.202406191623/tools/bin/../lib/gcc/arm-none-eabi/12.3.1/thumb/v6-m/nofp\libgcc.a(divdf3.o)
                0x08001cb0                __aeabi_ddiv
 .text          0x080022e4       0x88 C:/ST/STM32CubeIDE_1.16.0/STM32CubeIDE/plugins/com.st.stm32cube.ide.mcu.externaltools.gnu-tools-for-stm32.12.3.rel1.win32_1.0.200.202406191623/tools/bin/../lib/gcc/arm-none-eabi/12.3.1/thumb/v6-m/nofp\libgcc.a(eqdf2.o)
                0x080022e4                __nedf2
                0x080022e4                __eqdf2
 .text          0x0800236c       0xe8 C:/ST/STM32CubeIDE_1.16.0/STM32CubeIDE/plugins/com.st.stm32cube.ide.mcu.externaltools.gnu-tools-for-stm32.12.3.rel1.win32_1.0.200.202406191623/tools/bin/../lib/gcc/arm-none-eabi/12.3.1/thumb/v6-m/nofp\libgcc.a(gedf2.o)
                0x0800236c                __gedf2
                0x0800236c                __gtdf2
 .text          0x08002454       0xe4 C:/ST/STM32CubeIDE_1.16.0/STM32CubeIDE/plugins/com.st.stm32cube.ide.mcu.externaltools.gnu-tools-for-stm32.12.3.rel1.win32_1.0.200.202406191623/tools/bin/../lib/gcc/arm-none-eabi/12.3.1/thumb/v6-m/nofp\libgcc.a(ledf2.o)
                0x08002454                __ledf2
                0x08002454                __ltdf2
 .text          0x08002538      0x590 C:/ST/STM32CubeIDE_1.16.0/STM32CubeIDE/plugins/com.st.stm32cube.ide.mcu.externaltools.gnu-tools-for-stm32.12.3.rel1.win32_1.0.200.202406191623/tools/bin/../lib/gcc/arm-none-eabi/12.3.1/thumb/v6-m/nofp\libgcc.a(muldf3.o)
                0x08002538                __aeabi_dmul
 .text          0x08002ac8      0x738 C:/ST/STM32CubeIDE_1.16.0/STM32CubeIDE/plugins/com.st.stm32cube.ide.mcu.externaltools.gnu-tools-for-stm32.12.3.rel1.win32_1.0.200.202406191623/tools/bin/../lib/gcc/arm-none-eabi/12.3.1/thumb/v6-m/nofp\libgcc.a(subdf3.o)
                0x08002ac8                __aeabi_dsub
 .text          0x08003200       0x44 C:/ST/STM32CubeIDE_1.16.0/STM32CubeIDE/plugins/com.st.stm32cube.ide.mcu.externaltools.gnu-tools-for-stm32.12.3.rel1.win32_1.0.200.202406191623/tools/bin/../lib/gcc/arm-none-eabi/12.3.1/thumb/v6-m/nofp\libgcc.a(unorddf2.o)
                0x08003200                __aeabi_dcmpun
 .text          0x08003244       0x78 C:/ST/STM32CubeIDE_1.16.0/STM32CubeIDE/plugins/com.st.stm32cube.ide.mcu.externaltools.gnu-tools-for-stm32.12.3.rel1.win32_1.0.200.202406191623/tools/bin/../lib/gcc/arm-none-eabi/12.3.1/thumb/v6-m/nofp\libgcc.a(fixdfsi.o)
                0x08003244                __aeabi_d2iz
 .text          0x080032bc       0x5c C:/ST/STM32CubeIDE_1.16.0/STM32CubeIDE/plugins/com.st.stm32cube.ide.mcu.externaltools.gnu-tools-for-stm32.12.3.rel1.win32_1.0.200.202406191623/tools/bin/../lib/gcc/arm-none-eabi/12.3.1/thumb/v6-m/nofp\libgcc.a(floatsidf.o)
                0x080032bc                __aeabi_i2d
 .text          0x08003318       0x48 C:/ST/STM32CubeIDE_1.16.0/STM32CubeIDE/plugins/com.st.stm32cube.ide.mcu.externaltools.gnu-tools-for-stm32.12.3.rel1.win32_1.0.200.202406191623/tools/bin/../lib/gcc/arm-none-eabi/12.3.1/thumb/v6-m/nofp\libgcc.a(floatunsidf.o)
                0x08003318                __aeabi_ui2d
 .text          0x08003360       0x90 C:/ST/STM32CubeIDE_1.16.0/STM32CubeIDE/plugins/com.st.stm32cube.ide.mcu.externaltools.gnu-tools-for-stm32.12.3.rel1.win32_1.0.200.202406191623/tools/bin/../lib/gcc/arm-none-eabi/12.3.1/thumb/v6-m/nofp\libgcc.a(extendsfdf2.o)
                0x08003360                __aeabi_f2d
 .text          0x080033f0      0x108 C:/ST/STM32CubeIDE_1.16.0/STM32CubeIDE/plugins/com.st.stm32cube.ide.mcu.externaltools.gnu-tools-for-stm32.12.3.rel1.win32_1.0.200.202406191623/tools/bin/../lib/gcc/arm-none-eabi/12.3.1/thumb/v6-m/nofp\libgcc.a(truncdfsf2.o)
                0x080033f0                __aeabi_d2f
 .text          0x080034f8       0x3c C:/ST/STM32CubeIDE_1.16.0/STM32CubeIDE/plugins/com.st.stm32cube.ide.mcu.externaltools.gnu-tools-for-stm32.12.3.rel1.win32_1.0.200.202406191623/tools/bin/../lib/gcc/arm-none-eabi/12.3.1/thumb/v6-m/nofp\libgcc.a(_clzsi2.o)
                0x080034f8                __clzsi2
 .text          0x08003534       0x18 C:/ST/STM32CubeIDE_1.16.0/STM32CubeIDE/plugins/com.st.stm32cube.ide.mcu.externaltools.gnu-tools-for-stm32.12.3.rel1.win32_1.0.200.202406191623/tools/bin/../lib/gcc/arm-none-eabi/12.3.1/thumb/v6-m/nofp\libgcc.a(_clzdi2.o)
                0x08003534                __clzdi2
 *(.text*)
 .text.ESP_Init
                0x0800354c       0x24 ./Core/Src/ESP.o
                0x0800354c                ESP_Init
 .text.ESP_Send
                0x08003570       0x54 ./Core/Src/ESP.o
 .text.ESP_Receive
                0x080035c4       0x68 ./Core/Src/ESP.o
 .text.HAL_UART_RxCpltCallback
                0x0800362c       0x3c ./Core/Src/ESP.o
                0x0800362c                HAL_UART_RxCpltCallback
 .text.HAL_UART_ErrorCallback
                0x08003668       0x28 ./Core/Src/ESP.o
                0x08003668                HAL_UART_ErrorCallback
 .text.CreateMessage
                0x08003690      0x108 ./Core/Src/ESP.o
                0x08003690                CreateMessage
 .text.SetCommandBuffer
                0x08003798       0x2c ./Core/Src/ESP.o
                0x08003798                SetCommandBuffer
 .text.ParseBuffer
                0x080037c4      0x238 ./Core/Src/ESP.o
                0x080037c4                ParseBuffer
 .text.PollAwake
                0x080039fc       0x40 ./Core/Src/ESP.o
                0x080039fc                PollAwake
 .text.RFPower  0x08003a3c       0x40 ./Core/Src/ESP.o
                0x08003a3c                RFPower
 .text.CheckRFPower
                0x08003a7c       0x40 ./Core/Src/ESP.o
                0x08003a7c                CheckRFPower
 .text.ATRestore
                0x08003abc       0x40 ./Core/Src/ESP.o
                0x08003abc                ATRestore
 .text.CWINIT   0x08003afc       0x40 ./Core/Src/ESP.o
                0x08003afc                CWINIT
 .text.CWMODE1  0x08003b3c       0x40 ./Core/Src/ESP.o
                0x08003b3c                CWMODE1
 .text.CWAUTOCONN
                0x08003b7c       0x40 ./Core/Src/ESP.o
                0x08003b7c                CWAUTOCONN
 .text.CWJAP    0x08003bbc       0xe4 ./Core/Src/ESP.o
                0x08003bbc                CWJAP
 .text.CWMODE3  0x08003ca0       0x40 ./Core/Src/ESP.o
                0x08003ca0                CWMODE3
 .text.CWSAP    0x08003ce0       0x40 ./Core/Src/ESP.o
                0x08003ce0                CWSAP
 .text.CIPMUX   0x08003d20       0x40 ./Core/Src/ESP.o
                0x08003d20                CIPMUX
 .text.WEBSERVER
                0x08003d60       0x40 ./Core/Src/ESP.o
                0x08003d60                WEBSERVER
 .text.HTTPCPOST
                0x08003da0      0x138 ./Core/Src/ESP.o
                0x08003da0                HTTPCPOST
 .text.SENDDATA
                0x08003ed8      0x140 ./Core/Src/ESP.o
                0x08003ed8                SENDDATA
 .text.DMA_ProcessBuffer
                0x08004018      0x160 ./Core/Src/ESP.o
                0x08004018                DMA_ProcessBuffer
 .text.ATCompare
                0x08004178       0x6c ./Core/Src/ESP.o
                0x08004178                ATCompare
 .text.AT_Send  0x080041e4      0x2a4 ./Core/Src/ESP.o
                0x080041e4                AT_Send
 .text.ESP_Upkeep
                0x08004488      0x1dc ./Core/Src/ESP.o
                0x08004488                ESP_Upkeep
 .text.I2CSensors_Init
                0x08004664       0x3c ./Core/Src/I2CSensors.o
                0x08004664                I2CSensors_Init
 .text.ReadI2C  0x080046a0       0x54 ./Core/Src/I2CSensors.o
 .text.WriteI2C
                0x080046f4       0x54 ./Core/Src/I2CSensors.o
 .text.MX_DMA_Init
                0x08004748       0x4c ./Core/Src/dma.o
                0x08004748                MX_DMA_Init
 .text.Gadget_Init
                0x08004794       0x48 ./Core/Src/gadget.o
                0x08004794                Gadget_Init
 .text.UpkeepGadget
                0x080047dc        0xe ./Core/Src/gadget.o
                0x080047dc                UpkeepGadget
 .text.Gas_Init
                0x080047ea       0x1e ./Core/Src/gasSensor.o
                0x080047ea                Gas_Init
 .text.Gas_StartMeasurement
                0x08004808        0xe ./Core/Src/gasSensor.o
                0x08004808                Gas_StartMeasurement
 .text.Gas_GetMeasurementValues
                0x08004816       0x1a ./Core/Src/gasSensor.o
                0x08004816                Gas_GetMeasurementValues
 .text.Gas_DeviceConnected
                0x08004830       0x10 ./Core/Src/gasSensor.o
                0x08004830                Gas_DeviceConnected
 .text.MX_GPIO_Init
                0x08004840      0x1fc ./Core/Src/gpio.o
                0x08004840                MX_GPIO_Init
 .text.GPIO_InitPWMLEDs
                0x08004a3c       0x9c ./Core/Src/gpio.o
                0x08004a3c                GPIO_InitPWMLEDs
 .text.HT_Init  0x08004ad8       0x1e ./Core/Src/humidTemp.o
                0x08004ad8                HT_Init
 .text.HT_StartMeasurement
                0x08004af6        0xe ./Core/Src/humidTemp.o
                0x08004af6                HT_StartMeasurement
 .text.HT_GetMeasurementValues
                0x08004b04       0x20 ./Core/Src/humidTemp.o
                0x08004b04                HT_GetMeasurementValues
 .text.HT_DeviceConnected
                0x08004b24       0x10 ./Core/Src/humidTemp.o
                0x08004b24                HT_DeviceConnected
 .text.MX_I2C1_Init
                0x08004b34       0x80 ./Core/Src/i2c.o
                0x08004b34                MX_I2C1_Init
 .text.MX_I2C2_Init
                0x08004bb4       0x80 ./Core/Src/i2c.o
                0x08004bb4                MX_I2C2_Init
 .text.HAL_I2C_MspInit
                0x08004c34      0x1b4 ./Core/Src/i2c.o
                0x08004c34                HAL_I2C_MspInit
 .text.MX_I2S2_Init
                0x08004de8       0x50 ./Core/Src/i2s.o
                0x08004de8                MX_I2S2_Init
 .text.HAL_I2S_MspInit
                0x08004e38       0xe8 ./Core/Src/i2s.o
                0x08004e38                HAL_I2S_MspInit
 .text.HAL_I2S_MspDeInit
                0x08004f20       0x50 ./Core/Src/i2s.o
                0x08004f20                HAL_I2S_MspDeInit
 .text.main     0x08004f70       0x88 ./Core/Src/main.o
                0x08004f70                main
 .text.SystemClock_Config
                0x08004ff8       0xe4 ./Core/Src/main.o
                0x08004ff8                SystemClock_Config
 .text.Error_Handler
                0x080050dc        0xc ./Core/Src/main.o
                0x080050dc                Error_Handler
 .text.HT_StartMeasurementWrapper
                0x080050e8        0xe ./Core/Src/measurement.o
 *fill*         0x080050f6        0x2 
 .text.HT_IsMeasurementDoneWrapper
                0x080050f8       0x20 ./Core/Src/measurement.o
 .text.VOC_StartMeasurementWrapper
                0x08005118        0xe ./Core/Src/measurement.o
 *fill*         0x08005126        0x2 
 .text.VOC_IsMeasurementDoneWrapper
                0x08005128       0x18 ./Core/Src/measurement.o
 .text.PM_StartMeasurementWrapper
                0x08005140        0xa ./Core/Src/measurement.o
 .text.PM_IsMeasurementDoneWrapper
                0x0800514a        0xc ./Core/Src/measurement.o
 .text.MIC_StartMeasurementWrapper
                0x08005156       0x16 ./Core/Src/measurement.o
 .text.MIC_IsMeasurementDoneWrapper
                0x0800516c       0x10 ./Core/Src/measurement.o
 .text.Meas_Init
                0x0800517c      0x274 ./Core/Src/measurement.o
                0x0800517c                Meas_Init
 .text.StartMeasurements
                0x080053f0       0x50 ./Core/Src/measurement.o
                0x080053f0                StartMeasurements
 .text.ResetMeasurements
                0x08005440       0x38 ./Core/Src/measurement.o
                0x08005440                ResetMeasurements
 .text.MeasurementsCompleted
                0x08005478       0x70 ./Core/Src/measurement.o
                0x08005478                MeasurementsCompleted
 .text.Meas_Upkeep
                0x080054e8       0xd0 ./Core/Src/measurement.o
                0x080054e8                Meas_Upkeep
 .text.Meas_SetEnabledSensors
                0x080055b8       0x9c ./Core/Src/measurement.o
                0x080055b8                Meas_SetEnabledSensors
 .text.MIC_Init
                0x08005654      0x148 ./Core/Src/microphone.o
                0x08005654                MIC_Init
 .text.UpdateSampleRate
                0x0800579c       0x40 ./Core/Src/microphone.o
 .text.ConvertAudio
                0x080057dc       0x2a ./Core/Src/microphone.o
 *fill*         0x08005806        0x2 
 .text.MIC_Start
                0x08005808       0xb0 ./Core/Src/microphone.o
                0x08005808                MIC_Start
 .text.MIC_Print
                0x080058b8       0x68 ./Core/Src/microphone.o
                0x080058b8                MIC_Print
 .text.MIC_MeasurementDone
                0x08005920       0x40 ./Core/Src/microphone.o
                0x08005920                MIC_MeasurementDone
 .text.HAL_I2S_RxCpltCallback
                0x08005960       0x5c ./Core/Src/microphone.o
                0x08005960                HAL_I2S_RxCpltCallback
 .text.GasIndexAlgorithm_init_with_sampling_interval
                0x080059bc       0xcc ./Core/Src/sensirion_gas_index_algorithm.o
                0x080059bc                GasIndexAlgorithm_init_with_sampling_interval
 .text.GasIndexAlgorithm_init
                0x08005a88       0x20 ./Core/Src/sensirion_gas_index_algorithm.o
                0x08005a88                GasIndexAlgorithm_init
 .text.GasIndexAlgorithm_reset
                0x08005aa8       0x2a ./Core/Src/sensirion_gas_index_algorithm.o
                0x08005aa8                GasIndexAlgorithm_reset
 *fill*         0x08005ad2        0x2 
 .text.GasIndexAlgorithm__init_instances
                0x08005ad4       0x78 ./Core/Src/sensirion_gas_index_algorithm.o
 .text.GasIndexAlgorithm_process
                0x08005b4c      0x168 ./Core/Src/sensirion_gas_index_algorithm.o
                0x08005b4c                GasIndexAlgorithm_process
 .text.GasIndexAlgorithm__mean_variance_estimator__set_parameters
                0x08005cb4      0x184 ./Core/Src/sensirion_gas_index_algorithm.o
 .text.GasIndexAlgorithm__mean_variance_estimator__get_std
                0x08005e38       0x14 ./Core/Src/sensirion_gas_index_algorithm.o
 .text.GasIndexAlgorithm__mean_variance_estimator__get_mean
                0x08005e4c       0x22 ./Core/Src/sensirion_gas_index_algorithm.o
 .text.GasIndexAlgorithm__mean_variance_estimator__is_initialized
                0x08005e6e       0x16 ./Core/Src/sensirion_gas_index_algorithm.o
 .text.GasIndexAlgorithm__mean_variance_estimator___calculate_gamma
                0x08005e84      0x280 ./Core/Src/sensirion_gas_index_algorithm.o
 .text.GasIndexAlgorithm__mean_variance_estimator__process
                0x08006104      0x1d8 ./Core/Src/sensirion_gas_index_algorithm.o
 .text.GasIndexAlgorithm__mean_variance_estimator___sigmoid__set_parameters
                0x080062dc       0x20 ./Core/Src/sensirion_gas_index_algorithm.o
 .text.GasIndexAlgorithm__mean_variance_estimator___sigmoid__process
                0x080062fc       0x7c ./Core/Src/sensirion_gas_index_algorithm.o
 .text.GasIndexAlgorithm__mox_model__set_parameters
                0x08006378       0x20 ./Core/Src/sensirion_gas_index_algorithm.o
 .text.GasIndexAlgorithm__mox_model__process
                0x08006398       0x8c ./Core/Src/sensirion_gas_index_algorithm.o
 .text.GasIndexAlgorithm__sigmoid_scaled__set_parameters
                0x08006424       0x2e ./Core/Src/sensirion_gas_index_algorithm.o
 *fill*         0x08006452        0x2 
 .text.GasIndexAlgorithm__sigmoid_scaled__process
                0x08006454      0x144 ./Core/Src/sensirion_gas_index_algorithm.o
 .text.GasIndexAlgorithm__adaptive_lowpass__set_parameters
                0x08006598       0x68 ./Core/Src/sensirion_gas_index_algorithm.o
 .text.GasIndexAlgorithm__adaptive_lowpass__process
                0x08006600      0x190 ./Core/Src/sensirion_gas_index_algorithm.o
 .text.ReadRegister
                0x08006790       0x3c ./Core/Src/sgp40.o
 .text.WriteRegister
                0x080067cc       0x3c ./Core/Src/sgp40.o
 .text.SGP_Init
                0x08006808       0x34 ./Core/Src/sgp40.o
                0x08006808                SGP_Init
 .text.SGP_StartMeasurement
                0x0800683c       0x70 ./Core/Src/sgp40.o
                0x0800683c                SGP_StartMeasurement
 .text.SGP_HeatedUp
                0x080068ac       0x1c ./Core/Src/sgp40.o
 .text.SGP_MeasurementReady
                0x080068c8       0x1c ./Core/Src/sgp40.o
 .text.SGP_MeasurementDone
                0x080068e4       0x1c ./Core/Src/sgp40.o
 .text.SGP_TurnHeaterOff
                0x08006900       0x1c ./Core/Src/sgp40.o
                0x08006900                SGP_TurnHeaterOff
 .text.SGP_GetMeasurementValues
                0x0800691c      0x444 ./Core/Src/sgp40.o
                0x0800691c                SGP_GetMeasurementValues
 .text.SGP_DeviceConnected
                0x08006d60       0x80 ./Core/Src/sgp40.o
                0x08006d60                SGP_DeviceConnected
 .text.CheckCRC
                0x08006de0      0x194 ./Core/Src/sgp40.o
 .text.CalculateCRC
                0x08006f74       0xac ./Core/Src/sgp40.o
 .text.SGP_GetHT
                0x08007020      0x108 ./Core/Src/sgp40.o
                0x08007020                SGP_GetHT
 .text.HAL_MspInit
                0x08007128       0x28 ./Core/Src/stm32l0xx_hal_msp.o
                0x08007128                HAL_MspInit
 .text.NMI_Handler
                0x08007150        0x8 ./Core/Src/stm32l0xx_it.o
                0x08007150                NMI_Handler
 .text.HardFault_Handler
                0x08007158        0x8 ./Core/Src/stm32l0xx_it.o
                0x08007158                HardFault_Handler
 .text.SVC_Handler
                0x08007160        0xa ./Core/Src/stm32l0xx_it.o
                0x08007160                SVC_Handler
 .text.PendSV_Handler
                0x0800716a        0xa ./Core/Src/stm32l0xx_it.o
                0x0800716a                PendSV_Handler
 .text.SysTick_Handler
                0x08007174        0xe ./Core/Src/stm32l0xx_it.o
                0x08007174                SysTick_Handler
 *fill*         0x08007182        0x2 
 .text.DMA1_Channel2_3_IRQHandler
                0x08007184       0x24 ./Core/Src/stm32l0xx_it.o
                0x08007184                DMA1_Channel2_3_IRQHandler
 .text.DMA1_Channel4_5_6_7_IRQHandler
                0x080071a8       0x30 ./Core/Src/stm32l0xx_it.o
                0x080071a8                DMA1_Channel4_5_6_7_IRQHandler
 .text.USART4_5_IRQHandler
                0x080071d8       0x18 ./Core/Src/stm32l0xx_it.o
                0x080071d8                USART4_5_IRQHandler
 .text.I2C1_IRQHandler
                0x080071f0       0x30 ./Core/Src/stm32l0xx_it.o
                0x080071f0                I2C1_IRQHandler
 .text._getpid  0x08007220        0xc ./Core/Src/syscalls.o
                0x08007220                _getpid
 .text._kill    0x0800722c       0x20 ./Core/Src/syscalls.o
                0x0800722c                _kill
 .text._exit    0x0800724c       0x1a ./Core/Src/syscalls.o
                0x0800724c                _exit
 .text._read    0x08007266       0x3a ./Core/Src/syscalls.o
                0x08007266                _read
 .text._close   0x080072a0       0x14 ./Core/Src/syscalls.o
                0x080072a0                _close
 .text._fstat   0x080072b4       0x1c ./Core/Src/syscalls.o
                0x080072b4                _fstat
 .text._isatty  0x080072d0       0x12 ./Core/Src/syscalls.o
                0x080072d0                _isatty
 .text._lseek   0x080072e2       0x16 ./Core/Src/syscalls.o
                0x080072e2                _lseek
 .text._sbrk    0x080072f8       0x6c ./Core/Src/sysmem.o
                0x080072f8                _sbrk
 .text.SystemInit
                0x08007364        0xa ./Core/Src/system_stm32l0xx.o
                0x08007364                SystemInit
 *fill*         0x0800736e        0x2 
 .text.MX_TIM2_Init
                0x08007370       0xe8 ./Core/Src/tim.o
                0x08007370                MX_TIM2_Init
 .text.MX_TIM3_Init
                0x08007458       0xfc ./Core/Src/tim.o
                0x08007458                MX_TIM3_Init
 .text.HAL_TIM_PWM_MspInit
                0x08007554       0x48 ./Core/Src/tim.o
                0x08007554                HAL_TIM_PWM_MspInit
 .text.HAL_TIM_MspPostInit
                0x0800759c       0xd0 ./Core/Src/tim.o
                0x0800759c                HAL_TIM_MspPostInit
 .text.MX_USART1_UART_Init
                0x0800766c       0x68 ./Core/Src/usart.o
                0x0800766c                MX_USART1_UART_Init
 .text.MX_USART4_UART_Init
                0x080076d4       0x60 ./Core/Src/usart.o
                0x080076d4                MX_USART4_UART_Init
 .text.HAL_UART_MspInit
                0x08007734      0x1fc ./Core/Src/usart.o
                0x08007734                HAL_UART_MspInit
 .text.MX_USB_PCD_Init
                0x08007930       0x4c ./Core/Src/usb.o
                0x08007930                MX_USB_PCD_Init
 .text.HAL_PCD_MspInit
                0x0800797c       0x30 ./Core/Src/usb.o
                0x0800797c                HAL_PCD_MspInit
 .text.TimestampIsReached
                0x080079ac       0x88 ./Core/Src/utils.o
                0x080079ac                TimestampIsReached
 .text.AddTimestamp
                0x08007a34       0x24 ./Core/Src/utils.o
 .text.CreateLine
                0x08007a58       0xd0 ./Core/Src/utils.o
                0x08007a58                CreateLine
 .text._write   0x08007b28       0x28 ./Core/Src/utils.o
                0x08007b28                _write
 .text.SetVerboseLevel
                0x08007b50       0x20 ./Core/Src/utils.o
                0x08007b50                SetVerboseLevel
 .text.GetCurrentHalTicks
                0x08007b70       0x10 ./Core/Src/utils.o
                0x08007b70                GetCurrentHalTicks
 .text.BinaryReleaseInfo
                0x08007b80       0x64 ./Core/Src/utils.o
                0x08007b80                BinaryReleaseInfo
 .text.ReadRegister
                0x08007be4       0x3c ./Core/Src/wsenHIDS.o
 .text.WriteRegister
                0x08007c20       0x3c ./Core/Src/wsenHIDS.o
 .text.CalculateCRC
                0x08007c5c       0xac ./Core/Src/wsenHIDS.o
 .text.HIDS_Init
                0x08007d08       0x44 ./Core/Src/wsenHIDS.o
                0x08007d08                HIDS_Init
 .text.HIDS_StartMeasurement
                0x08007d4c       0x3c ./Core/Src/wsenHIDS.o
                0x08007d4c                HIDS_StartMeasurement
 .text.HIDS_SetHeaterMode
                0x08007d88       0x20 ./Core/Src/wsenHIDS.o
                0x08007d88                HIDS_SetHeaterMode
 .text.CheckCRC
                0x08007da8       0xa4 ./Core/Src/wsenHIDS.o
 .text.HIDS_DeviceConnected
                0x08007e4c       0x7c ./Core/Src/wsenHIDS.o
                0x08007e4c                HIDS_DeviceConnected
 .text.HIDS_SetMeasurementMode
                0x08007ec8       0x20 ./Core/Src/wsenHIDS.o
                0x08007ec8                HIDS_SetMeasurementMode
 .text.HIDS_MeasurementReady
                0x08007ee8       0x1c ./Core/Src/wsenHIDS.o
                0x08007ee8                HIDS_MeasurementReady
 .text.HIDS_GetMeasurementValues
                0x08007f04      0x224 ./Core/Src/wsenHIDS.o
                0x08007f04                HIDS_GetMeasurementValues
 .text.Reset_Handler
                0x08008128       0x50 ./Core/Startup/startup_stm32l072rztx.o
                0x08008128                Reset_Handler
 .text.Default_Handler
                0x08008178        0x2 ./Core/Startup/startup_stm32l072rztx.o
                0x08008178                TSC_IRQHandler
                0x08008178                ADC1_COMP_IRQHandler
                0x08008178                PVD_IRQHandler
                0x08008178                RCC_CRS_IRQHandler
                0x08008178                SPI1_IRQHandler
                0x08008178                TIM6_DAC_IRQHandler
                0x08008178                EXTI2_3_IRQHandler
                0x08008178                I2C2_IRQHandler
                0x08008178                RTC_IRQHandler
                0x08008178                TIM3_IRQHandler
                0x08008178                EXTI4_15_IRQHandler
                0x08008178                DMA1_Channel1_IRQHandler
                0x08008178                Default_Handler
                0x08008178                TIM22_IRQHandler
                0x08008178                TIM7_IRQHandler
                0x08008178                EXTI0_1_IRQHandler
                0x08008178                USB_IRQHandler
                0x08008178                I2C3_IRQHandler
                0x08008178                SPI2_IRQHandler
                0x08008178                TIM21_IRQHandler
                0x08008178                WWDG_IRQHandler
                0x08008178                TIM2_IRQHandler
                0x08008178                USART2_IRQHandler
                0x08008178                FLASH_IRQHandler
                0x08008178                USART1_IRQHandler
                0x08008178                RNG_LPUART1_IRQHandler
                0x08008178                LPTIM1_IRQHandler
 *fill*         0x0800817a        0x2 
 .text.HAL_Init
                0x0800817c       0x40 ./Drivers/STM32L0xx_HAL_Driver/stm32l0xx_hal.o
                0x0800817c                HAL_Init
 .text.HAL_InitTick
                0x080081bc       0x68 ./Drivers/STM32L0xx_HAL_Driver/stm32l0xx_hal.o
                0x080081bc                HAL_InitTick
 .text.HAL_IncTick
                0x08008224       0x24 ./Drivers/STM32L0xx_HAL_Driver/stm32l0xx_hal.o
                0x08008224                HAL_IncTick
 .text.HAL_GetTick
                0x08008248       0x14 ./Drivers/STM32L0xx_HAL_Driver/stm32l0xx_hal.o
                0x08008248                HAL_GetTick
 .text.HAL_Delay
                0x0800825c       0x48 ./Drivers/STM32L0xx_HAL_Driver/stm32l0xx_hal.o
                0x0800825c                HAL_Delay
 .text.__NVIC_EnableIRQ
                0x080082a4       0x34 ./Drivers/STM32L0xx_HAL_Driver/stm32l0xx_hal_cortex.o
 .text.__NVIC_SetPriority
                0x080082d8       0xdc ./Drivers/STM32L0xx_HAL_Driver/stm32l0xx_hal_cortex.o
 .text.SysTick_Config
                0x080083b4       0x48 ./Drivers/STM32L0xx_HAL_Driver/stm32l0xx_hal_cortex.o
 .text.HAL_NVIC_SetPriority
                0x080083fc       0x2a ./Drivers/STM32L0xx_HAL_Driver/stm32l0xx_hal_cortex.o
                0x080083fc                HAL_NVIC_SetPriority
 .text.HAL_NVIC_EnableIRQ
                0x08008426       0x20 ./Drivers/STM32L0xx_HAL_Driver/stm32l0xx_hal_cortex.o
                0x08008426                HAL_NVIC_EnableIRQ
 .text.HAL_SYSTICK_Config
                0x08008446       0x1a ./Drivers/STM32L0xx_HAL_Driver/stm32l0xx_hal_cortex.o
                0x08008446                HAL_SYSTICK_Config
 .text.HAL_DMA_Init
                0x08008460       0xf0 ./Drivers/STM32L0xx_HAL_Driver/stm32l0xx_hal_dma.o
                0x08008460                HAL_DMA_Init
 .text.HAL_DMA_DeInit
                0x08008550       0xbc ./Drivers/STM32L0xx_HAL_Driver/stm32l0xx_hal_dma.o
                0x08008550                HAL_DMA_DeInit
 .text.HAL_DMA_Start_IT
                0x0800860c       0xcc ./Drivers/STM32L0xx_HAL_Driver/stm32l0xx_hal_dma.o
                0x0800860c                HAL_DMA_Start_IT
 .text.HAL_DMA_Abort
                0x080086d8       0x80 ./Drivers/STM32L0xx_HAL_Driver/stm32l0xx_hal_dma.o
                0x080086d8                HAL_DMA_Abort
 .text.HAL_DMA_Abort_IT
                0x08008758       0x8e ./Drivers/STM32L0xx_HAL_Driver/stm32l0xx_hal_dma.o
                0x08008758                HAL_DMA_Abort_IT
 .text.HAL_DMA_IRQHandler
                0x080087e6      0x15c ./Drivers/STM32L0xx_HAL_Driver/stm32l0xx_hal_dma.o
                0x080087e6                HAL_DMA_IRQHandler
 .text.HAL_DMA_GetState
                0x08008942       0x18 ./Drivers/STM32L0xx_HAL_Driver/stm32l0xx_hal_dma.o
                0x08008942                HAL_DMA_GetState
 .text.DMA_SetConfig
                0x0800895a       0x5c ./Drivers/STM32L0xx_HAL_Driver/stm32l0xx_hal_dma.o
 *fill*         0x080089b6        0x2 
 .text.HAL_GPIO_Init
                0x080089b8      0x2fc ./Drivers/STM32L0xx_HAL_Driver/stm32l0xx_hal_gpio.o
                0x080089b8                HAL_GPIO_Init
 .text.HAL_GPIO_DeInit
                0x08008cb4      0x1c4 ./Drivers/STM32L0xx_HAL_Driver/stm32l0xx_hal_gpio.o
                0x08008cb4                HAL_GPIO_DeInit
 .text.HAL_GPIO_WritePin
                0x08008e78       0x3a ./Drivers/STM32L0xx_HAL_Driver/stm32l0xx_hal_gpio.o
                0x08008e78                HAL_GPIO_WritePin
 *fill*         0x08008eb2        0x2 
 .text.HAL_I2C_Init
                0x08008eb4      0x12c ./Drivers/STM32L0xx_HAL_Driver/stm32l0xx_hal_i2c.o
                0x08008eb4                HAL_I2C_Init
 .text.HAL_I2C_Master_Transmit_DMA
                0x08008fe0      0x20c ./Drivers/STM32L0xx_HAL_Driver/stm32l0xx_hal_i2c.o
                0x08008fe0                HAL_I2C_Master_Transmit_DMA
 .text.HAL_I2C_Master_Receive_DMA
                0x080091ec      0x20c ./Drivers/STM32L0xx_HAL_Driver/stm32l0xx_hal_i2c.o
                0x080091ec                HAL_I2C_Master_Receive_DMA
 .text.HAL_I2C_EV_IRQHandler
                0x080093f8       0x34 ./Drivers/STM32L0xx_HAL_Driver/stm32l0xx_hal_i2c.o
                0x080093f8                HAL_I2C_EV_IRQHandler
 .text.HAL_I2C_ER_IRQHandler
                0x0800942c       0xb2 ./Drivers/STM32L0xx_HAL_Driver/stm32l0xx_hal_i2c.o
                0x0800942c                HAL_I2C_ER_IRQHandler
 .text.HAL_I2C_MasterTxCpltCallback
                0x080094de       0x10 ./Drivers/STM32L0xx_HAL_Driver/stm32l0xx_hal_i2c.o
                0x080094de                HAL_I2C_MasterTxCpltCallback
 .text.HAL_I2C_MasterRxCpltCallback
                0x080094ee       0x10 ./Drivers/STM32L0xx_HAL_Driver/stm32l0xx_hal_i2c.o
                0x080094ee                HAL_I2C_MasterRxCpltCallback
 .text.HAL_I2C_SlaveTxCpltCallback
                0x080094fe       0x10 ./Drivers/STM32L0xx_HAL_Driver/stm32l0xx_hal_i2c.o
                0x080094fe                HAL_I2C_SlaveTxCpltCallback
 .text.HAL_I2C_SlaveRxCpltCallback
                0x0800950e       0x10 ./Drivers/STM32L0xx_HAL_Driver/stm32l0xx_hal_i2c.o
                0x0800950e                HAL_I2C_SlaveRxCpltCallback
 .text.HAL_I2C_AddrCallback
                0x0800951e       0x20 ./Drivers/STM32L0xx_HAL_Driver/stm32l0xx_hal_i2c.o
                0x0800951e                HAL_I2C_AddrCallback
 .text.HAL_I2C_ListenCpltCallback
                0x0800953e       0x10 ./Drivers/STM32L0xx_HAL_Driver/stm32l0xx_hal_i2c.o
                0x0800953e                HAL_I2C_ListenCpltCallback
 .text.HAL_I2C_MemTxCpltCallback
                0x0800954e       0x10 ./Drivers/STM32L0xx_HAL_Driver/stm32l0xx_hal_i2c.o
                0x0800954e                HAL_I2C_MemTxCpltCallback
 .text.HAL_I2C_MemRxCpltCallback
                0x0800955e       0x10 ./Drivers/STM32L0xx_HAL_Driver/stm32l0xx_hal_i2c.o
                0x0800955e                HAL_I2C_MemRxCpltCallback
 .text.HAL_I2C_ErrorCallback
                0x0800956e       0x10 ./Drivers/STM32L0xx_HAL_Driver/stm32l0xx_hal_i2c.o
                0x0800956e                HAL_I2C_ErrorCallback
 .text.HAL_I2C_AbortCpltCallback
                0x0800957e       0x10 ./Drivers/STM32L0xx_HAL_Driver/stm32l0xx_hal_i2c.o
                0x0800957e                HAL_I2C_AbortCpltCallback
 *fill*         0x0800958e        0x2 
 .text.I2C_Master_ISR_IT
                0x08009590      0x254 ./Drivers/STM32L0xx_HAL_Driver/stm32l0xx_hal_i2c.o
 .text.I2C_Slave_ISR_IT
                0x080097e4      0x200 ./Drivers/STM32L0xx_HAL_Driver/stm32l0xx_hal_i2c.o
 .text.I2C_Master_ISR_DMA
                0x080099e4      0x1f8 ./Drivers/STM32L0xx_HAL_Driver/stm32l0xx_hal_i2c.o
 .text.I2C_Mem_ISR_DMA
                0x08009bdc      0x238 ./Drivers/STM32L0xx_HAL_Driver/stm32l0xx_hal_i2c.o
 .text.I2C_Slave_ISR_DMA
                0x08009e14      0x1cc ./Drivers/STM32L0xx_HAL_Driver/stm32l0xx_hal_i2c.o
 .text.I2C_ITAddrCplt
                0x08009fe0      0x148 ./Drivers/STM32L0xx_HAL_Driver/stm32l0xx_hal_i2c.o
 .text.I2C_ITMasterSeqCplt
                0x0800a128       0x82 ./Drivers/STM32L0xx_HAL_Driver/stm32l0xx_hal_i2c.o
 *fill*         0x0800a1aa        0x2 
 .text.I2C_ITSlaveSeqCplt
                0x0800a1ac       0xc8 ./Drivers/STM32L0xx_HAL_Driver/stm32l0xx_hal_i2c.o
 .text.I2C_ITMasterCplt
                0x0800a274      0x19c ./Drivers/STM32L0xx_HAL_Driver/stm32l0xx_hal_i2c.o
 .text.I2C_ITSlaveCplt
                0x0800a410      0x240 ./Drivers/STM32L0xx_HAL_Driver/stm32l0xx_hal_i2c.o
 .text.I2C_ITListenCplt
                0x0800a650       0xb0 ./Drivers/STM32L0xx_HAL_Driver/stm32l0xx_hal_i2c.o
 .text.I2C_ITError
                0x0800a700      0x204 ./Drivers/STM32L0xx_HAL_Driver/stm32l0xx_hal_i2c.o
 .text.I2C_TreatErrorCallback
                0x0800a904       0x52 ./Drivers/STM32L0xx_HAL_Driver/stm32l0xx_hal_i2c.o
 .text.I2C_Flush_TXDR
                0x0800a956       0x44 ./Drivers/STM32L0xx_HAL_Driver/stm32l0xx_hal_i2c.o
 *fill*         0x0800a99a        0x2 
 .text.I2C_DMAMasterTransmitCplt
                0x0800a99c       0xa0 ./Drivers/STM32L0xx_HAL_Driver/stm32l0xx_hal_i2c.o
 .text.I2C_DMAMasterReceiveCplt
                0x0800aa3c       0xa0 ./Drivers/STM32L0xx_HAL_Driver/stm32l0xx_hal_i2c.o
 .text.I2C_DMAError
                0x0800aadc       0x32 ./Drivers/STM32L0xx_HAL_Driver/stm32l0xx_hal_i2c.o
 .text.I2C_DMAAbort
                0x0800ab0e       0x3e ./Drivers/STM32L0xx_HAL_Driver/stm32l0xx_hal_i2c.o
 .text.I2C_TransferConfig
                0x0800ab4c       0x74 ./Drivers/STM32L0xx_HAL_Driver/stm32l0xx_hal_i2c.o
 .text.I2C_Enable_IRQ
                0x0800abc0      0x11c ./Drivers/STM32L0xx_HAL_Driver/stm32l0xx_hal_i2c.o
 .text.I2C_Disable_IRQ
                0x0800acdc       0xc6 ./Drivers/STM32L0xx_HAL_Driver/stm32l0xx_hal_i2c.o
 *fill*         0x0800ada2        0x2 
 .text.HAL_I2CEx_ConfigAnalogFilter
                0x0800ada4       0x98 ./Drivers/STM32L0xx_HAL_Driver/stm32l0xx_hal_i2c_ex.o
                0x0800ada4                HAL_I2CEx_ConfigAnalogFilter
 .text.HAL_I2CEx_ConfigDigitalFilter
                0x0800ae3c       0x98 ./Drivers/STM32L0xx_HAL_Driver/stm32l0xx_hal_i2c_ex.o
                0x0800ae3c                HAL_I2CEx_ConfigDigitalFilter
 .text.HAL_I2S_Init
                0x0800aed4      0x1e4 ./Drivers/STM32L0xx_HAL_Driver/stm32l0xx_hal_i2s.o
                0x0800aed4                HAL_I2S_Init
 .text.HAL_I2S_DeInit
                0x0800b0b8       0x58 ./Drivers/STM32L0xx_HAL_Driver/stm32l0xx_hal_i2s.o
                0x0800b0b8                HAL_I2S_DeInit
 .text.HAL_I2S_Receive_DMA
                0x0800b110      0x184 ./Drivers/STM32L0xx_HAL_Driver/stm32l0xx_hal_i2s.o
                0x0800b110                HAL_I2S_Receive_DMA
 .text.HAL_I2S_DMAStop
                0x0800b294      0x198 ./Drivers/STM32L0xx_HAL_Driver/stm32l0xx_hal_i2s.o
                0x0800b294                HAL_I2S_DMAStop
 .text.HAL_I2S_RxHalfCpltCallback
                0x0800b42c       0x10 ./Drivers/STM32L0xx_HAL_Driver/stm32l0xx_hal_i2s.o
                0x0800b42c                HAL_I2S_RxHalfCpltCallback
 .text.HAL_I2S_ErrorCallback
                0x0800b43c       0x10 ./Drivers/STM32L0xx_HAL_Driver/stm32l0xx_hal_i2s.o
                0x0800b43c                HAL_I2S_ErrorCallback
 .text.I2S_DMARxCplt
                0x0800b44c       0x44 ./Drivers/STM32L0xx_HAL_Driver/stm32l0xx_hal_i2s.o
 .text.I2S_DMARxHalfCplt
                0x0800b490       0x1e ./Drivers/STM32L0xx_HAL_Driver/stm32l0xx_hal_i2s.o
 .text.I2S_DMAError
                0x0800b4ae       0x4e ./Drivers/STM32L0xx_HAL_Driver/stm32l0xx_hal_i2s.o
 .text.I2S_WaitFlagStateUntilTimeout
                0x0800b4fc       0x72 ./Drivers/STM32L0xx_HAL_Driver/stm32l0xx_hal_i2s.o
 *fill*         0x0800b56e        0x2 
 .text.HAL_PCD_Init
                0x0800b570      0x200 ./Drivers/STM32L0xx_HAL_Driver/stm32l0xx_hal_pcd.o
                0x0800b570                HAL_PCD_Init
 .text.HAL_PCDEx_ActivateLPM
                0x0800b770       0x54 ./Drivers/STM32L0xx_HAL_Driver/stm32l0xx_hal_pcd_ex.o
                0x0800b770                HAL_PCDEx_ActivateLPM
 .text.HAL_RCC_OscConfig
                0x0800b7c4      0x7a8 ./Drivers/STM32L0xx_HAL_Driver/stm32l0xx_hal_rcc.o
                0x0800b7c4                HAL_RCC_OscConfig
 .text.HAL_RCC_ClockConfig
                0x0800bf6c      0x290 ./Drivers/STM32L0xx_HAL_Driver/stm32l0xx_hal_rcc.o
                0x0800bf6c                HAL_RCC_ClockConfig
 .text.HAL_RCC_GetSysClockFreq
                0x0800c1fc      0x14c ./Drivers/STM32L0xx_HAL_Driver/stm32l0xx_hal_rcc.o
                0x0800c1fc                HAL_RCC_GetSysClockFreq
 .text.HAL_RCC_GetHCLKFreq
                0x0800c348       0x14 ./Drivers/STM32L0xx_HAL_Driver/stm32l0xx_hal_rcc.o
                0x0800c348                HAL_RCC_GetHCLKFreq
 .text.HAL_RCC_GetPCLK1Freq
                0x0800c35c       0x2c ./Drivers/STM32L0xx_HAL_Driver/stm32l0xx_hal_rcc.o
                0x0800c35c                HAL_RCC_GetPCLK1Freq
 .text.HAL_RCC_GetPCLK2Freq
                0x0800c388       0x2c ./Drivers/STM32L0xx_HAL_Driver/stm32l0xx_hal_rcc.o
                0x0800c388                HAL_RCC_GetPCLK2Freq
 .text.HAL_RCCEx_PeriphCLKConfig
                0x0800c3b4      0x2b8 ./Drivers/STM32L0xx_HAL_Driver/stm32l0xx_hal_rcc_ex.o
                0x0800c3b4                HAL_RCCEx_PeriphCLKConfig
 .text.HAL_TIM_PWM_Init
                0x0800c66c       0x80 ./Drivers/STM32L0xx_HAL_Driver/stm32l0xx_hal_tim.o
                0x0800c66c                HAL_TIM_PWM_Init
 .text.HAL_TIM_PWM_Start
                0x0800c6ec      0x124 ./Drivers/STM32L0xx_HAL_Driver/stm32l0xx_hal_tim.o
                0x0800c6ec                HAL_TIM_PWM_Start
 .text.HAL_TIM_PWM_ConfigChannel
                0x0800c810      0x18c ./Drivers/STM32L0xx_HAL_Driver/stm32l0xx_hal_tim.o
                0x0800c810                HAL_TIM_PWM_ConfigChannel
 .text.TIM_Base_SetConfig
                0x0800c99c       0xbc ./Drivers/STM32L0xx_HAL_Driver/stm32l0xx_hal_tim.o
 .text.TIM_OC1_SetConfig
                0x0800ca58       0x78 ./Drivers/STM32L0xx_HAL_Driver/stm32l0xx_hal_tim.o
 .text.TIM_OC2_SetConfig
                0x0800cad0       0x84 ./Drivers/STM32L0xx_HAL_Driver/stm32l0xx_hal_tim.o
 .text.TIM_OC3_SetConfig
                0x0800cb54       0x80 ./Drivers/STM32L0xx_HAL_Driver/stm32l0xx_hal_tim.o
 .text.TIM_OC4_SetConfig
                0x0800cbd4       0x8c ./Drivers/STM32L0xx_HAL_Driver/stm32l0xx_hal_tim.o
 .text.TIM_CCxChannelCmd
                0x0800cc60       0x46 ./Drivers/STM32L0xx_HAL_Driver/stm32l0xx_hal_tim.o
 *fill*         0x0800cca6        0x2 
 .text.HAL_TIMEx_MasterConfigSynchronization
                0x0800cca8       0xbc ./Drivers/STM32L0xx_HAL_Driver/stm32l0xx_hal_tim_ex.o
                0x0800cca8                HAL_TIMEx_MasterConfigSynchronization
 .text.HAL_TIMEx_RemapConfig
                0x0800cd64       0x3a ./Drivers/STM32L0xx_HAL_Driver/stm32l0xx_hal_tim_ex.o
                0x0800cd64                HAL_TIMEx_RemapConfig
 *fill*         0x0800cd9e        0x2 
 .text.HAL_UART_Init
                0x0800cda0       0xcc ./Drivers/STM32L0xx_HAL_Driver/stm32l0xx_hal_uart.o
                0x0800cda0                HAL_UART_Init
 .text.HAL_UART_Transmit
                0x0800ce6c      0x13e ./Drivers/STM32L0xx_HAL_Driver/stm32l0xx_hal_uart.o
                0x0800ce6c                HAL_UART_Transmit
 *fill*         0x0800cfaa        0x2 
 .text.HAL_UART_Transmit_DMA
                0x0800cfac      0x120 ./Drivers/STM32L0xx_HAL_Driver/stm32l0xx_hal_uart.o
                0x0800cfac                HAL_UART_Transmit_DMA
 .text.HAL_UART_Receive_DMA
                0x0800d0cc       0xbc ./Drivers/STM32L0xx_HAL_Driver/stm32l0xx_hal_uart.o
                0x0800d0cc                HAL_UART_Receive_DMA
 .text.HAL_UART_IRQHandler
                0x0800d188      0x5d8 ./Drivers/STM32L0xx_HAL_Driver/stm32l0xx_hal_uart.o
                0x0800d188                HAL_UART_IRQHandler
 .text.HAL_UART_TxCpltCallback
                0x0800d760       0x10 ./Drivers/STM32L0xx_HAL_Driver/stm32l0xx_hal_uart.o
                0x0800d760                HAL_UART_TxCpltCallback
 .text.HAL_UART_TxHalfCpltCallback
                0x0800d770       0x10 ./Drivers/STM32L0xx_HAL_Driver/stm32l0xx_hal_uart.o
                0x0800d770                HAL_UART_TxHalfCpltCallback
 .text.HAL_UART_RxHalfCpltCallback
                0x0800d780       0x10 ./Drivers/STM32L0xx_HAL_Driver/stm32l0xx_hal_uart.o
                0x0800d780                HAL_UART_RxHalfCpltCallback
 .text.HAL_UART_AbortCpltCallback
                0x0800d790       0x10 ./Drivers/STM32L0xx_HAL_Driver/stm32l0xx_hal_uart.o
                0x0800d790                HAL_UART_AbortCpltCallback
 .text.HAL_UART_AbortTransmitCpltCallback
                0x0800d7a0       0x10 ./Drivers/STM32L0xx_HAL_Driver/stm32l0xx_hal_uart.o
                0x0800d7a0                HAL_UART_AbortTransmitCpltCallback
 .text.HAL_UART_AbortReceiveCpltCallback
                0x0800d7b0       0x10 ./Drivers/STM32L0xx_HAL_Driver/stm32l0xx_hal_uart.o
                0x0800d7b0                HAL_UART_AbortReceiveCpltCallback
 .text.HAL_UARTEx_RxEventCallback
                0x0800d7c0       0x16 ./Drivers/STM32L0xx_HAL_Driver/stm32l0xx_hal_uart.o
                0x0800d7c0                HAL_UARTEx_RxEventCallback
 *fill*         0x0800d7d6        0x2 
 .text.UART_InitCallbacksToDefault
                0x0800d7d8       0x88 ./Drivers/STM32L0xx_HAL_Driver/stm32l0xx_hal_uart.o
                0x0800d7d8                UART_InitCallbacksToDefault
 .text.UART_SetConfig
                0x0800d860      0x53c ./Drivers/STM32L0xx_HAL_Driver/stm32l0xx_hal_uart.o
                0x0800d860                UART_SetConfig
 .text.UART_AdvFeatureConfig
                0x0800dd9c      0x168 ./Drivers/STM32L0xx_HAL_Driver/stm32l0xx_hal_uart.o
                0x0800dd9c                UART_AdvFeatureConfig
 .text.UART_CheckIdleState
                0x0800df04      0x150 ./Drivers/STM32L0xx_HAL_Driver/stm32l0xx_hal_uart.o
                0x0800df04                UART_CheckIdleState
 .text.UART_WaitOnFlagUntilTimeout
                0x0800e054       0xd2 ./Drivers/STM32L0xx_HAL_Driver/stm32l0xx_hal_uart.o
                0x0800e054                UART_WaitOnFlagUntilTimeout
 *fill*         0x0800e126        0x2 
 .text.UART_Start_Receive_DMA
                0x0800e128      0x140 ./Drivers/STM32L0xx_HAL_Driver/stm32l0xx_hal_uart.o
                0x0800e128                UART_Start_Receive_DMA
 .text.UART_EndTxTransfer
                0x0800e268       0x48 ./Drivers/STM32L0xx_HAL_Driver/stm32l0xx_hal_uart.o
 .text.UART_EndRxTransfer
                0x0800e2b0       0xc8 ./Drivers/STM32L0xx_HAL_Driver/stm32l0xx_hal_uart.o
 .text.UART_DMATransmitCplt
                0x0800e378       0x9c ./Drivers/STM32L0xx_HAL_Driver/stm32l0xx_hal_uart.o
 .text.UART_DMATxHalfCplt
                0x0800e414       0x22 ./Drivers/STM32L0xx_HAL_Driver/stm32l0xx_hal_uart.o
 *fill*         0x0800e436        0x2 
 .text.UART_DMAReceiveCplt
                0x0800e438      0x134 ./Drivers/STM32L0xx_HAL_Driver/stm32l0xx_hal_uart.o
 .text.UART_DMARxHalfCplt
                0x0800e56c       0x48 ./Drivers/STM32L0xx_HAL_Driver/stm32l0xx_hal_uart.o
 .text.UART_DMAError
                0x0800e5b4       0x88 ./Drivers/STM32L0xx_HAL_Driver/stm32l0xx_hal_uart.o
 .text.UART_DMAAbortOnError
                0x0800e63c       0x32 ./Drivers/STM32L0xx_HAL_Driver/stm32l0xx_hal_uart.o
 .text.UART_EndTransmit_IT
                0x0800e66e       0x5a ./Drivers/STM32L0xx_HAL_Driver/stm32l0xx_hal_uart.o
 .text.HAL_UARTEx_WakeupCallback
                0x0800e6c8       0x10 ./Drivers/STM32L0xx_HAL_Driver/stm32l0xx_hal_uart_ex.o
                0x0800e6c8                HAL_UARTEx_WakeupCallback
 .text.USB_DisableGlobalInt
                0x0800e6d8       0x34 ./Drivers/STM32L0xx_HAL_Driver/stm32l0xx_ll_usb.o
                0x0800e6d8                USB_DisableGlobalInt
 .text.USB_DevInit
                0x0800e70c       0x4e ./Drivers/STM32L0xx_HAL_Driver/stm32l0xx_ll_usb.o
                0x0800e70c                USB_DevInit
 .text.__cvt    0x0800e75a       0xcc C:/ST/STM32CubeIDE_1.16.0/STM32CubeIDE/plugins/com.st.stm32cube.ide.mcu.externaltools.gnu-tools-for-stm32.12.3.rel1.win32_1.0.200.202406191623/tools/bin/../lib/gcc/arm-none-eabi/12.3.1/../../../../arm-none-eabi/lib/thumb/v6-m/nofp\libc_nano.a(libc_a-nano-vfprintf_float.o)
                0x0800e75a                __cvt
 .text.__exponent
                0x0800e826       0x80 C:/ST/STM32CubeIDE_1.16.0/STM32CubeIDE/plugins/com.st.stm32cube.ide.mcu.externaltools.gnu-tools-for-stm32.12.3.rel1.win32_1.0.200.202406191623/tools/bin/../lib/gcc/arm-none-eabi/12.3.1/../../../../arm-none-eabi/lib/thumb/v6-m/nofp\libc_nano.a(libc_a-nano-vfprintf_float.o)
                0x0800e826                __exponent
 *fill*         0x0800e8a6        0x2 
 .text._printf_float
                0x0800e8a8      0x47c C:/ST/STM32CubeIDE_1.16.0/STM32CubeIDE/plugins/com.st.stm32cube.ide.mcu.externaltools.gnu-tools-for-stm32.12.3.rel1.win32_1.0.200.202406191623/tools/bin/../lib/gcc/arm-none-eabi/12.3.1/../../../../arm-none-eabi/lib/thumb/v6-m/nofp\libc_nano.a(libc_a-nano-vfprintf_float.o)
                0x0800e8a8                _printf_float
 .text._printf_common
                0x0800ed24       0xde C:/ST/STM32CubeIDE_1.16.0/STM32CubeIDE/plugins/com.st.stm32cube.ide.mcu.externaltools.gnu-tools-for-stm32.12.3.rel1.win32_1.0.200.202406191623/tools/bin/../lib/gcc/arm-none-eabi/12.3.1/../../../../arm-none-eabi/lib/thumb/v6-m/nofp\libc_nano.a(libc_a-nano-vfprintf_i.o)
                0x0800ed24                _printf_common
 *fill*         0x0800ee02        0x2 
 .text._printf_i
                0x0800ee04      0x21c C:/ST/STM32CubeIDE_1.16.0/STM32CubeIDE/plugins/com.st.stm32cube.ide.mcu.externaltools.gnu-tools-for-stm32.12.3.rel1.win32_1.0.200.202406191623/tools/bin/../lib/gcc/arm-none-eabi/12.3.1/../../../../arm-none-eabi/lib/thumb/v6-m/nofp\libc_nano.a(libc_a-nano-vfprintf_i.o)
                0x0800ee04                _printf_i
 .text.std      0x0800f020       0x6c C:/ST/STM32CubeIDE_1.16.0/STM32CubeIDE/plugins/com.st.stm32cube.ide.mcu.externaltools.gnu-tools-for-stm32.12.3.rel1.win32_1.0.200.202406191623/tools/bin/../lib/gcc/arm-none-eabi/12.3.1/../../../../arm-none-eabi/lib/thumb/v6-m/nofp\libc_nano.a(libc_a-findfp.o)
 .text.stdio_exit_handler
                0x0800f08c       0x1c C:/ST/STM32CubeIDE_1.16.0/STM32CubeIDE/plugins/com.st.stm32cube.ide.mcu.externaltools.gnu-tools-for-stm32.12.3.rel1.win32_1.0.200.202406191623/tools/bin/../lib/gcc/arm-none-eabi/12.3.1/../../../../arm-none-eabi/lib/thumb/v6-m/nofp\libc_nano.a(libc_a-findfp.o)
 .text.cleanup_stdio
                0x0800f0a8       0x3c C:/ST/STM32CubeIDE_1.16.0/STM32CubeIDE/plugins/com.st.stm32cube.ide.mcu.externaltools.gnu-tools-for-stm32.12.3.rel1.win32_1.0.200.202406191623/tools/bin/../lib/gcc/arm-none-eabi/12.3.1/../../../../arm-none-eabi/lib/thumb/v6-m/nofp\libc_nano.a(libc_a-findfp.o)
 .text.global_stdio_init.part.0
                0x0800f0e4       0x3c C:/ST/STM32CubeIDE_1.16.0/STM32CubeIDE/plugins/com.st.stm32cube.ide.mcu.externaltools.gnu-tools-for-stm32.12.3.rel1.win32_1.0.200.202406191623/tools/bin/../lib/gcc/arm-none-eabi/12.3.1/../../../../arm-none-eabi/lib/thumb/v6-m/nofp\libc_nano.a(libc_a-findfp.o)
 .text.__sfp_lock_acquire
                0x0800f120       0x10 C:/ST/STM32CubeIDE_1.16.0/STM32CubeIDE/plugins/com.st.stm32cube.ide.mcu.externaltools.gnu-tools-for-stm32.12.3.rel1.win32_1.0.200.202406191623/tools/bin/../lib/gcc/arm-none-eabi/12.3.1/../../../../arm-none-eabi/lib/thumb/v6-m/nofp\libc_nano.a(libc_a-findfp.o)
                0x0800f120                __sfp_lock_acquire
 .text.__sfp_lock_release
                0x0800f130       0x10 C:/ST/STM32CubeIDE_1.16.0/STM32CubeIDE/plugins/com.st.stm32cube.ide.mcu.externaltools.gnu-tools-for-stm32.12.3.rel1.win32_1.0.200.202406191623/tools/bin/../lib/gcc/arm-none-eabi/12.3.1/../../../../arm-none-eabi/lib/thumb/v6-m/nofp\libc_nano.a(libc_a-findfp.o)
                0x0800f130                __sfp_lock_release
 .text.__sinit  0x0800f140       0x30 C:/ST/STM32CubeIDE_1.16.0/STM32CubeIDE/plugins/com.st.stm32cube.ide.mcu.externaltools.gnu-tools-for-stm32.12.3.rel1.win32_1.0.200.202406191623/tools/bin/../lib/gcc/arm-none-eabi/12.3.1/../../../../arm-none-eabi/lib/thumb/v6-m/nofp\libc_nano.a(libc_a-findfp.o)
                0x0800f140                __sinit
 .text._fwalk_sglue
                0x0800f170       0x38 C:/ST/STM32CubeIDE_1.16.0/STM32CubeIDE/plugins/com.st.stm32cube.ide.mcu.externaltools.gnu-tools-for-stm32.12.3.rel1.win32_1.0.200.202406191623/tools/bin/../lib/gcc/arm-none-eabi/12.3.1/../../../../arm-none-eabi/lib/thumb/v6-m/nofp\libc_nano.a(libc_a-fwalk.o)
                0x0800f170                _fwalk_sglue
 .text.printf   0x0800f1a8       0x20 C:/ST/STM32CubeIDE_1.16.0/STM32CubeIDE/plugins/com.st.stm32cube.ide.mcu.externaltools.gnu-tools-for-stm32.12.3.rel1.win32_1.0.200.202406191623/tools/bin/../lib/gcc/arm-none-eabi/12.3.1/../../../../arm-none-eabi/lib/thumb/v6-m/nofp\libc_nano.a(libc_a-printf.o)
                0x0800f1a8                iprintf
                0x0800f1a8                printf
 .text.sprintf  0x0800f1c8       0x40 C:/ST/STM32CubeIDE_1.16.0/STM32CubeIDE/plugins/com.st.stm32cube.ide.mcu.externaltools.gnu-tools-for-stm32.12.3.rel1.win32_1.0.200.202406191623/tools/bin/../lib/gcc/arm-none-eabi/12.3.1/../../../../arm-none-eabi/lib/thumb/v6-m/nofp\libc_nano.a(libc_a-sprintf.o)
                0x0800f1c8                siprintf
                0x0800f1c8                sprintf
 .text.__sread  0x0800f208       0x28 C:/ST/STM32CubeIDE_1.16.0/STM32CubeIDE/plugins/com.st.stm32cube.ide.mcu.externaltools.gnu-tools-for-stm32.12.3.rel1.win32_1.0.200.202406191623/tools/bin/../lib/gcc/arm-none-eabi/12.3.1/../../../../arm-none-eabi/lib/thumb/v6-m/nofp\libc_nano.a(libc_a-stdio.o)
                0x0800f208                __sread
 .text.__swrite
                0x0800f230       0x38 C:/ST/STM32CubeIDE_1.16.0/STM32CubeIDE/plugins/com.st.stm32cube.ide.mcu.externaltools.gnu-tools-for-stm32.12.3.rel1.win32_1.0.200.202406191623/tools/bin/../lib/gcc/arm-none-eabi/12.3.1/../../../../arm-none-eabi/lib/thumb/v6-m/nofp\libc_nano.a(libc_a-stdio.o)
                0x0800f230                __swrite
 .text.__sseek  0x0800f268       0x2c C:/ST/STM32CubeIDE_1.16.0/STM32CubeIDE/plugins/com.st.stm32cube.ide.mcu.externaltools.gnu-tools-for-stm32.12.3.rel1.win32_1.0.200.202406191623/tools/bin/../lib/gcc/arm-none-eabi/12.3.1/../../../../arm-none-eabi/lib/thumb/v6-m/nofp\libc_nano.a(libc_a-stdio.o)
                0x0800f268                __sseek
 .text.__sclose
                0x0800f294        0xc C:/ST/STM32CubeIDE_1.16.0/STM32CubeIDE/plugins/com.st.stm32cube.ide.mcu.externaltools.gnu-tools-for-stm32.12.3.rel1.win32_1.0.200.202406191623/tools/bin/../lib/gcc/arm-none-eabi/12.3.1/../../../../arm-none-eabi/lib/thumb/v6-m/nofp\libc_nano.a(libc_a-stdio.o)
                0x0800f294                __sclose
 .text._vsnprintf_r
                0x0800f2a0       0x56 C:/ST/STM32CubeIDE_1.16.0/STM32CubeIDE/plugins/com.st.stm32cube.ide.mcu.externaltools.gnu-tools-for-stm32.12.3.rel1.win32_1.0.200.202406191623/tools/bin/../lib/gcc/arm-none-eabi/12.3.1/../../../../arm-none-eabi/lib/thumb/v6-m/nofp\libc_nano.a(libc_a-vsnprintf.o)
                0x0800f2a0                _vsniprintf_r
                0x0800f2a0                _vsnprintf_r
 *fill*         0x0800f2f6        0x2 
 .text.vsnprintf
                0x0800f2f8       0x18 C:/ST/STM32CubeIDE_1.16.0/STM32CubeIDE/plugins/com.st.stm32cube.ide.mcu.externaltools.gnu-tools-for-stm32.12.3.rel1.win32_1.0.200.202406191623/tools/bin/../lib/gcc/arm-none-eabi/12.3.1/../../../../arm-none-eabi/lib/thumb/v6-m/nofp\libc_nano.a(libc_a-vsnprintf.o)
                0x0800f2f8                vsniprintf
                0x0800f2f8                vsnprintf
 .text.memset   0x0800f310       0x10 C:/ST/STM32CubeIDE_1.16.0/STM32CubeIDE/plugins/com.st.stm32cube.ide.mcu.externaltools.gnu-tools-for-stm32.12.3.rel1.win32_1.0.200.202406191623/tools/bin/../lib/gcc/arm-none-eabi/12.3.1/../../../../arm-none-eabi/lib/thumb/v6-m/nofp\libc_nano.a(libc_a-memset.o)
                0x0800f310                memset
 .text.strncpy  0x0800f320       0x28 C:/ST/STM32CubeIDE_1.16.0/STM32CubeIDE/plugins/com.st.stm32cube.ide.mcu.externaltools.gnu-tools-for-stm32.12.3.rel1.win32_1.0.200.202406191623/tools/bin/../lib/gcc/arm-none-eabi/12.3.1/../../../../arm-none-eabi/lib/thumb/v6-m/nofp\libc_nano.a(libc_a-strncpy.o)
                0x0800f320                strncpy
 .text.strstr   0x0800f348       0x2c C:/ST/STM32CubeIDE_1.16.0/STM32CubeIDE/plugins/com.st.stm32cube.ide.mcu.externaltools.gnu-tools-for-stm32.12.3.rel1.win32_1.0.200.202406191623/tools/bin/../lib/gcc/arm-none-eabi/12.3.1/../../../../arm-none-eabi/lib/thumb/v6-m/nofp\libc_nano.a(libc_a-strstr.o)
                0x0800f348                strstr
 .text._localeconv_r
                0x0800f374        0x8 C:/ST/STM32CubeIDE_1.16.0/STM32CubeIDE/plugins/com.st.stm32cube.ide.mcu.externaltools.gnu-tools-for-stm32.12.3.rel1.win32_1.0.200.202406191623/tools/bin/../lib/gcc/arm-none-eabi/12.3.1/../../../../arm-none-eabi/lib/thumb/v6-m/nofp\libc_nano.a(libc_a-localeconv.o)
                0x0800f374                _localeconv_r
 .text._close_r
                0x0800f37c       0x24 C:/ST/STM32CubeIDE_1.16.0/STM32CubeIDE/plugins/com.st.stm32cube.ide.mcu.externaltools.gnu-tools-for-stm32.12.3.rel1.win32_1.0.200.202406191623/tools/bin/../lib/gcc/arm-none-eabi/12.3.1/../../../../arm-none-eabi/lib/thumb/v6-m/nofp\libc_nano.a(libc_a-closer.o)
                0x0800f37c                _close_r
 .text._lseek_r
                0x0800f3a0       0x28 C:/ST/STM32CubeIDE_1.16.0/STM32CubeIDE/plugins/com.st.stm32cube.ide.mcu.externaltools.gnu-tools-for-stm32.12.3.rel1.win32_1.0.200.202406191623/tools/bin/../lib/gcc/arm-none-eabi/12.3.1/../../../../arm-none-eabi/lib/thumb/v6-m/nofp\libc_nano.a(libc_a-lseekr.o)
                0x0800f3a0                _lseek_r
 .text._read_r  0x0800f3c8       0x28 C:/ST/STM32CubeIDE_1.16.0/STM32CubeIDE/plugins/com.st.stm32cube.ide.mcu.externaltools.gnu-tools-for-stm32.12.3.rel1.win32_1.0.200.202406191623/tools/bin/../lib/gcc/arm-none-eabi/12.3.1/../../../../arm-none-eabi/lib/thumb/v6-m/nofp\libc_nano.a(libc_a-readr.o)
                0x0800f3c8                _read_r
 .text._write_r
                0x0800f3f0       0x28 C:/ST/STM32CubeIDE_1.16.0/STM32CubeIDE/plugins/com.st.stm32cube.ide.mcu.externaltools.gnu-tools-for-stm32.12.3.rel1.win32_1.0.200.202406191623/tools/bin/../lib/gcc/arm-none-eabi/12.3.1/../../../../arm-none-eabi/lib/thumb/v6-m/nofp\libc_nano.a(libc_a-writer.o)
                0x0800f3f0                _write_r
 .text.__errno  0x0800f418        0xc C:/ST/STM32CubeIDE_1.16.0/STM32CubeIDE/plugins/com.st.stm32cube.ide.mcu.externaltools.gnu-tools-for-stm32.12.3.rel1.win32_1.0.200.202406191623/tools/bin/../lib/gcc/arm-none-eabi/12.3.1/../../../../arm-none-eabi/lib/thumb/v6-m/nofp\libc_nano.a(libc_a-errno.o)
                0x0800f418                __errno
 .text.__libc_init_array
                0x0800f424       0x48 C:/ST/STM32CubeIDE_1.16.0/STM32CubeIDE/plugins/com.st.stm32cube.ide.mcu.externaltools.gnu-tools-for-stm32.12.3.rel1.win32_1.0.200.202406191623/tools/bin/../lib/gcc/arm-none-eabi/12.3.1/../../../../arm-none-eabi/lib/thumb/v6-m/nofp\libc_nano.a(libc_a-init.o)
                0x0800f424                __libc_init_array
 .text.__retarget_lock_init_recursive
                0x0800f46c        0x2 C:/ST/STM32CubeIDE_1.16.0/STM32CubeIDE/plugins/com.st.stm32cube.ide.mcu.externaltools.gnu-tools-for-stm32.12.3.rel1.win32_1.0.200.202406191623/tools/bin/../lib/gcc/arm-none-eabi/12.3.1/../../../../arm-none-eabi/lib/thumb/v6-m/nofp\libc_nano.a(libc_a-lock.o)
                0x0800f46c                __retarget_lock_init_recursive
 .text.__retarget_lock_acquire_recursive
                0x0800f46e        0x2 C:/ST/STM32CubeIDE_1.16.0/STM32CubeIDE/plugins/com.st.stm32cube.ide.mcu.externaltools.gnu-tools-for-stm32.12.3.rel1.win32_1.0.200.202406191623/tools/bin/../lib/gcc/arm-none-eabi/12.3.1/../../../../arm-none-eabi/lib/thumb/v6-m/nofp\libc_nano.a(libc_a-lock.o)
                0x0800f46e                __retarget_lock_acquire_recursive
 .text.__retarget_lock_release_recursive
                0x0800f470        0x2 C:/ST/STM32CubeIDE_1.16.0/STM32CubeIDE/plugins/com.st.stm32cube.ide.mcu.externaltools.gnu-tools-for-stm32.12.3.rel1.win32_1.0.200.202406191623/tools/bin/../lib/gcc/arm-none-eabi/12.3.1/../../../../arm-none-eabi/lib/thumb/v6-m/nofp\libc_nano.a(libc_a-lock.o)
                0x0800f470                __retarget_lock_release_recursive
 .text.memchr   0x0800f472       0x16 C:/ST/STM32CubeIDE_1.16.0/STM32CubeIDE/plugins/com.st.stm32cube.ide.mcu.externaltools.gnu-tools-for-stm32.12.3.rel1.win32_1.0.200.202406191623/tools/bin/../lib/gcc/arm-none-eabi/12.3.1/../../../../arm-none-eabi/lib/thumb/v6-m/nofp\libc_nano.a(libc_a-memchr-stub.o)
                0x0800f472                memchr
 .text.quorem   0x0800f488      0x11c C:/ST/STM32CubeIDE_1.16.0/STM32CubeIDE/plugins/com.st.stm32cube.ide.mcu.externaltools.gnu-tools-for-stm32.12.3.rel1.win32_1.0.200.202406191623/tools/bin/../lib/gcc/arm-none-eabi/12.3.1/../../../../arm-none-eabi/lib/thumb/v6-m/nofp\libc_nano.a(libc_a-dtoa.o)
 .text._dtoa_r  0x0800f5a4      0xbe8 C:/ST/STM32CubeIDE_1.16.0/STM32CubeIDE/plugins/com.st.stm32cube.ide.mcu.externaltools.gnu-tools-for-stm32.12.3.rel1.win32_1.0.200.202406191623/tools/bin/../lib/gcc/arm-none-eabi/12.3.1/../../../../arm-none-eabi/lib/thumb/v6-m/nofp\libc_nano.a(libc_a-dtoa.o)
                0x0800f5a4                _dtoa_r
 .text._free_r  0x0801018c       0x94 C:/ST/STM32CubeIDE_1.16.0/STM32CubeIDE/plugins/com.st.stm32cube.ide.mcu.externaltools.gnu-tools-for-stm32.12.3.rel1.win32_1.0.200.202406191623/tools/bin/../lib/gcc/arm-none-eabi/12.3.1/../../../../arm-none-eabi/lib/thumb/v6-m/nofp\libc_nano.a(libc_a-freer.o)
                0x0801018c                _free_r
 .text.malloc   0x08010220       0x14 C:/ST/STM32CubeIDE_1.16.0/STM32CubeIDE/plugins/com.st.stm32cube.ide.mcu.externaltools.gnu-tools-for-stm32.12.3.rel1.win32_1.0.200.202406191623/tools/bin/../lib/gcc/arm-none-eabi/12.3.1/../../../../arm-none-eabi/lib/thumb/v6-m/nofp\libc_nano.a(libc_a-malloc.o)
                0x08010220                malloc
 .text.sbrk_aligned
                0x08010234       0x44 C:/ST/STM32CubeIDE_1.16.0/STM32CubeIDE/plugins/com.st.stm32cube.ide.mcu.externaltools.gnu-tools-for-stm32.12.3.rel1.win32_1.0.200.202406191623/tools/bin/../lib/gcc/arm-none-eabi/12.3.1/../../../../arm-none-eabi/lib/thumb/v6-m/nofp\libc_nano.a(libc_a-mallocr.o)
 .text._malloc_r
                0x08010278      0x100 C:/ST/STM32CubeIDE_1.16.0/STM32CubeIDE/plugins/com.st.stm32cube.ide.mcu.externaltools.gnu-tools-for-stm32.12.3.rel1.win32_1.0.200.202406191623/tools/bin/../lib/gcc/arm-none-eabi/12.3.1/../../../../arm-none-eabi/lib/thumb/v6-m/nofp\libc_nano.a(libc_a-mallocr.o)
                0x08010278                _malloc_r
 .text.__malloc_lock
                0x08010378       0x10 C:/ST/STM32CubeIDE_1.16.0/STM32CubeIDE/plugins/com.st.stm32cube.ide.mcu.externaltools.gnu-tools-for-stm32.12.3.rel1.win32_1.0.200.202406191623/tools/bin/../lib/gcc/arm-none-eabi/12.3.1/../../../../arm-none-eabi/lib/thumb/v6-m/nofp\libc_nano.a(libc_a-mlock.o)
                0x08010378                __malloc_lock
 .text.__malloc_unlock
                0x08010388       0x10 C:/ST/STM32CubeIDE_1.16.0/STM32CubeIDE/plugins/com.st.stm32cube.ide.mcu.externaltools.gnu-tools-for-stm32.12.3.rel1.win32_1.0.200.202406191623/tools/bin/../lib/gcc/arm-none-eabi/12.3.1/../../../../arm-none-eabi/lib/thumb/v6-m/nofp\libc_nano.a(libc_a-mlock.o)
                0x08010388                __malloc_unlock
 .text._Balloc  0x08010398       0x88 C:/ST/STM32CubeIDE_1.16.0/STM32CubeIDE/plugins/com.st.stm32cube.ide.mcu.externaltools.gnu-tools-for-stm32.12.3.rel1.win32_1.0.200.202406191623/tools/bin/../lib/gcc/arm-none-eabi/12.3.1/../../../../arm-none-eabi/lib/thumb/v6-m/nofp\libc_nano.a(libc_a-mprec.o)
                0x08010398                _Balloc
 .text._Bfree   0x08010420       0x48 C:/ST/STM32CubeIDE_1.16.0/STM32CubeIDE/plugins/com.st.stm32cube.ide.mcu.externaltools.gnu-tools-for-stm32.12.3.rel1.win32_1.0.200.202406191623/tools/bin/../lib/gcc/arm-none-eabi/12.3.1/../../../../arm-none-eabi/lib/thumb/v6-m/nofp\libc_nano.a(libc_a-mprec.o)
                0x08010420                _Bfree
 .text.__multadd
                0x08010468       0x88 C:/ST/STM32CubeIDE_1.16.0/STM32CubeIDE/plugins/com.st.stm32cube.ide.mcu.externaltools.gnu-tools-for-stm32.12.3.rel1.win32_1.0.200.202406191623/tools/bin/../lib/gcc/arm-none-eabi/12.3.1/../../../../arm-none-eabi/lib/thumb/v6-m/nofp\libc_nano.a(libc_a-mprec.o)
                0x08010468                __multadd
 .text.__hi0bits
                0x080104f0       0x42 C:/ST/STM32CubeIDE_1.16.0/STM32CubeIDE/plugins/com.st.stm32cube.ide.mcu.externaltools.gnu-tools-for-stm32.12.3.rel1.win32_1.0.200.202406191623/tools/bin/../lib/gcc/arm-none-eabi/12.3.1/../../../../arm-none-eabi/lib/thumb/v6-m/nofp\libc_nano.a(libc_a-mprec.o)
                0x080104f0                __hi0bits
 .text.__lo0bits
                0x08010532       0x5c C:/ST/STM32CubeIDE_1.16.0/STM32CubeIDE/plugins/com.st.stm32cube.ide.mcu.externaltools.gnu-tools-for-stm32.12.3.rel1.win32_1.0.200.202406191623/tools/bin/../lib/gcc/arm-none-eabi/12.3.1/../../../../arm-none-eabi/lib/thumb/v6-m/nofp\libc_nano.a(libc_a-mprec.o)
                0x08010532                __lo0bits
 *fill*         0x0801058e        0x2 
 .text.__i2b    0x08010590       0x30 C:/ST/STM32CubeIDE_1.16.0/STM32CubeIDE/plugins/com.st.stm32cube.ide.mcu.externaltools.gnu-tools-for-stm32.12.3.rel1.win32_1.0.200.202406191623/tools/bin/../lib/gcc/arm-none-eabi/12.3.1/../../../../arm-none-eabi/lib/thumb/v6-m/nofp\libc_nano.a(libc_a-mprec.o)
                0x08010590                __i2b
 .text.__multiply
                0x080105c0      0x164 C:/ST/STM32CubeIDE_1.16.0/STM32CubeIDE/plugins/com.st.stm32cube.ide.mcu.externaltools.gnu-tools-for-stm32.12.3.rel1.win32_1.0.200.202406191623/tools/bin/../lib/gcc/arm-none-eabi/12.3.1/../../../../arm-none-eabi/lib/thumb/v6-m/nofp\libc_nano.a(libc_a-mprec.o)
                0x080105c0                __multiply
 .text.__pow5mult
                0x08010724       0xb8 C:/ST/STM32CubeIDE_1.16.0/STM32CubeIDE/plugins/com.st.stm32cube.ide.mcu.externaltools.gnu-tools-for-stm32.12.3.rel1.win32_1.0.200.202406191623/tools/bin/../lib/gcc/arm-none-eabi/12.3.1/../../../../arm-none-eabi/lib/thumb/v6-m/nofp\libc_nano.a(libc_a-mprec.o)
                0x08010724                __pow5mult
 .text.__lshift
                0x080107dc       0xd8 C:/ST/STM32CubeIDE_1.16.0/STM32CubeIDE/plugins/com.st.stm32cube.ide.mcu.externaltools.gnu-tools-for-stm32.12.3.rel1.win32_1.0.200.202406191623/tools/bin/../lib/gcc/arm-none-eabi/12.3.1/../../../../arm-none-eabi/lib/thumb/v6-m/nofp\libc_nano.a(libc_a-mprec.o)
                0x080107dc                __lshift
 .text.__mcmp   0x080108b4       0x36 C:/ST/STM32CubeIDE_1.16.0/STM32CubeIDE/plugins/com.st.stm32cube.ide.mcu.externaltools.gnu-tools-for-stm32.12.3.rel1.win32_1.0.200.202406191623/tools/bin/../lib/gcc/arm-none-eabi/12.3.1/../../../../arm-none-eabi/lib/thumb/v6-m/nofp\libc_nano.a(libc_a-mprec.o)
                0x080108b4                __mcmp
 *fill*         0x080108ea        0x2 
 .text.__mdiff  0x080108ec      0x134 C:/ST/STM32CubeIDE_1.16.0/STM32CubeIDE/plugins/com.st.stm32cube.ide.mcu.externaltools.gnu-tools-for-stm32.12.3.rel1.win32_1.0.200.202406191623/tools/bin/../lib/gcc/arm-none-eabi/12.3.1/../../../../arm-none-eabi/lib/thumb/v6-m/nofp\libc_nano.a(libc_a-mprec.o)
                0x080108ec                __mdiff
 .text.__d2b    0x08010a20       0xc0 C:/ST/STM32CubeIDE_1.16.0/STM32CubeIDE/plugins/com.st.stm32cube.ide.mcu.externaltools.gnu-tools-for-stm32.12.3.rel1.win32_1.0.200.202406191623/tools/bin/../lib/gcc/arm-none-eabi/12.3.1/../../../../arm-none-eabi/lib/thumb/v6-m/nofp\libc_nano.a(libc_a-mprec.o)
                0x08010a20                __d2b
 .text.__ssputs_r
                0x08010ae0       0xc0 C:/ST/STM32CubeIDE_1.16.0/STM32CubeIDE/plugins/com.st.stm32cube.ide.mcu.externaltools.gnu-tools-for-stm32.12.3.rel1.win32_1.0.200.202406191623/tools/bin/../lib/gcc/arm-none-eabi/12.3.1/../../../../arm-none-eabi/lib/thumb/v6-m/nofp\libc_nano.a(libc_a-nano-svfprintf.o)
                0x08010ae0                __ssputs_r
 .text._svfprintf_r
                0x08010ba0      0x1fc C:/ST/STM32CubeIDE_1.16.0/STM32CubeIDE/plugins/com.st.stm32cube.ide.mcu.externaltools.gnu-tools-for-stm32.12.3.rel1.win32_1.0.200.202406191623/tools/bin/../lib/gcc/arm-none-eabi/12.3.1/../../../../arm-none-eabi/lib/thumb/v6-m/nofp\libc_nano.a(libc_a-nano-svfprintf.o)
                0x08010ba0                _svfiprintf_r
                0x08010ba0                _svfprintf_r
 .text.__sfputc_r
                0x08010d9c       0x2a C:/ST/STM32CubeIDE_1.16.0/STM32CubeIDE/plugins/com.st.stm32cube.ide.mcu.externaltools.gnu-tools-for-stm32.12.3.rel1.win32_1.0.200.202406191623/tools/bin/../lib/gcc/arm-none-eabi/12.3.1/../../../../arm-none-eabi/lib/thumb/v6-m/nofp\libc_nano.a(libc_a-nano-vfprintf.o)
 .text.__sfputs_r
                0x08010dc6       0x24 C:/ST/STM32CubeIDE_1.16.0/STM32CubeIDE/plugins/com.st.stm32cube.ide.mcu.externaltools.gnu-tools-for-stm32.12.3.rel1.win32_1.0.200.202406191623/tools/bin/../lib/gcc/arm-none-eabi/12.3.1/../../../../arm-none-eabi/lib/thumb/v6-m/nofp\libc_nano.a(libc_a-nano-vfprintf.o)
                0x08010dc6                __sfputs_r
 *fill*         0x08010dea        0x2 
 .text._vfprintf_r
                0x08010dec      0x238 C:/ST/STM32CubeIDE_1.16.0/STM32CubeIDE/plugins/com.st.stm32cube.ide.mcu.externaltools.gnu-tools-for-stm32.12.3.rel1.win32_1.0.200.202406191623/tools/bin/../lib/gcc/arm-none-eabi/12.3.1/../../../../arm-none-eabi/lib/thumb/v6-m/nofp\libc_nano.a(libc_a-nano-vfprintf.o)
                0x08010dec                _vfprintf_r
                0x08010dec                _vfiprintf_r
 .text.__sflush_r
                0x08011024      0x10c C:/ST/STM32CubeIDE_1.16.0/STM32CubeIDE/plugins/com.st.stm32cube.ide.mcu.externaltools.gnu-tools-for-stm32.12.3.rel1.win32_1.0.200.202406191623/tools/bin/../lib/gcc/arm-none-eabi/12.3.1/../../../../arm-none-eabi/lib/thumb/v6-m/nofp\libc_nano.a(libc_a-fflush.o)
                0x08011024                __sflush_r
 .text._fflush_r
                0x08011130       0x56 C:/ST/STM32CubeIDE_1.16.0/STM32CubeIDE/plugins/com.st.stm32cube.ide.mcu.externaltools.gnu-tools-for-stm32.12.3.rel1.win32_1.0.200.202406191623/tools/bin/../lib/gcc/arm-none-eabi/12.3.1/../../../../arm-none-eabi/lib/thumb/v6-m/nofp\libc_nano.a(libc_a-fflush.o)
                0x08011130                _fflush_r
 .text.__swbuf_r
                0x08011186       0x84 C:/ST/STM32CubeIDE_1.16.0/STM32CubeIDE/plugins/com.st.stm32cube.ide.mcu.externaltools.gnu-tools-for-stm32.12.3.rel1.win32_1.0.200.202406191623/tools/bin/../lib/gcc/arm-none-eabi/12.3.1/../../../../arm-none-eabi/lib/thumb/v6-m/nofp\libc_nano.a(libc_a-wbuf.o)
                0x08011186                __swbuf_r
 *fill*         0x0801120a        0x2 
 .text.__swsetup_r
                0x0801120c       0xbc C:/ST/STM32CubeIDE_1.16.0/STM32CubeIDE/plugins/com.st.stm32cube.ide.mcu.externaltools.gnu-tools-for-stm32.12.3.rel1.win32_1.0.200.202406191623/tools/bin/../lib/gcc/arm-none-eabi/12.3.1/../../../../arm-none-eabi/lib/thumb/v6-m/nofp\libc_nano.a(libc_a-wsetup.o)
                0x0801120c                __swsetup_r
 .text.memmove  0x080112c8       0x26 C:/ST/STM32CubeIDE_1.16.0/STM32CubeIDE/plugins/com.st.stm32cube.ide.mcu.externaltools.gnu-tools-for-stm32.12.3.rel1.win32_1.0.200.202406191623/tools/bin/../lib/gcc/arm-none-eabi/12.3.1/../../../../arm-none-eabi/lib/thumb/v6-m/nofp\libc_nano.a(libc_a-memmove.o)
                0x080112c8                memmove
 *fill*         0x080112ee        0x2 
 .text._sbrk_r  0x080112f0       0x24 C:/ST/STM32CubeIDE_1.16.0/STM32CubeIDE/plugins/com.st.stm32cube.ide.mcu.externaltools.gnu-tools-for-stm32.12.3.rel1.win32_1.0.200.202406191623/tools/bin/../lib/gcc/arm-none-eabi/12.3.1/../../../../arm-none-eabi/lib/thumb/v6-m/nofp\libc_nano.a(libc_a-sbrkr.o)
                0x080112f0                _sbrk_r
 .text.memcpy   0x08011314       0x12 C:/ST/STM32CubeIDE_1.16.0/STM32CubeIDE/plugins/com.st.stm32cube.ide.mcu.externaltools.gnu-tools-for-stm32.12.3.rel1.win32_1.0.200.202406191623/tools/bin/../lib/gcc/arm-none-eabi/12.3.1/../../../../arm-none-eabi/lib/thumb/v6-m/nofp\libc_nano.a(libc_a-memcpy-stub.o)
                0x08011314                memcpy
 *fill*         0x08011326        0x2 
 .text.__assert_func
                0x08011328       0x3c C:/ST/STM32CubeIDE_1.16.0/STM32CubeIDE/plugins/com.st.stm32cube.ide.mcu.externaltools.gnu-tools-for-stm32.12.3.rel1.win32_1.0.200.202406191623/tools/bin/../lib/gcc/arm-none-eabi/12.3.1/../../../../arm-none-eabi/lib/thumb/v6-m/nofp\libc_nano.a(libc_a-assert.o)
                0x08011328                __assert_func
 .text._calloc_r
                0x08011364       0x5a C:/ST/STM32CubeIDE_1.16.0/STM32CubeIDE/plugins/com.st.stm32cube.ide.mcu.externaltools.gnu-tools-for-stm32.12.3.rel1.win32_1.0.200.202406191623/tools/bin/../lib/gcc/arm-none-eabi/12.3.1/../../../../arm-none-eabi/lib/thumb/v6-m/nofp\libc_nano.a(libc_a-callocr.o)
                0x08011364                _calloc_r
 .text.__ascii_mbtowc
                0x080113be       0x24 C:/ST/STM32CubeIDE_1.16.0/STM32CubeIDE/plugins/com.st.stm32cube.ide.mcu.externaltools.gnu-tools-for-stm32.12.3.rel1.win32_1.0.200.202406191623/tools/bin/../lib/gcc/arm-none-eabi/12.3.1/../../../../arm-none-eabi/lib/thumb/v6-m/nofp\libc_nano.a(libc_a-mbtowc_r.o)
                0x080113be                __ascii_mbtowc
 .text._realloc_r
                0x080113e2       0x5e C:/ST/STM32CubeIDE_1.16.0/STM32CubeIDE/plugins/com.st.stm32cube.ide.mcu.externaltools.gnu-tools-for-stm32.12.3.rel1.win32_1.0.200.202406191623/tools/bin/../lib/gcc/arm-none-eabi/12.3.1/../../../../arm-none-eabi/lib/thumb/v6-m/nofp\libc_nano.a(libc_a-reallocr.o)
                0x080113e2                _realloc_r
 .text.__ascii_wctomb
                0x08011440       0x1a C:/ST/STM32CubeIDE_1.16.0/STM32CubeIDE/plugins/com.st.stm32cube.ide.mcu.externaltools.gnu-tools-for-stm32.12.3.rel1.win32_1.0.200.202406191623/tools/bin/../lib/gcc/arm-none-eabi/12.3.1/../../../../arm-none-eabi/lib/thumb/v6-m/nofp\libc_nano.a(libc_a-wctomb_r.o)
                0x08011440                __ascii_wctomb
 *fill*         0x0801145a        0x2 
 .text.fprintf  0x0801145c       0x20 C:/ST/STM32CubeIDE_1.16.0/STM32CubeIDE/plugins/com.st.stm32cube.ide.mcu.externaltools.gnu-tools-for-stm32.12.3.rel1.win32_1.0.200.202406191623/tools/bin/../lib/gcc/arm-none-eabi/12.3.1/../../../../arm-none-eabi/lib/thumb/v6-m/nofp\libc_nano.a(libc_a-fprintf.o)
                0x0801145c                fiprintf
                0x0801145c                fprintf
 .text.__swhatbuf_r
                0x0801147c       0x54 C:/ST/STM32CubeIDE_1.16.0/STM32CubeIDE/plugins/com.st.stm32cube.ide.mcu.externaltools.gnu-tools-for-stm32.12.3.rel1.win32_1.0.200.202406191623/tools/bin/../lib/gcc/arm-none-eabi/12.3.1/../../../../arm-none-eabi/lib/thumb/v6-m/nofp\libc_nano.a(libc_a-makebuf.o)
                0x0801147c                __swhatbuf_r
 .text.__smakebuf_r
                0x080114d0       0x82 C:/ST/STM32CubeIDE_1.16.0/STM32CubeIDE/plugins/com.st.stm32cube.ide.mcu.externaltools.gnu-tools-for-stm32.12.3.rel1.win32_1.0.200.202406191623/tools/bin/../lib/gcc/arm-none-eabi/12.3.1/../../../../arm-none-eabi/lib/thumb/v6-m/nofp\libc_nano.a(libc_a-makebuf.o)
                0x080114d0                __smakebuf_r
 *fill*         0x08011552        0x2 
 .text._fstat_r
                0x08011554       0x24 C:/ST/STM32CubeIDE_1.16.0/STM32CubeIDE/plugins/com.st.stm32cube.ide.mcu.externaltools.gnu-tools-for-stm32.12.3.rel1.win32_1.0.200.202406191623/tools/bin/../lib/gcc/arm-none-eabi/12.3.1/../../../../arm-none-eabi/lib/thumb/v6-m/nofp\libc_nano.a(libc_a-fstatr.o)
                0x08011554                _fstat_r
 .text._isatty_r
                0x08011578       0x24 C:/ST/STM32CubeIDE_1.16.0/STM32CubeIDE/plugins/com.st.stm32cube.ide.mcu.externaltools.gnu-tools-for-stm32.12.3.rel1.win32_1.0.200.202406191623/tools/bin/../lib/gcc/arm-none-eabi/12.3.1/../../../../arm-none-eabi/lib/thumb/v6-m/nofp\libc_nano.a(libc_a-isattyr.o)
                0x08011578                _isatty_r
 .text.abort    0x0801159c        0xe C:/ST/STM32CubeIDE_1.16.0/STM32CubeIDE/plugins/com.st.stm32cube.ide.mcu.externaltools.gnu-tools-for-stm32.12.3.rel1.win32_1.0.200.202406191623/tools/bin/../lib/gcc/arm-none-eabi/12.3.1/../../../../arm-none-eabi/lib/thumb/v6-m/nofp\libc_nano.a(libc_a-abort.o)
                0x0801159c                abort
 .text._malloc_usable_size_r
                0x080115aa       0x10 C:/ST/STM32CubeIDE_1.16.0/STM32CubeIDE/plugins/com.st.stm32cube.ide.mcu.externaltools.gnu-tools-for-stm32.12.3.rel1.win32_1.0.200.202406191623/tools/bin/../lib/gcc/arm-none-eabi/12.3.1/../../../../arm-none-eabi/lib/thumb/v6-m/nofp\libc_nano.a(libc_a-msizer.o)
                0x080115aa                _malloc_usable_size_r
 .text._raise_r
                0x080115ba       0x52 C:/ST/STM32CubeIDE_1.16.0/STM32CubeIDE/plugins/com.st.stm32cube.ide.mcu.externaltools.gnu-tools-for-stm32.12.3.rel1.win32_1.0.200.202406191623/tools/bin/../lib/gcc/arm-none-eabi/12.3.1/../../../../arm-none-eabi/lib/thumb/v6-m/nofp\libc_nano.a(libc_a-signal.o)
                0x080115ba                _raise_r
 .text.raise    0x0801160c       0x14 C:/ST/STM32CubeIDE_1.16.0/STM32CubeIDE/plugins/com.st.stm32cube.ide.mcu.externaltools.gnu-tools-for-stm32.12.3.rel1.win32_1.0.200.202406191623/tools/bin/../lib/gcc/arm-none-eabi/12.3.1/../../../../arm-none-eabi/lib/thumb/v6-m/nofp\libc_nano.a(libc_a-signal.o)
                0x0801160c                raise
 .text._kill_r  0x08011620       0x24 C:/ST/STM32CubeIDE_1.16.0/STM32CubeIDE/plugins/com.st.stm32cube.ide.mcu.externaltools.gnu-tools-for-stm32.12.3.rel1.win32_1.0.200.202406191623/tools/bin/../lib/gcc/arm-none-eabi/12.3.1/../../../../arm-none-eabi/lib/thumb/v6-m/nofp\libc_nano.a(libc_a-signalr.o)
                0x08011620                _kill_r
 .text._getpid_r
                0x08011644        0x8 C:/ST/STM32CubeIDE_1.16.0/STM32CubeIDE/plugins/com.st.stm32cube.ide.mcu.externaltools.gnu-tools-for-stm32.12.3.rel1.win32_1.0.200.202406191623/tools/bin/../lib/gcc/arm-none-eabi/12.3.1/../../../../arm-none-eabi/lib/thumb/v6-m/nofp\libc_nano.a(libc_a-signalr.o)
                0x08011644                _getpid_r
 .text.expf     0x0801164c       0x50 C:/ST/STM32CubeIDE_1.16.0/STM32CubeIDE/plugins/com.st.stm32cube.ide.mcu.externaltools.gnu-tools-for-stm32.12.3.rel1.win32_1.0.200.202406191623/tools/bin/../lib/gcc/arm-none-eabi/12.3.1/../../../../arm-none-eabi/lib/thumb/v6-m/nofp\libm.a(libm_a-wf_exp.o)
                0x0801164c                expf
 .text.sqrtf    0x0801169c       0x38 C:/ST/STM32CubeIDE_1.16.0/STM32CubeIDE/plugins/com.st.stm32cube.ide.mcu.externaltools.gnu-tools-for-stm32.12.3.rel1.win32_1.0.200.202406191623/tools/bin/../lib/gcc/arm-none-eabi/12.3.1/../../../../arm-none-eabi/lib/thumb/v6-m/nofp\libm.a(libm_a-wf_sqrt.o)
                0x0801169c                sqrtf
 .text.finitef  0x080116d4       0x12 C:/ST/STM32CubeIDE_1.16.0/STM32CubeIDE/plugins/com.st.stm32cube.ide.mcu.externaltools.gnu-tools-for-stm32.12.3.rel1.win32_1.0.200.202406191623/tools/bin/../lib/gcc/arm-none-eabi/12.3.1/../../../../arm-none-eabi/lib/thumb/v6-m/nofp\libm.a(libm_a-sf_finite.o)
                0x080116d4                finitef
 *fill*         0x080116e6        0x2 
 .text.__ieee754_sqrtf
                0x080116e8       0xf0 C:/ST/STM32CubeIDE_1.16.0/STM32CubeIDE/plugins/com.st.stm32cube.ide.mcu.externaltools.gnu-tools-for-stm32.12.3.rel1.win32_1.0.200.202406191623/tools/bin/../lib/gcc/arm-none-eabi/12.3.1/../../../../arm-none-eabi/lib/thumb/v6-m/nofp\libm.a(libm_a-ef_sqrt.o)
                0x080116e8                __ieee754_sqrtf
 .text.__ieee754_expf
                0x080117d8      0x1e0 C:/ST/STM32CubeIDE_1.16.0/STM32CubeIDE/plugins/com.st.stm32cube.ide.mcu.externaltools.gnu-tools-for-stm32.12.3.rel1.win32_1.0.200.202406191623/tools/bin/../lib/gcc/arm-none-eabi/12.3.1/../../../../arm-none-eabi/lib/thumb/v6-m/nofp\libm.a(libm_a-ef_exp.o)
                0x080117d8                __ieee754_expf
 .text.with_errnof
                0x080119b8       0x10 C:/ST/STM32CubeIDE_1.16.0/STM32CubeIDE/plugins/com.st.stm32cube.ide.mcu.externaltools.gnu-tools-for-stm32.12.3.rel1.win32_1.0.200.202406191623/tools/bin/../lib/gcc/arm-none-eabi/12.3.1/../../../../arm-none-eabi/lib/thumb/v6-m/nofp\libm.a(libm_a-math_errf.o)
 .text.xflowf   0x080119c8       0x1c C:/ST/STM32CubeIDE_1.16.0/STM32CubeIDE/plugins/com.st.stm32cube.ide.mcu.externaltools.gnu-tools-for-stm32.12.3.rel1.win32_1.0.200.202406191623/tools/bin/../lib/gcc/arm-none-eabi/12.3.1/../../../../arm-none-eabi/lib/thumb/v6-m/nofp\libm.a(libm_a-math_errf.o)
 .text.__math_uflowf
                0x080119e4        0xc C:/ST/STM32CubeIDE_1.16.0/STM32CubeIDE/plugins/com.st.stm32cube.ide.mcu.externaltools.gnu-tools-for-stm32.12.3.rel1.win32_1.0.200.202406191623/tools/bin/../lib/gcc/arm-none-eabi/12.3.1/../../../../arm-none-eabi/lib/thumb/v6-m/nofp\libm.a(libm_a-math_errf.o)
                0x080119e4                __math_uflowf
 .text.__math_oflowf