C:/Users/joris/STM32Cube/Repository/STM32Cube_FW_L0_V1.12.2/Drivers/STM32L0xx_HAL_Driver/Src/stm32l0xx_hal_rcc.c:221:19:HAL_RCC_DeInit	32	static
C:/Users/joris/STM32Cube/Repository/STM32Cube_FW_L0_V1.12.2/Drivers/STM32L0xx_HAL_Driver/Src/stm32l0xx_hal_rcc.c:336:19:HAL_RCC_OscConfig	56	static
C:/Users/joris/STM32Cube/Repository/STM32Cube_FW_L0_V1.12.2/Drivers/STM32L0xx_HAL_Driver/Src/stm32l0xx_hal_rcc.c:857:19:HAL_RCC_ClockConfig	32	static
C:/Users/joris/STM32Cube/Repository/STM32Cube_FW_L0_V1.12.2/Drivers/STM32L0xx_HAL_Driver/Src/stm32l0xx_hal_rcc.c:1118:6:HAL_RCC_MCOConfig	64	static
C:/Users/joris/STM32Cube/Repository/STM32Cube_FW_L0_V1.12.2/Drivers/STM32L0xx_HAL_Driver/Src/stm32l0xx_hal_rcc.c:1175:6:HAL_RCC_EnableCSS	8	static
C:/Users/joris/STM32Cube/Repository/STM32Cube_FW_L0_V1.12.2/Drivers/STM32L0xx_HAL_Driver/Src/stm32l0xx_hal_rcc.c:1211:10:HAL_RCC_GetSysClockFreq	72	static
C:/Users/joris/STM32Cube/Repository/STM32Cube_FW_L0_V1.12.2/Drivers/STM32L0xx_HAL_Driver/Src/stm32l0xx_hal_rcc.c:1281:10:HAL_RCC_GetHCLKFreq	8	static
C:/Users/joris/STM32Cube/Repository/STM32Cube_FW_L0_V1.12.2/Drivers/STM32L0xx_HAL_Driver/Src/stm32l0xx_hal_rcc.c:1292:10:HAL_RCC_GetPCLK1Freq	8	static
C:/Users/joris/STM32Cube/Repository/STM32Cube_FW_L0_V1.12.2/Drivers/STM32L0xx_HAL_Driver/Src/stm32l0xx_hal_rcc.c:1304:10:HAL_RCC_GetPCLK2Freq	8	static
C:/Users/joris/STM32Cube/Repository/STM32Cube_FW_L0_V1.12.2/Drivers/STM32L0xx_HAL_Driver/Src/stm32l0xx_hal_rcc.c:1317:6:HAL_RCC_GetOscConfig	16	static
C:/Users/joris/STM32Cube/Repository/STM32Cube_FW_L0_V1.12.2/Drivers/STM32L0xx_HAL_Driver/Src/stm32l0xx_hal_rcc.c:1420:6:HAL_RCC_GetClockConfig	16	static
C:/Users/joris/STM32Cube/Repository/STM32Cube_FW_L0_V1.12.2/Drivers/STM32L0xx_HAL_Driver/Src/stm32l0xx_hal_rcc.c:1451:6:HAL_RCC_NMI_IRQHandler	8	static
C:/Users/joris/STM32Cube/Repository/STM32Cube_FW_L0_V1.12.2/Drivers/STM32L0xx_HAL_Driver/Src/stm32l0xx_hal_rcc.c:1468:13:HAL_RCC_CSSCallback	8	static
