../Core/Src/ESP.c:78:6:setCharges	16	static
../Core/Src/ESP.c:82:6:setMeasurement	24	static
../Core/Src/ESP.c:87:6:setMic	16	static
../Core/Src/ESP.c:110:6:ESP_Init	16	static
../Core/Src/ESP.c:115:13:ESP_Send	32	static
../Core/Src/ESP.c:124:13:ESP_Receive	32	static
../Core/Src/ESP.c:137:6:HAL_UART_RxCpltCallback	16	static
../Core/Src/ESP.c:145:6:HAL_UART_ErrorCallback	16	static
../Core/Src/ESP.c:151:10:CreateMessage	32	static
../Core/Src/ESP.c:167:6:SetCommandBuffer	16	static
../Core/Src/ESP.c:171:6:StartProg	8	static
../Core/Src/ESP.c:182:10:ParseBuffer	128	dynamic
../Core/Src/ESP.c:233:6:PollAwake	16	static
../Core/Src/ESP.c:243:6:RFPower	16	static
../Core/Src/ESP.c:253:6:CheckRFPower	16	static
../Core/Src/ESP.c:264:6:ATRestore	16	static
../Core/Src/ESP.c:274:6:CWINIT	16	static
../Core/Src/ESP.c:284:6:CWMODE1	16	static
../Core/Src/ESP.c:294:6:CWAUTOCONN	16	static
../Core/Src/ESP.c:304:6:CWJAP	160	dynamic
../Core/Src/ESP.c:320:6:CWMODE3	16	static
../Core/Src/ESP.c:330:6:CWSAP	16	static
../Core/Src/ESP.c:340:6:CIPMUX	16	static
../Core/Src/ESP.c:351:6:WEBSERVER	16	static
../Core/Src/ESP.c:362:6:HTTPCPOST	664	dynamic
../Core/Src/ESP.c:377:6:SENDDATA	736	dynamic
../Core/Src/ESP.c:393:6:SLEEP	16	static
../Core/Src/ESP.c:404:9:DMA_ProcessBuffer	32	static
../Core/Src/ESP.c:449:6:ATCompare	24	static
../Core/Src/ESP.c:463:6:AT_Send	32	static
../Core/Src/ESP.c:562:6:ESP_WakeTest	24	static
../Core/Src/ESP.c:652:6:ESP_Upkeep	24	static
