../Core/Src/ESP.c:88:6:setCharges	8	static
../Core/Src/ESP.c:93:6:setMeasurement	24	static
../Core/Src/ESP.c:98:6:setMic	16	static
../Core/Src/ESP.c:102:6:SetConfigMode	8	static
../Core/Src/ESP.c:124:6:ESP_GetUID	8	static
../Core/Src/ESP.c:129:6:ESP_Init	16	static
../Core/Src/ESP.c:135:13:ESP_Send	32	static
../Core/Src/ESP.c:143:13:ESP_Receive	32	static
../Core/Src/ESP.c:156:6:HAL_UART_RxCpltCallback	16	static
../Core/Src/ESP.c:164:6:HAL_UART_ErrorCallback	16	static
../Core/Src/ESP.c:170:10:CreateMessage	56	static
../Core/Src/ESP.c:189:6:SetCommandBuffer	16	static
../Core/Src/ESP.c:193:6:StartProg	8	static
../Core/Src/ESP.c:205:10:ParseBuffer	128	dynamic
../Core/Src/ESP.c:256:6:PollAwake	16	static
../Core/Src/ESP.c:266:6:RFPower	16	static
../Core/Src/ESP.c:276:6:CheckRFPower	16	static
../Core/Src/ESP.c:287:6:ATRestore	16	static
../Core/Src/ESP.c:297:6:CWINIT	16	static
../Core/Src/ESP.c:307:6:CWMODE1	16	static
../Core/Src/ESP.c:317:6:CWMODE2	16	static
../Core/Src/ESP.c:327:6:CWAUTOCONN	16	static
../Core/Src/ESP.c:337:6:CWJAP	160	dynamic
../Core/Src/ESP.c:353:6:CWMODE3	16	static
../Core/Src/ESP.c:363:6:CWSAP	16	static
../Core/Src/ESP.c:373:6:CIPMUX	16	static
../Core/Src/ESP.c:384:6:WEBSERVER	16	static
../Core/Src/ESP.c:395:6:HTTPCPOST	664	dynamic
../Core/Src/ESP.c:410:6:SENDDATA	736	dynamic
../Core/Src/ESP.c:426:6:SLEEP	16	static
../Core/Src/ESP.c:437:9:DMA_ProcessBuffer	32	static
../Core/Src/ESP.c:485:6:ATCompare	24	static
../Core/Src/ESP.c:499:6:AT_Send	32	static
../Core/Src/ESP.c:604:6:ESP_WakeTest	24	static
../Core/Src/ESP.c:697:6:ESP_Upkeep	24	static
