../Core/Src/ESP.c:78:6:setCharges	8	static
../Core/Src/ESP.c:82:6:checkEEprom	16	static
../Core/Src/ESP.c:93:6:checkName	16	static
../Core/Src/ESP.c:104:6:ESP_GetHT	16	static
../Core/Src/ESP.c:108:6:setMeasurement	24	static
../Core/Src/ESP.c:113:6:setMic	16	static
../Core/Src/ESP.c:117:6:SetConfigMode	8	static
../Core/Src/ESP.c:139:6:ESP_GetUID	8	static
../Core/Src/ESP.c:144:6:ESP_Init	16	static
../Core/Src/ESP.c:151:13:ESP_Send	32	static
../Core/Src/ESP.c:159:13:ESP_Receive	32	static
../Core/Src/ESP.c:172:6:HAL_UART_RxCpltCallback	16	static
../Core/Src/ESP.c:180:6:HAL_UART_ErrorCallback	16	static
../Core/Src/ESP.c:187:6:uint8ArrayToString	24	static
../Core/Src/ESP.c:194:10:CreateMessage	56	static
../Core/Src/ESP.c:265:6:StartProg	8	static
../Core/Src/ESP.c:277:10:ParseBuffer	344	static
../Core/Src/ESP.c:335:6:PollAwake	16	static
../Core/Src/ESP.c:345:6:RFPower	16	static
../Core/Src/ESP.c:355:6:CheckRFPower	16	static
../Core/Src/ESP.c:366:6:ATRestore	16	static
../Core/Src/ESP.c:376:6:CWINIT	16	static
../Core/Src/ESP.c:386:6:CWMODE1	16	static
../Core/Src/ESP.c:396:6:CWMODE2	16	static
../Core/Src/ESP.c:406:6:CWAUTOCONN	16	static
../Core/Src/ESP.c:416:6:CWJAP	160	dynamic
../Core/Src/ESP.c:433:6:CWMODE3	16	static
../Core/Src/ESP.c:443:6:CWSTATE	16	static
../Core/Src/ESP.c:453:6:CWSAP	16	static
../Core/Src/ESP.c:463:6:CIPMUX	16	static
../Core/Src/ESP.c:474:6:WEBSERVER	16	static
../Core/Src/ESP.c:485:6:HTTPCPOST	288	static
../Core/Src/ESP.c:507:6:SENDDATA	16	static
../Core/Src/ESP.c:516:6:SLEEP	16	static
../Core/Src/ESP.c:527:9:DMA_ProcessBuffer	32	static
../Core/Src/ESP.c:574:6:clearDMABuffer	8	static
../Core/Src/ESP.c:578:6:ATCompare	24	static
../Core/Src/ESP.c:592:6:AT_Send	32	static
../Core/Src/ESP.c:700:6:ESP_WakeTest	24	static
../Core/Src/ESP.c:793:12:ESP_Upkeep	24	static
