../Core/Src/ESP.c:86:6:setCharges	8	static
../Core/Src/ESP.c:91:6:setMeasurement	24	static
../Core/Src/ESP.c:96:6:setMic	16	static
../Core/Src/ESP.c:100:6:SetConfigMode	8	static
../Core/Src/ESP.c:122:6:ESP_GetUID	8	static
../Core/Src/ESP.c:127:6:ESP_Init	16	static
../Core/Src/ESP.c:133:13:ESP_Send	32	static
../Core/Src/ESP.c:141:13:ESP_Receive	32	static
../Core/Src/ESP.c:154:6:HAL_UART_RxCpltCallback	16	static
../Core/Src/ESP.c:162:6:HAL_UART_ErrorCallback	16	static
../Core/Src/ESP.c:168:6:uint8ArrayToString	24	static
../Core/Src/ESP.c:175:10:CreateMessage	40	static
../Core/Src/ESP.c:212:6:SetCommandBuffer	16	static
../Core/Src/ESP.c:216:6:StartProg	8	static
../Core/Src/ESP.c:228:10:ParseBuffer	128	dynamic
../Core/Src/ESP.c:279:6:PollAwake	16	static
../Core/Src/ESP.c:289:6:RFPower	16	static
../Core/Src/ESP.c:299:6:CheckRFPower	16	static
../Core/Src/ESP.c:310:6:ATRestore	16	static
../Core/Src/ESP.c:320:6:CWINIT	16	static
../Core/Src/ESP.c:330:6:CWMODE1	16	static
../Core/Src/ESP.c:340:6:CWMODE2	16	static
../Core/Src/ESP.c:350:6:CWAUTOCONN	16	static
../Core/Src/ESP.c:360:6:CWJAP	160	dynamic
../Core/Src/ESP.c:376:6:CWMODE3	16	static
../Core/Src/ESP.c:386:6:CWSAP	16	static
../Core/Src/ESP.c:396:6:CIPMUX	16	static
../Core/Src/ESP.c:407:6:WEBSERVER	16	static
../Core/Src/ESP.c:418:6:HTTPCPOST	288	static
../Core/Src/ESP.c:443:6:SENDDATA	696	static
../Core/Src/ESP.c:459:6:SLEEP	16	static
../Core/Src/ESP.c:470:9:DMA_ProcessBuffer	32	static
../Core/Src/ESP.c:518:6:ATCompare	24	static
../Core/Src/ESP.c:532:6:AT_Send	32	static
../Core/Src/ESP.c:637:6:ESP_WakeTest	24	static
../Core/Src/ESP.c:730:6:ESP_Upkeep	24	static
