../Core/Src/ESP.c:76:6:setCharges	16	static
../Core/Src/ESP.c:80:6:setMeasurement	24	static
../Core/Src/ESP.c:105:6:ESP_Init	16	static
../Core/Src/ESP.c:110:13:ESP_Send	32	static
../Core/Src/ESP.c:119:13:ESP_Receive	32	static
../Core/Src/ESP.c:132:6:HAL_UART_RxCpltCallback	16	static
../Core/Src/ESP.c:140:6:HAL_UART_ErrorCallback	16	static
../Core/Src/ESP.c:146:10:CreateMessage	32	static
../Core/Src/ESP.c:162:6:SetCommandBuffer	16	static
../Core/Src/ESP.c:166:6:StartProg	8	static
../Core/Src/ESP.c:177:10:ParseBuffer	128	dynamic
../Core/Src/ESP.c:228:6:PollAwake	16	static
../Core/Src/ESP.c:238:6:RFPower	16	static
../Core/Src/ESP.c:248:6:CheckRFPower	16	static
../Core/Src/ESP.c:259:6:ATRestore	16	static
../Core/Src/ESP.c:269:6:CWINIT	16	static
../Core/Src/ESP.c:279:6:CWMODE1	16	static
../Core/Src/ESP.c:289:6:CWAUTOCONN	16	static
../Core/Src/ESP.c:299:6:CWJAP	160	dynamic
../Core/Src/ESP.c:315:6:CWMODE3	16	static
../Core/Src/ESP.c:325:6:CWSAP	16	static
../Core/Src/ESP.c:335:6:CIPMUX	16	static
../Core/Src/ESP.c:346:6:WEBSERVER	16	static
../Core/Src/ESP.c:357:6:HTTPCPOST	664	dynamic
../Core/Src/ESP.c:372:6:SENDDATA	736	dynamic
../Core/Src/ESP.c:388:6:SLEEP	16	static
../Core/Src/ESP.c:399:9:DMA_ProcessBuffer	32	static
../Core/Src/ESP.c:444:6:ATCompare	24	static
../Core/Src/ESP.c:458:6:AT_Send	32	static
../Core/Src/ESP.c:557:6:ESP_WakeTest	24	static
../Core/Src/ESP.c:647:6:ESP_Upkeep	24	static
