../Core/Src/ESP.c:22:6:ESP_Init	16	static
../Core/Src/ESP.c:27:13:ESP_Send	32	static
../Core/Src/ESP.c:38:13:ESP_Receive	32	static
../Core/Src/ESP.c:50:6:HAL_UART_TxCpltCallback	16	static
../Core/Src/ESP.c:58:6:HAL_UART_RxCpltCallback	16	static
../Core/Src/ESP.c:66:6:HAL_UART_ErrorCallback	16	static
../Core/Src/ESP.c:73:13:ESP_TranceivingDone	8	static
../Core/Src/ESP.c:86:13:ESP_ReceivingDone	8	static
../Core/Src/ESP.c:99:13:ESP_ResponseMatch	16	static
../Core/Src/ESP.c:103:6:ESP_Upkeep	8	static
