../Core/Src/ESP.c:89:6:setCharges	8	static
../Core/Src/ESP.c:94:6:ESP_GetHT	16	static
../Core/Src/ESP.c:98:6:setMeasurement	24	static
../Core/Src/ESP.c:103:6:setMic	16	static
../Core/Src/ESP.c:107:6:SetConfigMode	8	static
../Core/Src/ESP.c:129:6:ESP_GetUID	8	static
../Core/Src/ESP.c:134:6:ESP_Init	16	static
../Core/Src/ESP.c:140:13:ESP_Send	32	static
../Core/Src/ESP.c:148:13:ESP_Receive	32	static
../Core/Src/ESP.c:161:6:HAL_UART_RxCpltCallback	16	static
../Core/Src/ESP.c:169:6:HAL_UART_ErrorCallback	16	static
../Core/Src/ESP.c:176:6:uint8ArrayToString	24	static
../Core/Src/ESP.c:183:10:CreateMessage	40	static
../Core/Src/ESP.c:255:6:SetCommandBuffer	16	static
../Core/Src/ESP.c:259:6:StartProg	8	static
../Core/Src/ESP.c:271:10:ParseBuffer	128	dynamic
../Core/Src/ESP.c:328:6:PollAwake	16	static
../Core/Src/ESP.c:338:6:RFPower	16	static
../Core/Src/ESP.c:348:6:CheckRFPower	16	static
../Core/Src/ESP.c:359:6:ATRestore	16	static
../Core/Src/ESP.c:369:6:CWINIT	16	static
../Core/Src/ESP.c:379:6:CWMODE1	16	static
../Core/Src/ESP.c:389:6:CWMODE2	16	static
../Core/Src/ESP.c:399:6:CWAUTOCONN	16	static
../Core/Src/ESP.c:409:6:CWJAP	160	dynamic
../Core/Src/ESP.c:426:6:CWMODE3	16	static
../Core/Src/ESP.c:436:6:CWSAP	16	static
../Core/Src/ESP.c:446:6:CIPMUX	16	static
../Core/Src/ESP.c:457:6:WEBSERVER	16	static
../Core/Src/ESP.c:468:6:HTTPCPOST	288	static
../Core/Src/ESP.c:493:6:SENDDATA	680	static
../Core/Src/ESP.c:509:6:SLEEP	16	static
../Core/Src/ESP.c:520:9:DMA_ProcessBuffer	32	static
../Core/Src/ESP.c:568:6:ATCompare	24	static
../Core/Src/ESP.c:582:6:AT_Send	32	static
../Core/Src/ESP.c:687:6:ESP_WakeTest	24	static
../Core/Src/ESP.c:780:12:ESP_Upkeep	24	static
