../Core/Src/ESP.c:89:6:setCharges	8	static
../Core/Src/ESP.c:94:6:setMeasurement	24	static
../Core/Src/ESP.c:99:6:setMic	16	static
../Core/Src/ESP.c:103:6:SetConfigMode	8	static
../Core/Src/ESP.c:125:6:ESP_GetUID	8	static
../Core/Src/ESP.c:130:6:ESP_Init	16	static
../Core/Src/ESP.c:136:13:ESP_Send	32	static
../Core/Src/ESP.c:144:13:ESP_Receive	32	static
../Core/Src/ESP.c:157:6:HAL_UART_RxCpltCallback	16	static
../Core/Src/ESP.c:165:6:HAL_UART_ErrorCallback	16	static
../Core/Src/ESP.c:171:10:CreateMessage	40	static
../Core/Src/ESP.c:190:6:SetCommandBuffer	16	static
../Core/Src/ESP.c:194:6:StartProg	8	static
../Core/Src/ESP.c:206:10:ParseBuffer	128	dynamic
../Core/Src/ESP.c:257:6:PollAwake	16	static
../Core/Src/ESP.c:267:6:RFPower	16	static
../Core/Src/ESP.c:277:6:CheckRFPower	16	static
../Core/Src/ESP.c:288:6:ATRestore	16	static
../Core/Src/ESP.c:298:6:CWINIT	16	static
../Core/Src/ESP.c:308:6:CWMODE1	16	static
../Core/Src/ESP.c:318:6:CWMODE2	16	static
../Core/Src/ESP.c:328:6:CWAUTOCONN	16	static
../Core/Src/ESP.c:338:6:CWJAP	160	dynamic
../Core/Src/ESP.c:354:6:CWMODE3	16	static
../Core/Src/ESP.c:364:6:CWSAP	16	static
../Core/Src/ESP.c:374:6:CIPMUX	16	static
../Core/Src/ESP.c:385:6:WEBSERVER	16	static
../Core/Src/ESP.c:396:6:HTTPCPOST	664	dynamic
../Core/Src/ESP.c:411:6:SENDDATA	736	dynamic
../Core/Src/ESP.c:427:6:SLEEP	16	static
../Core/Src/ESP.c:438:9:DMA_ProcessBuffer	32	static
../Core/Src/ESP.c:486:6:ATCompare	24	static
../Core/Src/ESP.c:500:6:AT_Send	32	static
../Core/Src/ESP.c:605:6:ESP_WakeTest	24	static
../Core/Src/ESP.c:698:6:ESP_Upkeep	24	static
