../Core/Src/ESP.c:69:6:setCharges	16	static
../Core/Src/ESP.c:73:6:setMeasurement	24	static
../Core/Src/ESP.c:98:6:ESP_Init	16	static
../Core/Src/ESP.c:103:13:ESP_Send	32	static
../Core/Src/ESP.c:112:13:ESP_Receive	32	static
../Core/Src/ESP.c:125:6:HAL_UART_RxCpltCallback	16	static
../Core/Src/ESP.c:133:6:HAL_UART_ErrorCallback	16	static
../Core/Src/ESP.c:139:10:CreateMessage	32	static
../Core/Src/ESP.c:155:6:SetCommandBuffer	16	static
../Core/Src/ESP.c:159:6:StartProg	8	static
../Core/Src/ESP.c:170:10:ParseBuffer	104	dynamic
../Core/Src/ESP.c:263:6:PollAwake	16	static
../Core/Src/ESP.c:273:6:RFPower	16	static
../Core/Src/ESP.c:283:6:CheckRFPower	16	static
../Core/Src/ESP.c:294:6:ATRestore	16	static
../Core/Src/ESP.c:304:6:CWINIT	16	static
../Core/Src/ESP.c:314:6:CWMODE1	16	static
../Core/Src/ESP.c:324:6:CWAUTOCONN	16	static
../Core/Src/ESP.c:334:6:CWJAP	160	dynamic
../Core/Src/ESP.c:350:6:CWMODE3	16	static
../Core/Src/ESP.c:360:6:CWSAP	16	static
../Core/Src/ESP.c:370:6:CIPMUX	16	static
../Core/Src/ESP.c:381:6:WEBSERVER	16	static
../Core/Src/ESP.c:392:6:HTTPCPOST	664	dynamic
../Core/Src/ESP.c:407:6:SENDDATA	736	dynamic
../Core/Src/ESP.c:423:6:SLEEP	16	static
../Core/Src/ESP.c:434:9:DMA_ProcessBuffer	32	static
../Core/Src/ESP.c:479:6:ATCompare	24	static
../Core/Src/ESP.c:493:6:AT_Send	32	static
../Core/Src/ESP.c:592:6:ESP_WakeTest	24	static
../Core/Src/ESP.c:682:6:ESP_Upkeep	24	static
