../Core/Src/ESP.c:85:6:setCharges	16	static
../Core/Src/ESP.c:89:6:setMeasurement	24	static
../Core/Src/ESP.c:94:6:setMic	16	static
../Core/Src/ESP.c:116:6:ESP_GetUID	8	static
../Core/Src/ESP.c:121:6:ESP_Init	16	static
../Core/Src/ESP.c:127:13:ESP_Send	32	static
../Core/Src/ESP.c:135:13:ESP_Receive	32	static
../Core/Src/ESP.c:148:6:HAL_UART_RxCpltCallback	16	static
../Core/Src/ESP.c:156:6:HAL_UART_ErrorCallback	16	static
../Core/Src/ESP.c:162:10:CreateMessage	32	static
../Core/Src/ESP.c:178:6:SetCommandBuffer	16	static
../Core/Src/ESP.c:182:6:StartProg	8	static
../Core/Src/ESP.c:194:10:ParseBuffer	128	dynamic
../Core/Src/ESP.c:245:6:PollAwake	16	static
../Core/Src/ESP.c:255:6:RFPower	16	static
../Core/Src/ESP.c:265:6:CheckRFPower	16	static
../Core/Src/ESP.c:276:6:ATRestore	16	static
../Core/Src/ESP.c:286:6:CWINIT	16	static
../Core/Src/ESP.c:296:6:CWMODE1	16	static
../Core/Src/ESP.c:306:6:CWAUTOCONN	16	static
../Core/Src/ESP.c:316:6:CWJAP	160	dynamic
../Core/Src/ESP.c:332:6:CWMODE3	16	static
../Core/Src/ESP.c:342:6:CWSAP	16	static
../Core/Src/ESP.c:352:6:CIPMUX	16	static
../Core/Src/ESP.c:363:6:WEBSERVER	16	static
../Core/Src/ESP.c:374:6:HTTPCPOST	664	dynamic
../Core/Src/ESP.c:389:6:SENDDATA	736	dynamic
../Core/Src/ESP.c:405:6:SLEEP	16	static
../Core/Src/ESP.c:416:9:DMA_ProcessBuffer	32	static
../Core/Src/ESP.c:461:6:ATCompare	24	static
../Core/Src/ESP.c:475:6:AT_Send	32	static
../Core/Src/ESP.c:574:6:ESP_WakeTest	24	static
../Core/Src/ESP.c:667:6:ESP_Upkeep	24	static
