../Core/Src/ESP.c:84:6:setCharges	16	static
../Core/Src/ESP.c:88:6:setMeasurement	24	static
../Core/Src/ESP.c:93:6:setMic	16	static
../Core/Src/ESP.c:116:6:ESP_Init	16	static
../Core/Src/ESP.c:121:13:ESP_Send	32	static
../Core/Src/ESP.c:130:13:ESP_Receive	32	static
../Core/Src/ESP.c:143:6:HAL_UART_RxCpltCallback	16	static
../Core/Src/ESP.c:151:6:HAL_UART_ErrorCallback	16	static
../Core/Src/ESP.c:157:10:CreateMessage	32	static
../Core/Src/ESP.c:173:6:SetCommandBuffer	16	static
../Core/Src/ESP.c:177:6:StartProg	8	static
../Core/Src/ESP.c:188:10:ParseBuffer	128	dynamic
../Core/Src/ESP.c:239:6:PollAwake	16	static
../Core/Src/ESP.c:249:6:RFPower	16	static
../Core/Src/ESP.c:259:6:CheckRFPower	16	static
../Core/Src/ESP.c:270:6:ATRestore	16	static
../Core/Src/ESP.c:280:6:CWINIT	16	static
../Core/Src/ESP.c:290:6:CWMODE1	16	static
../Core/Src/ESP.c:300:6:CWAUTOCONN	16	static
../Core/Src/ESP.c:310:6:CWJAP	160	dynamic
../Core/Src/ESP.c:326:6:CWMODE3	16	static
../Core/Src/ESP.c:336:6:CWSAP	16	static
../Core/Src/ESP.c:346:6:CIPMUX	16	static
../Core/Src/ESP.c:357:6:WEBSERVER	16	static
../Core/Src/ESP.c:368:6:HTTPCPOST	664	dynamic
../Core/Src/ESP.c:383:6:SENDDATA	736	dynamic
../Core/Src/ESP.c:399:6:SLEEP	16	static
../Core/Src/ESP.c:410:9:DMA_ProcessBuffer	32	static
../Core/Src/ESP.c:455:6:ATCompare	24	static
../Core/Src/ESP.c:469:6:AT_Send	32	static
../Core/Src/ESP.c:568:6:ESP_WakeTest	24	static
../Core/Src/ESP.c:658:6:ESP_Upkeep	24	static
