../Core/Src/ESP.c:87:6:setCharges	8	static
../Core/Src/ESP.c:92:6:ESP_GetHT	16	static
../Core/Src/ESP.c:96:6:setMeasurement	24	static
../Core/Src/ESP.c:101:6:setMic	16	static
../Core/Src/ESP.c:105:6:SetConfigMode	8	static
../Core/Src/ESP.c:127:6:ESP_GetUID	8	static
../Core/Src/ESP.c:132:6:ESP_Init	16	static
../Core/Src/ESP.c:138:13:ESP_Send	32	static
../Core/Src/ESP.c:146:13:ESP_Receive	32	static
../Core/Src/ESP.c:159:6:HAL_UART_RxCpltCallback	16	static
../Core/Src/ESP.c:167:6:HAL_UART_ErrorCallback	16	static
../Core/Src/ESP.c:174:6:uint8ArrayToString	24	static
../Core/Src/ESP.c:181:10:CreateMessage	40	static
../Core/Src/ESP.c:253:6:SetCommandBuffer	16	static
../Core/Src/ESP.c:257:6:StartProg	8	static
../Core/Src/ESP.c:269:10:ParseBuffer	128	dynamic
../Core/Src/ESP.c:320:6:PollAwake	16	static
../Core/Src/ESP.c:330:6:RFPower	16	static
../Core/Src/ESP.c:340:6:CheckRFPower	16	static
../Core/Src/ESP.c:351:6:ATRestore	16	static
../Core/Src/ESP.c:361:6:CWINIT	16	static
../Core/Src/ESP.c:371:6:CWMODE1	16	static
../Core/Src/ESP.c:381:6:CWMODE2	16	static
../Core/Src/ESP.c:391:6:CWAUTOCONN	16	static
../Core/Src/ESP.c:401:6:CWJAP	160	dynamic
../Core/Src/ESP.c:417:6:CWMODE3	16	static
../Core/Src/ESP.c:427:6:CWSAP	16	static
../Core/Src/ESP.c:437:6:CIPMUX	16	static
../Core/Src/ESP.c:448:6:WEBSERVER	16	static
../Core/Src/ESP.c:459:6:HTTPCPOST	288	static
../Core/Src/ESP.c:484:6:SENDDATA	680	static
../Core/Src/ESP.c:500:6:SLEEP	16	static
../Core/Src/ESP.c:511:9:DMA_ProcessBuffer	32	static
../Core/Src/ESP.c:559:6:ATCompare	24	static
../Core/Src/ESP.c:573:6:AT_Send	32	static
../Core/Src/ESP.c:678:6:ESP_WakeTest	24	static
../Core/Src/ESP.c:771:6:ESP_Upkeep	24	static
