../Core/Src/ESP.c:85:6:setCharges	16	static
../Core/Src/ESP.c:89:6:setMeasurement	24	static
../Core/Src/ESP.c:94:6:setMic	16	static
../Core/Src/ESP.c:117:6:ESP_Init	16	static
../Core/Src/ESP.c:123:13:ESP_Send	32	static
../Core/Src/ESP.c:132:6:ESP_GetUID	8	static
../Core/Src/ESP.c:138:13:ESP_Receive	32	static
../Core/Src/ESP.c:151:6:HAL_UART_RxCpltCallback	16	static
../Core/Src/ESP.c:159:6:HAL_UART_ErrorCallback	16	static
../Core/Src/ESP.c:165:10:CreateMessage	32	static
../Core/Src/ESP.c:181:6:SetCommandBuffer	16	static
../Core/Src/ESP.c:185:6:StartProg	8	static
../Core/Src/ESP.c:197:10:ParseBuffer	128	dynamic
../Core/Src/ESP.c:248:6:PollAwake	16	static
../Core/Src/ESP.c:258:6:RFPower	16	static
../Core/Src/ESP.c:268:6:CheckRFPower	16	static
../Core/Src/ESP.c:279:6:ATRestore	16	static
../Core/Src/ESP.c:289:6:CWINIT	16	static
../Core/Src/ESP.c:299:6:CWMODE1	16	static
../Core/Src/ESP.c:309:6:CWAUTOCONN	16	static
../Core/Src/ESP.c:319:6:CWJAP	160	dynamic
../Core/Src/ESP.c:335:6:CWMODE3	16	static
../Core/Src/ESP.c:345:6:CWSAP	16	static
../Core/Src/ESP.c:355:6:CIPMUX	16	static
../Core/Src/ESP.c:366:6:WEBSERVER	16	static
../Core/Src/ESP.c:377:6:HTTPCPOST	664	dynamic
../Core/Src/ESP.c:392:6:SENDDATA	736	dynamic
../Core/Src/ESP.c:408:6:SLEEP	16	static
../Core/Src/ESP.c:419:9:DMA_ProcessBuffer	32	static
../Core/Src/ESP.c:464:6:ATCompare	24	static
../Core/Src/ESP.c:478:6:AT_Send	32	static
../Core/Src/ESP.c:577:6:ESP_WakeTest	24	static
../Core/Src/ESP.c:670:6:ESP_Upkeep	24	static
