../Core/Src/ESP.c:65:6:setCharges	16	static
../Core/Src/ESP.c:69:6:setMeasurement	24	static
../Core/Src/ESP.c:92:6:ESP_Init	16	static
../Core/Src/ESP.c:97:13:ESP_Send	32	static
../Core/Src/ESP.c:106:13:ESP_Receive	32	static
../Core/Src/ESP.c:119:6:HAL_UART_RxCpltCallback	16	static
../Core/Src/ESP.c:127:6:HAL_UART_ErrorCallback	16	static
../Core/Src/ESP.c:133:10:CreateMessage	32	static
../Core/Src/ESP.c:149:6:SetCommandBuffer	16	static
../Core/Src/ESP.c:153:6:StartProg	8	static
../Core/Src/ESP.c:165:10:ParseBuffer	104	dynamic
../Core/Src/ESP.c:258:6:PollAwake	16	static
../Core/Src/ESP.c:268:6:RFPower	16	static
../Core/Src/ESP.c:278:6:CheckRFPower	16	static
../Core/Src/ESP.c:289:6:ATRestore	16	static
../Core/Src/ESP.c:299:6:CWINIT	16	static
../Core/Src/ESP.c:309:6:CWMODE1	16	static
../Core/Src/ESP.c:319:6:CWAUTOCONN	16	static
../Core/Src/ESP.c:329:6:CWJAP	160	dynamic
../Core/Src/ESP.c:345:6:CWMODE3	16	static
../Core/Src/ESP.c:355:6:CWSAP	16	static
../Core/Src/ESP.c:365:6:CIPMUX	16	static
../Core/Src/ESP.c:376:6:WEBSERVER	16	static
../Core/Src/ESP.c:387:6:HTTPCPOST	664	dynamic
../Core/Src/ESP.c:402:6:SENDDATA	736	dynamic
../Core/Src/ESP.c:418:6:SLEEP	16	static
../Core/Src/ESP.c:429:9:DMA_ProcessBuffer	32	static
../Core/Src/ESP.c:473:6:ATCompare	24	static
../Core/Src/ESP.c:487:6:AT_Send	32	static
../Core/Src/ESP.c:586:6:ESP_Upkeep	24	static
