../Core/Src/humidTemp.c:40:6:HT_Init	16	static
../Core/Src/humidTemp.c:46:13:I2C_ResetFlags	8	static
../Core/Src/humidTemp.c:51:13:I2C_StartupTime	8	static
../Core/Src/humidTemp.c:58:13:ReadI2C	32	static
../Core/Src/humidTemp.c:73:13:WriteI2C	32	static
../Core/Src/humidTemp.c:87:16:CalcCRC	24	static
../Core/Src/humidTemp.c:93:6:HT_GetMeasurementValues	16	static
../Core/Src/humidTemp.c:99:6:HAL_I2C_MasterRxCpltCallback	16	static
../Core/Src/humidTemp.c:114:6:HAL_I2C_MasterTxCpltCallback	16	static
../Core/Src/humidTemp.c:128:6:HAL_I2C_ErrorCallback	16	static
