../Core/Src/humidTemp.c:30:6:HT_Init	16	static
../Core/Src/humidTemp.c:35:13:I2C_ResetFlags	8	static
../Core/Src/humidTemp.c:40:13:ReadI2C	32	static
../Core/Src/humidTemp.c:54:13:WriteI2C	32	static
../Core/Src/humidTemp.c:68:6:HT_StartMeasurement	8	static
../Core/Src/humidTemp.c:72:6:HT_GetMeasurementValues	16	static
../Core/Src/humidTemp.c:79:6:HAL_I2C_MasterRxCpltCallback	16	static
../Core/Src/humidTemp.c:87:6:HAL_I2C_MasterTxCpltCallback	16	static
../Core/Src/humidTemp.c:95:6:HAL_I2C_ErrorCallback	16	static
