../Core/Src/measurement.c:43:13:HT_StartMeasurementWrapper	8	static
../Core/Src/measurement.c:47:13:HT_IsMeasurementDoneWrapper	8	static
../Core/Src/measurement.c:51:13:VOC_StartMeasurementWrapper	8	static
../Core/Src/measurement.c:55:13:VOC_IsMeasurementDoneWrapper	8	static
../Core/Src/measurement.c:59:13:NO_StartMeasurementWrapper	8	static
../Core/Src/measurement.c:63:13:NO_IsMeasurementDoneWrapper	8	static
../Core/Src/measurement.c:68:13:MIC_StartMeasurementWrapper	8	static
../Core/Src/measurement.c:72:13:MIC_IsMeasurementDoneWrapper	8	static
../Core/Src/measurement.c:78:6:Meas_Init	96	static
../Core/Src/measurement.c:101:6:StartMeasurements	8	static
../Core/Src/measurement.c:109:6:ResetMeasurements	8	static
../Core/Src/measurement.c:119:6:MeasurementsCompleted	8	static
../Core/Src/measurement.c:132:6:Meas_Upkeep	32	static
../Core/Src/measurement.c:171:6:Meas_SetEnabledSensors	32	static
../Core/Src/measurement.c:180:13:Meas_TurnOff	16	static
../Core/Src/measurement.c:190:18:Meas_GetState	8	static
../Core/Src/measurement.c:194:6:Meas_DeInit	16	static
