../Core/Src/measurement.c:47:13:HT_StartMeasurementWrapper	8	static
../Core/Src/measurement.c:51:13:HT_IsMeasurementDoneWrapper	8	static
../Core/Src/measurement.c:55:13:VOC_StartMeasurementWrapper	8	static
../Core/Src/measurement.c:59:13:VOC_IsMeasurementDoneWrapper	8	static
../Core/Src/measurement.c:63:13:PM_StartMeasurementWrapper	8	static
../Core/Src/measurement.c:66:13:PM_IsMeasurementDoneWrapper	8	static
../Core/Src/measurement.c:70:13:MIC_StartMeasurementWrapper	8	static
../Core/Src/measurement.c:74:13:MIC_IsMeasurementDoneWrapper	8	static
../Core/Src/measurement.c:77:6:Meas_TestStart	8	static
../Core/Src/measurement.c:80:13:MIC_IsTestMeasurementDoneWrapper	8	static
../Core/Src/measurement.c:83:6:testInit	8	static
../Core/Src/measurement.c:89:6:Meas_Init	104	static
../Core/Src/measurement.c:144:6:StartMeasurements	8	static
../Core/Src/measurement.c:152:6:ResetMeasurements	8	static
../Core/Src/measurement.c:162:6:MeasurementsCompleted	8	static
../Core/Src/measurement.c:175:6:Mic_Upkeep	8	static
../Core/Src/measurement.c:208:6:Meas_Upkeep	32	static
../Core/Src/measurement.c:259:7:getTemperature	16	static
../Core/Src/measurement.c:264:7:getHumidity	16	static
../Core/Src/measurement.c:269:6:Meas_SetEnabledSensors	32	static
../Core/Src/measurement.c:278:13:Meas_TurnOff	16	static
../Core/Src/measurement.c:289:6:Meas_Test	8	static
../Core/Src/measurement.c:312:6:SetESPMeasurementDone	8	static
../Core/Src/measurement.c:315:6:SetMICMeasurementDone	8	static
../Core/Src/measurement.c:319:18:Meas_GetState	8	static
../Core/Src/measurement.c:323:6:Meas_DeInit	16	static
