../Core/Src/measurement.c:42:13:HT_StartMeasurementWrapper	8	static
../Core/Src/measurement.c:46:13:HT_IsMeasurementDoneWrapper	8	static
../Core/Src/measurement.c:50:13:VOC_StartMeasurementWrapper	8	static
../Core/Src/measurement.c:54:13:VOC_IsMeasurementDoneWrapper	8	static
../Core/Src/measurement.c:58:13:NO_StartMeasurementWrapper	8	static
../Core/Src/measurement.c:62:13:NO_IsMeasurementDoneWrapper	8	static
../Core/Src/measurement.c:66:13:MIC_StartMeasurementWrapper	8	static
../Core/Src/measurement.c:70:13:MIC_IsMeasurementDoneWrapper	8	static
../Core/Src/measurement.c:74:6:Meas_Init	96	static
../Core/Src/measurement.c:97:6:StartMeasurements	8	static
../Core/Src/measurement.c:105:6:ResetMeasurements	8	static
../Core/Src/measurement.c:114:6:MeasurementsCompleted	8	static
../Core/Src/measurement.c:127:6:Meas_Upkeep	32	static
../Core/Src/measurement.c:164:6:Meas_SetEnabledSensors	32	static
../Core/Src/measurement.c:174:13:Meas_TurnOff	16	static
../Core/Src/measurement.c:184:18:Meas_GetState	8	static
../Core/Src/measurement.c:188:6:Meas_DeInit	16	static
