../Core/Src/measurement.c:44:13:HT_StartMeasurementWrapper	8	static
../Core/Src/measurement.c:48:13:HT_IsMeasurementDoneWrapper	8	static
../Core/Src/measurement.c:52:13:VOC_StartMeasurementWrapper	8	static
../Core/Src/measurement.c:56:13:VOC_IsMeasurementDoneWrapper	8	static
../Core/Src/measurement.c:60:13:PM_StartMeasurementWrapper	8	static
../Core/Src/measurement.c:63:13:PM_IsMeasurementDoneWrapper	8	static
../Core/Src/measurement.c:67:13:MIC_StartMeasurementWrapper	8	static
../Core/Src/measurement.c:71:13:MIC_IsMeasurementDoneWrapper	8	static
../Core/Src/measurement.c:75:13:MIC_IsTestMeasurementDoneWrapper	8	static
../Core/Src/measurement.c:78:6:testInit	8	static
../Core/Src/measurement.c:84:6:Meas_Init	104	static
../Core/Src/measurement.c:146:6:StartMeasurements	8	static
../Core/Src/measurement.c:154:6:ResetMeasurements	8	static
../Core/Src/measurement.c:164:6:MeasurementsCompleted	8	static
../Core/Src/measurement.c:177:6:Meas_Upkeep	32	static
../Core/Src/measurement.c:217:7:getTemperature	16	static
../Core/Src/measurement.c:222:7:getHumidity	16	static
../Core/Src/measurement.c:227:6:Meas_SetEnabledSensors	32	static
../Core/Src/measurement.c:236:13:Meas_TurnOff	16	static
../Core/Src/measurement.c:245:6:Meas_TestStart	8	static
../Core/Src/measurement.c:249:6:Meas_Test	8	static
../Core/Src/measurement.c:267:6:SetESPMeasurementDone	8	static
../Core/Src/measurement.c:270:6:SetMICMeasurementDone	8	static
../Core/Src/measurement.c:274:18:Meas_GetState	8	static
../Core/Src/measurement.c:278:6:Meas_DeInit	16	static
