../Core/Src/measurement.c:48:13:HT_StartMeasurementWrapper	8	static
../Core/Src/measurement.c:52:13:HT_IsMeasurementDoneWrapper	8	static
../Core/Src/measurement.c:56:13:VOC_StartMeasurementWrapper	8	static
../Core/Src/measurement.c:60:13:VOC_IsMeasurementDoneWrapper	8	static
../Core/Src/measurement.c:64:13:PM_StartMeasurementWrapper	8	static
../Core/Src/measurement.c:67:13:PM_IsMeasurementDoneWrapper	8	static
../Core/Src/measurement.c:71:13:MIC_StartMeasurementWrapper	8	static
../Core/Src/measurement.c:75:13:MIC_IsMeasurementDoneWrapper	8	static
../Core/Src/measurement.c:78:6:Meas_TestStart	8	static
../Core/Src/measurement.c:81:13:MIC_IsTestMeasurementDoneWrapper	8	static
../Core/Src/measurement.c:84:6:testInit	8	static
../Core/Src/measurement.c:90:6:Meas_Init	88	static
../Core/Src/measurement.c:144:6:StartMeasurements	8	static
../Core/Src/measurement.c:152:6:Meas_Test	8	static
../Core/Src/measurement.c:174:6:ResetMeasurements	8	static
../Core/Src/measurement.c:184:6:MeasurementsCompleted	8	static
../Core/Src/measurement.c:197:6:Mic_Upkeep	8	static
../Core/Src/measurement.c:230:6:Meas_Upkeep	32	static
../Core/Src/measurement.c:281:7:getTemperature	16	static
../Core/Src/measurement.c:286:7:getHumidity	16	static
../Core/Src/measurement.c:291:6:Meas_SetEnabledSensors	32	static
../Core/Src/measurement.c:300:13:Meas_TurnOff	16	static
../Core/Src/measurement.c:310:6:SetESPMeasurementDone	8	static
../Core/Src/measurement.c:314:18:Meas_GetState	8	static
../Core/Src/measurement.c:318:6:Meas_DeInit	16	static
