../Core/Src/measurement.c:43:13:HT_StartMeasurementWrapper	8	static
../Core/Src/measurement.c:47:13:HT_IsMeasurementDoneWrapper	8	static
../Core/Src/measurement.c:51:13:VOC_StartMeasurementWrapper	8	static
../Core/Src/measurement.c:55:13:VOC_IsMeasurementDoneWrapper	8	static
../Core/Src/measurement.c:59:13:PM_StartMeasurementWrapper	8	static
../Core/Src/measurement.c:62:13:PM_IsMeasurementDoneWrapper	8	static
../Core/Src/measurement.c:66:13:MIC_StartMeasurementWrapper	8	static
../Core/Src/measurement.c:70:13:MIC_IsMeasurementDoneWrapper	8	static
../Core/Src/measurement.c:74:6:Meas_Init	96	static
../Core/Src/measurement.c:119:6:StartMeasurements	8	static
../Core/Src/measurement.c:127:6:ResetMeasurements	8	static
../Core/Src/measurement.c:137:6:MeasurementsCompleted	8	static
../Core/Src/measurement.c:150:6:Meas_Upkeep	32	static
../Core/Src/measurement.c:189:6:Meas_SetEnabledSensors	32	static
../Core/Src/measurement.c:198:13:Meas_TurnOff	16	static
../Core/Src/measurement.c:208:18:Meas_GetState	8	static
../Core/Src/measurement.c:212:6:Meas_DeInit	16	static
