../Core/Src/measurement.c:47:13:HT_StartMeasurementWrapper	8	static
../Core/Src/measurement.c:51:13:HT_IsMeasurementDoneWrapper	8	static
../Core/Src/measurement.c:55:13:VOC_StartMeasurementWrapper	8	static
../Core/Src/measurement.c:59:13:VOC_IsMeasurementDoneWrapper	8	static
../Core/Src/measurement.c:63:13:NO_StartMeasurementWrapper	8	static
../Core/Src/measurement.c:67:13:NO_IsMeasurementDoneWrapper	8	static
../Core/Src/measurement.c:71:13:MIC_StartMeasurementWrapper	8	static
../Core/Src/measurement.c:75:13:MIC_IsMeasurementDoneWrapper	8	static
../Core/Src/measurement.c:79:6:Meas_Init	96	static
../Core/Src/measurement.c:108:6:StartNextMeasurement	8	static
../Core/Src/measurement.c:112:6:Meas_Upkeep	32	static
../Core/Src/measurement.c:176:6:Meas_SetEnabledSensors	32	static
../Core/Src/measurement.c:185:6:Meas_SetInterval	16	static
../Core/Src/measurement.c:189:13:Meas_TurnOff	16	static
../Core/Src/measurement.c:199:18:Meas_GetState	8	static
../Core/Src/measurement.c:203:6:Meas_DeInit	16	static
