../Core/Src/measurement.c:48:13:HT_StartMeasurementWrapper	8	static
../Core/Src/measurement.c:52:13:HT_IsMeasurementDoneWrapper	8	static
../Core/Src/measurement.c:56:13:VOC_StartMeasurementWrapper	8	static
../Core/Src/measurement.c:60:13:VOC_IsMeasurementDoneWrapper	8	static
../Core/Src/measurement.c:64:13:PM_StartMeasurementWrapper	8	static
../Core/Src/measurement.c:67:13:PM_IsMeasurementDoneWrapper	8	static
../Core/Src/measurement.c:71:13:MIC_StartMeasurementWrapper	8	static
../Core/Src/measurement.c:75:13:MIC_IsMeasurementDoneWrapper	8	static
../Core/Src/measurement.c:78:6:Meas_TestStart	8	static
../Core/Src/measurement.c:81:13:MIC_IsTestMeasurementDoneWrapper	8	static
../Core/Src/measurement.c:84:6:testInit	8	static
../Core/Src/measurement.c:90:6:Meas_Init	88	static
../Core/Src/measurement.c:136:6:StartMeasurements	8	static
../Core/Src/measurement.c:144:6:Meas_Test	8	static
../Core/Src/measurement.c:166:6:ResetMeasurements	8	static
../Core/Src/measurement.c:176:6:MeasurementsCompleted	8	static
../Core/Src/measurement.c:189:6:Mic_Upkeep	8	static
../Core/Src/measurement.c:222:6:Meas_Upkeep	32	static
../Core/Src/measurement.c:272:7:getTemperature	16	static
../Core/Src/measurement.c:277:7:getHumidity	16	static
../Core/Src/measurement.c:282:6:Meas_SetEnabledSensors	32	static
../Core/Src/measurement.c:291:13:Meas_TurnOff	16	static
../Core/Src/measurement.c:301:6:SetESPMeasurementDone	8	static
../Core/Src/measurement.c:305:18:Meas_GetState	8	static
../Core/Src/measurement.c:309:6:Meas_DeInit	16	static
