../Core/Src/measurement.c:45:13:HT_StartMeasurementWrapper	8	static
../Core/Src/measurement.c:49:13:HT_IsMeasurementDoneWrapper	8	static
../Core/Src/measurement.c:53:13:VOC_StartMeasurementWrapper	8	static
../Core/Src/measurement.c:57:13:VOC_IsMeasurementDoneWrapper	8	static
../Core/Src/measurement.c:61:13:PM_StartMeasurementWrapper	8	static
../Core/Src/measurement.c:64:13:PM_IsMeasurementDoneWrapper	8	static
../Core/Src/measurement.c:68:13:MIC_StartMeasurementWrapper	8	static
../Core/Src/measurement.c:72:13:MIC_IsMeasurementDoneWrapper	8	static
../Core/Src/measurement.c:75:6:Meas_TestStart	8	static
../Core/Src/measurement.c:78:13:MIC_IsTestMeasurementDoneWrapper	8	static
../Core/Src/measurement.c:81:6:testInit	8	static
../Core/Src/measurement.c:87:6:Meas_Init	104	static
../Core/Src/measurement.c:142:6:StartMeasurements	8	static
../Core/Src/measurement.c:150:6:ResetMeasurements	8	static
../Core/Src/measurement.c:160:6:MeasurementsCompleted	8	static
../Core/Src/measurement.c:173:6:Meas_Upkeep	32	static
../Core/Src/measurement.c:222:7:getTemperature	16	static
../Core/Src/measurement.c:227:7:getHumidity	16	static
../Core/Src/measurement.c:232:6:Meas_SetEnabledSensors	32	static
../Core/Src/measurement.c:241:13:Meas_TurnOff	16	static
../Core/Src/measurement.c:252:6:Meas_Test	8	static
../Core/Src/measurement.c:275:6:SetESPMeasurementDone	8	static
../Core/Src/measurement.c:278:6:SetMICMeasurementDone	8	static
../Core/Src/measurement.c:282:18:Meas_GetState	8	static
../Core/Src/measurement.c:286:6:Meas_DeInit	16	static
