../Core/Src/microphone.c:37:6:MIC_Init	16	static
../Core/Src/microphone.c:75:13:UpdateSampleRate	16	static
../Core/Src/microphone.c:85:14:ConvertAudio	48	static
../Core/Src/microphone.c:162:6:MIC_Start	32	static
../Core/Src/microphone.c:183:7:MinimalValue	32	static
../Core/Src/microphone.c:194:7:MaximalValue	32	static
../Core/Src/microphone.c:204:6:MIC_Check	32	static
../Core/Src/microphone.c:219:6:MIC_Print	32	static
../Core/Src/microphone.c:275:6:MIC_MeasurementDone	8	static
../Core/Src/microphone.c:283:6:MIC_TestMeasurementDone	24	static
../Core/Src/microphone.c:294:6:HAL_I2S_RxCpltCallback	16	static
../Core/Src/microphone.c:310:7:MIC_GetDB	32	static
