../Core/Src/microphone.c:34:6:MIC_Init	16	static
../Core/Src/microphone.c:36:13:CalculateFFT	6184	static
../Core/Src/microphone.c:72:13:UpdateSampleRate	16	static
../Core/Src/microphone.c:82:17:ConvertAudio	24	static
../Core/Src/microphone.c:88:6:MIC_Start	32	static
../Core/Src/microphone.c:108:13:MIC_ProcessFFT	8	static
../Core/Src/microphone.c:112:6:MIC_MeasurementDone	8	static
../Core/Src/microphone.c:114:6:MIC_Print	16	static
../Core/Src/microphone.c:128:6:HAL_I2S_RxCpltCallback	16	static
../Core/Src/microphone.c:142:7:MIC_GetDB	32	static
../Core/Src/microphone.c:162:6:MIC_GetSample	8	static
