../Core/Src/sensirion_gas_index_algorithm.c:72:6:GasIndexAlgorithm_init_with_sampling_interval	24	static
../Core/Src/sensirion_gas_index_algorithm.c:103:6:GasIndexAlgorithm_init	16	static
../Core/Src/sensirion_gas_index_algorithm.c:109:6:GasIndexAlgorithm_reset	16	static
../Core/Src/sensirion_gas_index_algorithm.c:116:13:GasIndexAlgorithm__init_instances	24	static
../Core/Src/sensirion_gas_index_algorithm.c:136:6:GasIndexAlgorithm_get_sampling_interval	16	static
../Core/Src/sensirion_gas_index_algorithm.c:141:6:GasIndexAlgorithm_get_states	24	static
../Core/Src/sensirion_gas_index_algorithm.c:149:6:GasIndexAlgorithm_set_states	32	static
../Core/Src/sensirion_gas_index_algorithm.c:160:6:GasIndexAlgorithm_set_tuning_parameters	24	static
../Core/Src/sensirion_gas_index_algorithm.c:176:6:GasIndexAlgorithm_get_tuning_parameters	24	static
../Core/Src/sensirion_gas_index_algorithm.c:192:6:GasIndexAlgorithm_process	32	static
../Core/Src/sensirion_gas_index_algorithm.c:235:13:GasIndexAlgorithm__mean_variance_estimator__set_parameters	24	static
../Core/Src/sensirion_gas_index_algorithm.c:277:13:GasIndexAlgorithm__mean_variance_estimator__set_states	24	static
../Core/Src/sensirion_gas_index_algorithm.c:287:14:GasIndexAlgorithm__mean_variance_estimator__get_std	16	static
../Core/Src/sensirion_gas_index_algorithm.c:293:14:GasIndexAlgorithm__mean_variance_estimator__get_mean	16	static
../Core/Src/sensirion_gas_index_algorithm.c:300:13:GasIndexAlgorithm__mean_variance_estimator__is_initialized	16	static
../Core/Src/sensirion_gas_index_algorithm.c:306:13:GasIndexAlgorithm__mean_variance_estimator___calculate_gamma	64	static
../Core/Src/sensirion_gas_index_algorithm.c:395:13:GasIndexAlgorithm__mean_variance_estimator__process	48	static
../Core/Src/sensirion_gas_index_algorithm.c:448:1:GasIndexAlgorithm__mean_variance_estimator___sigmoid__set_parameters	24	static
../Core/Src/sensirion_gas_index_algorithm.c:455:14:GasIndexAlgorithm__mean_variance_estimator___sigmoid__process	32	static
../Core/Src/sensirion_gas_index_algorithm.c:472:1:GasIndexAlgorithm__mox_model__set_parameters	24	static
../Core/Src/sensirion_gas_index_algorithm.c:480:1:GasIndexAlgorithm__mox_model__process	24	static
../Core/Src/sensirion_gas_index_algorithm.c:495:13:GasIndexAlgorithm__sigmoid_scaled__set_parameters	24	static
../Core/Src/sensirion_gas_index_algorithm.c:504:1:GasIndexAlgorithm__sigmoid_scaled__process	32	static
../Core/Src/sensirion_gas_index_algorithm.c:534:13:GasIndexAlgorithm__adaptive_lowpass__set_parameters	24	static
../Core/Src/sensirion_gas_index_algorithm.c:547:1:GasIndexAlgorithm__adaptive_lowpass__process	40	static
