../Core/Src/sgp40.c:39:13:ReadRegister	24	static
../Core/Src/sgp40.c:45:13:WriteRegister	24	static
../Core/Src/sgp40.c:51:6:SGP_Init	16	static
../Core/Src/sgp40.c:56:6:SGP_StartMeasurement	8	static
../Core/Src/sgp40.c:61:13:SGP_HeatedUp	8	static
../Core/Src/sgp40.c:67:13:SGP_MeasurementReady	8	static
../Core/Src/sgp40.c:74:13:SGP_MeasurementDone	8	static
../Core/Src/sgp40.c:81:6:SGP_TurnHeaterOff	8	static
../Core/Src/sgp40.c:86:6:SGP_GetMeasurementValues	40	static
../Core/Src/sgp40.c:116:6:SGP_DeviceConnected	24	static
../Core/Src/sgp40.c:126:13:CheckCRC	80	dynamic
../Core/Src/sgp40.c:143:16:CalculateCRC	24	static
../Core/Src/sgp40.c:164:6:SGP_StartSelfTest	8	static
../Core/Src/sgp40.c:176:6:SGP_SelfTestDone	8	static
../Core/Src/sgp40.c:185:6:SGP_SelfTestSuccessful	8	static
../Core/Src/sgp40.c:205:6:SGP_SoftReset	8	static
