../Core/Src/sgp40.c:47:13:ReadRegister	24	static
../Core/Src/sgp40.c:53:13:WriteRegister	24	static
../Core/Src/sgp40.c:59:6:SGP_Init	16	static
../Core/Src/sgp40.c:64:6:SGP_StartMeasurement	8	static
../Core/Src/sgp40.c:69:6:SGP_MeasurementDone	8	static
../Core/Src/sgp40.c:77:6:SGP_GetMeasurementValues	40	static
../Core/Src/sgp40.c:93:6:SGP_MeasurementReady	8	static
../Core/Src/sgp40.c:101:6:SGP_DeviceConnected	24	static
../Core/Src/sgp40.c:111:13:CheckCRC	80	dynamic
../Core/Src/sgp40.c:128:16:CalculateCRC	32	static
../Core/Src/sgp40.c:149:6:SGP_StartSelfTest	8	static
../Core/Src/sgp40.c:162:6:SGP_SelfTestDone	8	static
../Core/Src/sgp40.c:170:6:SGP_SelfTestSuccessful	8	static
