../Core/Src/stm32l0xx_it.c:76:6:NMI_Handler	8	static
../Core/Src/stm32l0xx_it.c:91:6:HardFault_Handler	8	static
../Core/Src/stm32l0xx_it.c:106:6:SVC_Handler	8	static
../Core/Src/stm32l0xx_it.c:119:6:PendSV_Handler	8	static
../Core/Src/stm32l0xx_it.c:132:6:SysTick_Handler	8	static
../Core/Src/stm32l0xx_it.c:153:6:DMA1_Channel2_3_IRQHandler	8	static
../Core/Src/stm32l0xx_it.c:168:6:DMA1_Channel4_5_6_7_IRQHandler	8	static
../Core/Src/stm32l0xx_it.c:184:6:USART4_5_IRQHandler	8	static
../Core/Src/stm32l0xx_it.c:198:6:I2C1_IRQHandler	8	static
../Core/Src/stm32l0xx_it.c:216:6:USB_IRQHandler	8	static
