../Core/Src/wsenHIDS.c:46:13:ReadRegister	24	static
../Core/Src/wsenHIDS.c:53:13:WriteRegister	24	static
../Core/Src/wsenHIDS.c:60:16:CalculateCRC	32	static
../Core/Src/wsenHIDS.c:81:6:HIDS_EnableHeater	16	static
../Core/Src/wsenHIDS.c:88:6:HIDS_Init	16	static
../Core/Src/wsenHIDS.c:100:6:HIDS_StartMeasurement	8	static
../Core/Src/wsenHIDS.c:106:6:HIDS_SetHeaterMode	16	static
../Core/Src/wsenHIDS.c:111:13:checkCRC	32	static
../Core/Src/wsenHIDS.c:133:6:HIDS_DeviceConnected	24	static
../Core/Src/wsenHIDS.c:144:6:HIDS_SetMeasurementMode	16	static
../Core/Src/wsenHIDS.c:148:6:HIDS_MeasurementReady	8	static
../Core/Src/wsenHIDS.c:156:6:HIDS_SoftReset	16	static
../Core/Src/wsenHIDS.c:161:6:HIDS_GetMeasurementValues	40	static
