../Core/Src/wsenHIDS.c:33:13:ReadRegister	24	static
../Core/Src/wsenHIDS.c:39:13:WriteRegister	24	static
../Core/Src/wsenHIDS.c:45:16:CalculateCRC	24	static
../Core/Src/wsenHIDS.c:67:6:HIDS_EnableHeater	16	static
../Core/Src/wsenHIDS.c:74:6:HIDS_Init	16	static
../Core/Src/wsenHIDS.c:87:6:HIDS_StartMeasurement	8	static
../Core/Src/wsenHIDS.c:93:6:HIDS_SetMeasurementDuration	16	static
../Core/Src/wsenHIDS.c:97:6:HIDS_SetHeaterMode	16	static
../Core/Src/wsenHIDS.c:101:13:CheckCRC	32	static
../Core/Src/wsenHIDS.c:122:6:HIDS_DeviceConnected	24	static
../Core/Src/wsenHIDS.c:134:6:HIDS_SetMeasurementMode	16	static
../Core/Src/wsenHIDS.c:138:6:HIDS_MeasurementReady	8	static
../Core/Src/wsenHIDS.c:145:6:HIDS_SoftReset	16	static
../Core/Src/wsenHIDS.c:150:6:HIDS_GetMeasurementValues	64	static
