Archive member included to satisfy reference by file (symbol)

C:\Users\itsme\OneDrive\Documenten\GitHub\MJSGadget - dB meter\Drivers\CMSIS\Lib\GCC\libarm_cortexM0l_math.a(arm_const_structs.o)
                              ./Core/Src/sound_measurement.o (arm_cfft_sR_q31_len128)
C:\Users\itsme\OneDrive\Documenten\GitHub\MJSGadget - dB meter\Drivers\CMSIS\Lib\GCC\libarm_cortexM0l_math.a(arm_common_tables.o)
                              C:\Users\itsme\OneDrive\Documenten\GitHub\MJSGadget - dB meter\Drivers\CMSIS\Lib\GCC\libarm_cortexM0l_math.a(arm_const_structs.o) (twiddleCoef_rfft_4096)
C:\Users\itsme\OneDrive\Documenten\GitHub\MJSGadget - dB meter\Drivers\CMSIS\Lib\GCC\libarm_cortexM0l_math.a(arm_cfft_q31.o)
                              ./Core/Src/sound_measurement.o (arm_cfft_q31)
C:\Users\itsme\OneDrive\Documenten\GitHub\MJSGadget - dB meter\Drivers\CMSIS\Lib\GCC\libarm_cortexM0l_math.a(arm_bitreversal2.o)
                              C:\Users\itsme\OneDrive\Documenten\GitHub\MJSGadget - dB meter\Drivers\CMSIS\Lib\GCC\libarm_cortexM0l_math.a(arm_cfft_q31.o) (arm_bitreversal_32)
C:\Users\itsme\OneDrive\Documenten\GitHub\MJSGadget - dB meter\Drivers\CMSIS\Lib\GCC\libarm_cortexM0l_math.a(arm_rfft_init_q31.o)
                              C:\Users\itsme\OneDrive\Documenten\GitHub\MJSGadget - dB meter\Drivers\CMSIS\Lib\GCC\libarm_cortexM0l_math.a(arm_const_structs.o) (realCoefBQ31)
C:\Users\itsme\OneDrive\Documenten\GitHub\MJSGadget - dB meter\Drivers\CMSIS\Lib\GCC\libarm_cortexM0l_math.a(arm_rfft_init_q15.o)
                              C:\Users\itsme\OneDrive\Documenten\GitHub\MJSGadget - dB meter\Drivers\CMSIS\Lib\GCC\libarm_cortexM0l_math.a(arm_const_structs.o) (realCoefBQ15)
C:\Users\itsme\OneDrive\Documenten\GitHub\MJSGadget - dB meter\Drivers\CMSIS\Lib\GCC\libarm_cortexM0l_math.a(arm_cfft_radix4_q31.o)
                              C:\Users\itsme\OneDrive\Documenten\GitHub\MJSGadget - dB meter\Drivers\CMSIS\Lib\GCC\libarm_cortexM0l_math.a(arm_cfft_q31.o) (arm_radix4_butterfly_q31)
C:\Users\itsme\OneDrive\Documenten\GitHub\MJSGadget - dB meter\Drivers\CMSIS\Lib\GCC\libarm_cortexM0l_math.a(arm_cmplx_mag_squared_q31.o)
                              ./Core/Src/sound_measurement.o (arm_cmplx_mag_squared_q31)
C:\Users\itsme\OneDrive\Documenten\GitHub\MJSGadget - dB meter\Drivers\CMSIS\Lib\GCC\libarm_cortexM0l_math.a(arm_mult_q31.o)
                              ./Core/Src/sound_measurement.o (arm_mult_q31)
C:\Users\itsme\OneDrive\Documenten\GitHub\MJSGadget - dB meter\Drivers\CMSIS\Lib\GCC\libarm_cortexM0l_math.a(arm_add_q31.o)
                              ./Core/Src/sound_measurement.o (arm_add_q31)
C:\Users\itsme\OneDrive\Documenten\GitHub\MJSGadget - dB meter\Drivers\CMSIS\Lib\GCC\libarm_cortexM0l_math.a(arm_bitreversal.o)
                              C:\Users\itsme\OneDrive\Documenten\GitHub\MJSGadget - dB meter\Drivers\CMSIS\Lib\GCC\libarm_cortexM0l_math.a(arm_cfft_radix4_q31.o) (arm_bitreversal_q31)
C:/ST/STM32CubeIDE_1.16.1/STM32CubeIDE/plugins/com.st.stm32cube.ide.mcu.externaltools.gnu-tools-for-stm32.12.3.rel1.win32_1.1.0.202410251130/tools/bin/../lib/gcc/arm-none-eabi/12.3.1/../../../../arm-none-eabi/lib/thumb/v6-m/nofp\libc_nano.a(libc_a-atof.o)
                              ./Core/Src/microphone.o (atof)
C:/ST/STM32CubeIDE_1.16.1/STM32CubeIDE/plugins/com.st.stm32cube.ide.mcu.externaltools.gnu-tools-for-stm32.12.3.rel1.win32_1.1.0.202410251130/tools/bin/../lib/gcc/arm-none-eabi/12.3.1/../../../../arm-none-eabi/lib/thumb/v6-m/nofp\libc_nano.a(libc_a-atoi.o)
                              ./Core/Src/RealTimeClock.o (atoi)
C:/ST/STM32CubeIDE_1.16.1/STM32CubeIDE/plugins/com.st.stm32cube.ide.mcu.externaltools.gnu-tools-for-stm32.12.3.rel1.win32_1.1.0.202410251130/tools/bin/../lib/gcc/arm-none-eabi/12.3.1/../../../../arm-none-eabi/lib/thumb/v6-m/nofp\libc_nano.a(libc_a-exit.o)
                              C:/ST/STM32CubeIDE_1.16.1/STM32CubeIDE/plugins/com.st.stm32cube.ide.mcu.externaltools.gnu-tools-for-stm32.12.3.rel1.win32_1.1.0.202410251130/tools/bin/../lib/gcc/arm-none-eabi/12.3.1/../../../../arm-none-eabi/lib/thumb/v6-m/nofp/crt0.o (exit)
C:/ST/STM32CubeIDE_1.16.1/STM32CubeIDE/plugins/com.st.stm32cube.ide.mcu.externaltools.gnu-tools-for-stm32.12.3.rel1.win32_1.1.0.202410251130/tools/bin/../lib/gcc/arm-none-eabi/12.3.1/../../../../arm-none-eabi/lib/thumb/v6-m/nofp\libc_nano.a(libc_a-strtod.o)
                              C:/ST/STM32CubeIDE_1.16.1/STM32CubeIDE/plugins/com.st.stm32cube.ide.mcu.externaltools.gnu-tools-for-stm32.12.3.rel1.win32_1.1.0.202410251130/tools/bin/../lib/gcc/arm-none-eabi/12.3.1/../../../../arm-none-eabi/lib/thumb/v6-m/nofp\libc_nano.a(libc_a-atof.o) (strtod)
C:/ST/STM32CubeIDE_1.16.1/STM32CubeIDE/plugins/com.st.stm32cube.ide.mcu.externaltools.gnu-tools-for-stm32.12.3.rel1.win32_1.1.0.202410251130/tools/bin/../lib/gcc/arm-none-eabi/12.3.1/../../../../arm-none-eabi/lib/thumb/v6-m/nofp\libc_nano.a(libc_a-strtol.o)
[...]
Memory Configuration

Name             Origin             Length             Attributes
RAM              0x20000000         0x00005000         xrw
FLASH            0x08000000         0x00030000         xr
*default*        0x00000000         0xffffffff

Linker script and memory map

LOAD C:/ST/STM32CubeIDE_1.16.1/STM32CubeIDE/plugins/com.st.stm32cube.ide.mcu.externaltools.gnu-tools-for-stm32.12.3.rel1.win32_1.1.0.202410251130/tools/bin/../lib/gcc/arm-none-eabi/12.3.1/thumb/v6-m/nofp/crti.o
LOAD C:/ST/STM32CubeIDE_1.16.1/STM32CubeIDE/plugins/com.st.stm32cube.ide.mcu.externaltools.gnu-tools-for-stm32.12.3.rel1.win32_1.1.0.202410251130/tools/bin/../lib/gcc/arm-none-eabi/12.3.1/thumb/v6-m/nofp/crtbegin.o
LOAD C:/ST/STM32CubeIDE_1.16.1/STM32CubeIDE/plugins/com.st.stm32cube.ide.mcu.externaltools.gnu-tools-for-stm32.12.3.rel1.win32_1.1.0.202410251130/tools/bin/../lib/gcc/arm-none-eabi/12.3.1/../../../../arm-none-eabi/lib/thumb/v6-m/nofp/crt0.o
LOAD ./Core/Src/EEProm.o
LOAD ./Core/Src/ESP.o
LOAD ./Core/Src/I2CSensors.o
LOAD ./Core/Src/PC_Config.o
LOAD ./Core/Src/PowerUtils.o
LOAD ./Core/Src/RealTimeClock.o
LOAD ./Core/Src/adc.o
LOAD ./Core/Src/dma.o
LOAD ./Core/Src/efficient_10log10.o
LOAD ./Core/Src/gpio.o
LOAD ./Core/Src/i2c.o
LOAD ./Core/Src/i2s.o
LOAD ./Core/Src/main.o
LOAD ./Core/Src/measurement.o
LOAD ./Core/Src/microphone.o
LOAD ./Core/Src/print_functions.o
LOAD ./Core/Src/rtc.o
LOAD ./Core/Src/sen5x.o
LOAD ./Core/Src/sen5x_i2c.o
LOAD ./Core/Src/sensirion_common.o
LOAD ./Core/Src/sensirion_gas_index_algorithm.o
LOAD ./Core/Src/sensirion_i2c.o
LOAD ./Core/Src/sgp40.o
LOAD ./Core/Src/sound_LUTs.o
LOAD ./Core/Src/sound_measurement.o
LOAD ./Core/Src/sound_utilities.o
LOAD ./Core/Src/statusCheck.o
LOAD ./Core/Src/stm32l0xx_hal_msp.o
LOAD ./Core/Src/stm32l0xx_it.o
LOAD ./Core/Src/syscalls.o
LOAD ./Core/Src/sysmem.o
LOAD ./Core/Src/system_stm32l0xx.o
LOAD ./Core/Src/tim.o
LOAD ./Core/Src/usart.o
LOAD ./Core/Src/utils.o
LOAD ./Core/Src/wsenHIDS.o
LOAD ./Core/Startup/startup_stm32l072rztx.o
LOAD ./Drivers/STM32L0xx_HAL_Driver/stm32l0xx_hal.o
LOAD ./Drivers/STM32L0xx_HAL_Driver/stm32l0xx_hal_adc.o
LOAD ./Drivers/STM32L0xx_HAL_Driver/stm32l0xx_hal_adc_ex.o
LOAD ./Drivers/STM32L0xx_HAL_Driver/stm32l0xx_hal_cortex.o
LOAD ./Drivers/STM32L0xx_HAL_Driver/stm32l0xx_hal_dma.o
LOAD ./Drivers/STM32L0xx_HAL_Driver/stm32l0xx_hal_exti.o
LOAD ./Drivers/STM32L0xx_HAL_Driver/stm32l0xx_hal_flash.o
LOAD ./Drivers/STM32L0xx_HAL_Driver/stm32l0xx_hal_flash_ex.o
LOAD ./Drivers/STM32L0xx_HAL_Driver/stm32l0xx_hal_flash_ramfunc.o
LOAD ./Drivers/STM32L0xx_HAL_Driver/stm32l0xx_hal_gpio.o
LOAD ./Drivers/STM32L0xx_HAL_Driver/stm32l0xx_hal_i2c.o
LOAD ./Drivers/STM32L0xx_HAL_Driver/stm32l0xx_hal_i2c_ex.o
LOAD ./Drivers/STM32L0xx_HAL_Driver/stm32l0xx_hal_i2s.o
LOAD ./Drivers/STM32L0xx_HAL_Driver/stm32l0xx_hal_pcd.o
LOAD ./Drivers/STM32L0xx_HAL_Driver/stm32l0xx_hal_pcd_ex.o
LOAD ./Drivers/STM32L0xx_HAL_Driver/stm32l0xx_hal_pwr.o
LOAD ./Drivers/STM32L0xx_HAL_Driver/stm32l0xx_hal_pwr_ex.o
LOAD ./Drivers/STM32L0xx_HAL_Driver/stm32l0xx_hal_rcc.o
LOAD ./Drivers/STM32L0xx_HAL_Driver/stm32l0xx_hal_rcc_ex.o
LOAD ./Drivers/STM32L0xx_HAL_Driver/stm32l0xx_hal_rtc.o
LOAD ./Drivers/STM32L0xx_HAL_Driver/stm32l0xx_hal_rtc_ex.o
LOAD ./Drivers/STM32L0xx_HAL_Driver/stm32l0xx_hal_tim.o
LOAD ./Drivers/STM32L0xx_HAL_Driver/stm32l0xx_hal_tim_ex.o
LOAD ./Drivers/STM32L0xx_HAL_Driver/stm32l0xx_hal_uart.o
LOAD ./Drivers/STM32L0xx_HAL_Driver/stm32l0xx_hal_uart_ex.o
LOAD ./Drivers/STM32L0xx_HAL_Driver/stm32l0xx_ll_usb.o
LOAD ./Middlewares/USB_Device_Library/usbd_cdc.o
LOAD ./Middlewares/USB_Device_Library/usbd_core.o
LOAD ./Middlewares/USB_Device_Library/usbd_ctlreq.o
LOAD ./Middlewares/USB_Device_Library/usbd_ioreq.o
LOAD ./USB_DEVICE/App/usb_device.o
LOAD ./USB_DEVICE/App/usbd_cdc_if.o
LOAD ./USB_DEVICE/App/usbd_desc.o
LOAD ./USB_DEVICE/Target/usbd_conf.o
LOAD C:\Users\itsme\OneDrive\Documenten\GitHub\MJSGadget - dB meter\Drivers\CMSIS\Lib\GCC\libarm_cortexM0l_math.a
START GROUP
LOAD C:/ST/STM32CubeIDE_1.16.1/STM32CubeIDE/plugins/com.st.stm32cube.ide.mcu.externaltools.gnu-tools-for-stm32.12.3.rel1.win32_1.1.0.202410251130/tools/bin/../lib/gcc/arm-none-eabi/12.3.1/../../../../arm-none-eabi/lib/thumb/v6-m/nofp\libc_nano.a
LOAD C:/ST/STM32CubeIDE_1.16.1/STM32CubeIDE/plugins/com.st.stm32cube.ide.mcu.externaltools.gnu-tools-for-stm32.12.3.rel1.win32_1.1.0.202410251130/tools/bin/../lib/gcc/arm-none-eabi/12.3.1/../../../../arm-none-eabi/lib/thumb/v6-m/nofp\libm.a
END GROUP
START GROUP
LOAD C:/ST/STM32CubeIDE_1.16.1/STM32CubeIDE/plugins/com.st.stm32cube.ide.mcu.externaltools.gnu-tools-for-stm32.12.3.rel1.win32_1.1.0.202410251130/tools/bin/../lib/gcc/arm-none-eabi/12.3.1/thumb/v6-m/nofp\libgcc.a
LOAD C:/ST/STM32CubeIDE_1.16.1/STM32CubeIDE/plugins/com.st.stm32cube.ide.mcu.externaltools.gnu-tools-for-stm32.12.3.rel1.win32_1.1.0.202410251130/tools/bin/../lib/gcc/arm-none-eabi/12.3.1/../../../../arm-none-eabi/lib/thumb/v6-m/nofp\libc_nano.a
END GROUP
START GROUP
LOAD C:/ST/STM32CubeIDE_1.16.1/STM32CubeIDE/plugins/com.st.stm32cube.ide.mcu.externaltools.gnu-tools-for-stm32.12.3.rel1.win32_1.1.0.202410251130/tools/bin/../lib/gcc/arm-none-eabi/12.3.1/thumb/v6-m/nofp\libgcc.a
LOAD C:/ST/STM32CubeIDE_1.16.1/STM32CubeIDE/plugins/com.st.stm32cube.ide.mcu.externaltools.gnu-tools-for-stm32.12.3.rel1.win32_1.1.0.202410251130/tools/bin/../lib/gcc/arm-none-eabi/12.3.1/../../../../arm-none-eabi/lib/thumb/v6-m/nofp\libc_nano.a
LOAD C:/ST/STM32CubeIDE_1.16.1/STM32CubeIDE/plugins/com.st.stm32cube.ide.mcu.externaltools.gnu-tools-for-stm32.12.3.rel1.win32_1.1.0.202410251130/tools/bin/../lib/gcc/arm-none-eabi/12.3.1/../../../../arm-none-eabi/lib/thumb/v6-m/nofp\libnosys.a
END GROUP
START GROUP
LOAD C:/ST/STM32CubeIDE_1.16.1/STM32CubeIDE/plugins/com.st.stm32cube.ide.mcu.externaltools.gnu-tools-for-stm32.12.3.rel1.win32_1.1.0.202410251130/tools/bin/../lib/gcc/arm-none-eabi/12.3.1/thumb/v6-m/nofp\libgcc.a
LOAD C:/ST/STM32CubeIDE_1.16.1/STM32CubeIDE/plugins/com.st.stm32cube.ide.mcu.externaltools.gnu-tools-for-stm32.12.3.rel1.win32_1.1.0.202410251130/tools/bin/../lib/gcc/arm-none-eabi/12.3.1/../../../../arm-none-eabi/lib/thumb/v6-m/nofp\libc_nano.a
LOAD C:/ST/STM32CubeIDE_1.16.1/STM32CubeIDE/plugins/com.st.stm32cube.ide.mcu.externaltools.gnu-tools-for-stm32.12.3.rel1.win32_1.1.0.202410251130/tools/bin/../lib/gcc/arm-none-eabi/12.3.1/../../../../arm-none-eabi/lib/thumb/v6-m/nofp\libnosys.a
END GROUP
LOAD C:/ST/STM32CubeIDE_1.16.1/STM32CubeIDE/plugins/com.st.stm32cube.ide.mcu.externaltools.gnu-tools-for-stm32.12.3.rel1.win32_1.1.0.202410251130/tools/bin/../lib/gcc/arm-none-eabi/12.3.1/thumb/v6-m/nofp/crtend.o
LOAD C:/ST/STM32CubeIDE_1.16.1/STM32CubeIDE/plugins/com.st.stm32cube.ide.mcu.externaltools.gnu-tools-for-stm32.12.3.rel1.win32_1.1.0.202410251130/tools/bin/../lib/gcc/arm-none-eabi/12.3.1/thumb/v6-m/nofp/crtn.o
                0x20005000                        _estack = (ORIGIN (RAM) + LENGTH (RAM))
                0x00000100                        _Min_Heap_Size = 0x100
                0x00000400                        _Min_Stack_Size = 0x400

.isr_vector     0x08000000       0xc0
                0x08000000                        . = ALIGN (0x4)
 *(.isr_vector)
 .isr_vector    0x08000000       0xc0 ./Core/Startup/startup_stm32l072rztx.o
                0x08000000                g_pfnVectors
                0x080000c0                        . = ALIGN (0x4)

.text           0x080000c0    0x166c8
                0x080000c0                        . = ALIGN (0x4)
 *(.text)
 .text          0x080000c0       0x48 C:/ST/STM32CubeIDE_1.16.1/STM32CubeIDE/plugins/com.st.stm32cube.ide.mcu.externaltools.gnu-tools-for-stm32.12.3.rel1.win32_1.1.0.202410251130/tools/bin/../lib/gcc/arm-none-eabi/12.3.1/thumb/v6-m/nofp/crtbegin.o
 .text          0x08000108       0x50 C:\Users\itsme\OneDrive\Documenten\GitHub\MJSGadget - dB meter\Drivers\CMSIS\Lib\GCC\libarm_cortexM0l_math.a(arm_bitreversal2.o)
                0x08000108                arm_bitreversal_32
                0x08000132                arm_bitreversal_16
 .text          0x08000158       0x14 C:/ST/STM32CubeIDE_1.16.1/STM32CubeIDE/plugins/com.st.stm32cube.ide.mcu.externaltools.gnu-tools-for-stm32.12.3.rel1.win32_1.1.0.202410251130/tools/bin/../lib/gcc/arm-none-eabi/12.3.1/../../../../arm-none-eabi/lib/thumb/v6-m/nofp\libc_nano.a(libc_a-strcmp.o)
                0x08000158                strcmp
 .text          0x0800016c        0xe C:/ST/STM32CubeIDE_1.16.1/STM32CubeIDE/plugins/com.st.stm32cube.ide.mcu.externaltools.gnu-tools-for-stm32.12.3.rel1.win32_1.1.0.202410251130/tools/bin/../lib/gcc/arm-none-eabi/12.3.1/../../../../arm-none-eabi/lib/thumb/v6-m/nofp\libc_nano.a(libc_a-strlen.o)
                0x0800016c                strlen
 *fill*         0x0800017a        0x2 
 .text          0x0800017c       0x14 C:/ST/STM32CubeIDE_1.16.1/STM32CubeIDE/plugins/com.st.stm32cube.ide.mcu.externaltools.gnu-tools-for-stm32.12.3.rel1.win32_1.1.0.202410251130/tools/bin/../lib/gcc/arm-none-eabi/12.3.1/thumb/v6-m/nofp\libgcc.a(_thumb1_case_uqi.o)
                0x0800017c                __gnu_thumb1_case_uqi
 .text          0x08000190       0x14 C:/ST/STM32CubeIDE_1.16.1/STM32CubeIDE/plugins/com.st.stm32cube.ide.mcu.externaltools.gnu-tools-for-stm32.12.3.rel1.win32_1.1.0.202410251130/tools/bin/../lib/gcc/arm-none-eabi/12.3.1/thumb/v6-m/nofp\libgcc.a(_thumb1_case_shi.o)
                0x08000190                __gnu_thumb1_case_shi
 .text          0x080001a4       0x14 C:/ST/STM32CubeIDE_1.16.1/STM32CubeIDE/plugins/com.st.stm32cube.ide.mcu.externaltools.gnu-tools-for-stm32.12.3.rel1.win32_1.1.0.202410251130/tools/bin/../lib/gcc/arm-none-eabi/12.3.1/thumb/v6-m/nofp\libgcc.a(_thumb1_case_uhi.o)
                0x080001a4                __gnu_thumb1_case_uhi
 .text          0x080001b8      0x114 C:/ST/STM32CubeIDE_1.16.1/STM32CubeIDE/plugins/com.st.stm32cube.ide.mcu.externaltools.gnu-tools-for-stm32.12.3.rel1.win32_1.1.0.202410251130/tools/bin/../lib/gcc/arm-none-eabi/12.3.1/thumb/v6-m/nofp\libgcc.a(_udivsi3.o)
                0x080001b8                __aeabi_uidiv
                0x080001b8                __udivsi3
                0x080002c4                __aeabi_uidivmod
 .text          0x080002cc      0x1d4 C:/ST/STM32CubeIDE_1.16.1/STM32CubeIDE/plugins/com.st.stm32cube.ide.mcu.externaltools.gnu-tools-for-stm32.12.3.rel1.win32_1.1.0.202410251130/tools/bin/../lib/gcc/arm-none-eabi/12.3.1/thumb/v6-m/nofp\libgcc.a(_divsi3.o)
                0x080002cc                __divsi3
                0x080002cc                __aeabi_idiv
                0x08000498                __aeabi_idivmod
 .text          0x080004a0        0x4 C:/ST/STM32CubeIDE_1.16.1/STM32CubeIDE/plugins/com.st.stm32cube.ide.mcu.externaltools.gnu-tools-for-stm32.12.3.rel1.win32_1.1.0.202410251130/tools/bin/../lib/gcc/arm-none-eabi/12.3.1/thumb/v6-m/nofp\libgcc.a(_dvmd_tls.o)
                0x080004a0                __aeabi_idiv0
                0x080004a0                __aeabi_ldiv0
 .text          0x080004a4       0x18 C:/ST/STM32CubeIDE_1.16.1/STM32CubeIDE/plugins/com.st.stm32cube.ide.mcu.externaltools.gnu-tools-for-stm32.12.3.rel1.win32_1.1.0.202410251130/tools/bin/../lib/gcc/arm-none-eabi/12.3.1/thumb/v6-m/nofp\libgcc.a(_lshrdi3.o)
                0x080004a4                __lshrdi3
                0x080004a4                __aeabi_llsr
 .text          0x080004bc       0x18 C:/ST/STM32CubeIDE_1.16.1/STM32CubeIDE/plugins/com.st.stm32cube.ide.mcu.externaltools.gnu-tools-for-stm32.12.3.rel1.win32_1.1.0.202410251130/tools/bin/../lib/gcc/arm-none-eabi/12.3.1/thumb/v6-m/nofp\libgcc.a(_ashldi3.o)
                0x080004bc                __aeabi_llsl
                0x080004bc                __ashldi3
 .text          0x080004d4       0x7c C:/ST/STM32CubeIDE_1.16.1/STM32CubeIDE/plugins/com.st.stm32cube.ide.mcu.externaltools.gnu-tools-for-stm32.12.3.rel1.win32_1.1.0.202410251130/tools/bin/../lib/gcc/arm-none-eabi/12.3.1/thumb/v6-m/nofp\libgcc.a(_arm_cmpdf2.o)
                0x080004d4                __aeabi_cdrcmple
                0x080004e4                __aeabi_cdcmple
                0x080004e4                __aeabi_cdcmpeq
                0x080004f4                __aeabi_dcmpeq
                0x08000500                __aeabi_dcmplt
                0x08000514                __aeabi_dcmple
                0x08000528                __aeabi_dcmpgt
                0x0800053c                __aeabi_dcmpge
 .text          0x08000550       0x74 C:/ST/STM32CubeIDE_1.16.1/STM32CubeIDE/plugins/com.st.stm32cube.ide.mcu.externaltools.gnu-tools-for-stm32.12.3.rel1.win32_1.1.0.202410251130/tools/bin/../lib/gcc/arm-none-eabi/12.3.1/thumb/v6-m/nofp\libgcc.a(_arm_cmpsf2.o)
                0x08000550                __aeabi_cfrcmple
                0x08000558                __aeabi_cfcmpeq
                0x08000558                __aeabi_cfcmple
                0x08000568                __aeabi_fcmpeq
                0x08000574                __aeabi_fcmplt
                0x08000588                __aeabi_fcmple
                0x0800059c                __aeabi_fcmpgt
                0x080005b0                __aeabi_fcmpge
 .text          0x080005c4       0x40 C:/ST/STM32CubeIDE_1.16.1/STM32CubeIDE/plugins/com.st.stm32cube.ide.mcu.externaltools.gnu-tools-for-stm32.12.3.rel1.win32_1.1.0.202410251130/tools/bin/../lib/gcc/arm-none-eabi/12.3.1/thumb/v6-m/nofp\libgcc.a(_aeabi_uldivmod.o)
                0x080005c4                __aeabi_uldivmod
 .text          0x08000604       0x5c C:/ST/STM32CubeIDE_1.16.1/STM32CubeIDE/plugins/com.st.stm32cube.ide.mcu.externaltools.gnu-tools-for-stm32.12.3.rel1.win32_1.1.0.202410251130/tools/bin/../lib/gcc/arm-none-eabi/12.3.1/thumb/v6-m/nofp\libgcc.a(_muldi3.o)
                0x08000604                __muldi3
                0x08000604                __aeabi_lmul
 .text          0x08000660       0x30 C:/ST/STM32CubeIDE_1.16.1/STM32CubeIDE/plugins/com.st.stm32cube.ide.mcu.externaltools.gnu-tools-for-stm32.12.3.rel1.win32_1.1.0.202410251130/tools/bin/../lib/gcc/arm-none-eabi/12.3.1/thumb/v6-m/nofp\libgcc.a(_fixunssfsi.o)
                0x08000660                __fixunssfsi
                0x08000660                __aeabi_f2uiz
 .text          0x08000690       0x3c C:/ST/STM32CubeIDE_1.16.1/STM32CubeIDE/plugins/com.st.stm32cube.ide.mcu.externaltools.gnu-tools-for-stm32.12.3.rel1.win32_1.1.0.202410251130/tools/bin/../lib/gcc/arm-none-eabi/12.3.1/thumb/v6-m/nofp\libgcc.a(_fixunsdfsi.o)
                0x08000690                __aeabi_d2uiz
                0x08000690                __fixunsdfsi
 .text          0x080006cc       0x38 C:/ST/STM32CubeIDE_1.16.1/STM32CubeIDE/plugins/com.st.stm32cube.ide.mcu.externaltools.gnu-tools-for-stm32.12.3.rel1.win32_1.1.0.202410251130/tools/bin/../lib/gcc/arm-none-eabi/12.3.1/thumb/v6-m/nofp\libgcc.a(_fixdfdi.o)
                0x080006cc                __fixdfdi
                0x080006cc                __aeabi_d2lz
 .text          0x08000704       0x3c C:/ST/STM32CubeIDE_1.16.1/STM32CubeIDE/plugins/com.st.stm32cube.ide.mcu.externaltools.gnu-tools-for-stm32.12.3.rel1.win32_1.1.0.202410251130/tools/bin/../lib/gcc/arm-none-eabi/12.3.1/thumb/v6-m/nofp\libgcc.a(_fixunsdfdi.o)
                0x08000704                __fixunsdfdi
                0x08000704                __aeabi_d2ulz
 .text          0x08000740       0x2c C:/ST/STM32CubeIDE_1.16.1/STM32CubeIDE/plugins/com.st.stm32cube.ide.mcu.externaltools.gnu-tools-for-stm32.12.3.rel1.win32_1.1.0.202410251130/tools/bin/../lib/gcc/arm-none-eabi/12.3.1/thumb/v6-m/nofp\libgcc.a(_floatdidf.o)
                0x08000740                __aeabi_l2d
                0x08000740                __floatdidf
 .text          0x0800076c      0x198 C:/ST/STM32CubeIDE_1.16.1/STM32CubeIDE/plugins/com.st.stm32cube.ide.mcu.externaltools.gnu-tools-for-stm32.12.3.rel1.win32_1.1.0.202410251130/tools/bin/../lib/gcc/arm-none-eabi/12.3.1/thumb/v6-m/nofp\libgcc.a(_udivmoddi4.o)
                0x0800076c                __udivmoddi4
 .text          0x08000904      0x314 C:/ST/STM32CubeIDE_1.16.1/STM32CubeIDE/plugins/com.st.stm32cube.ide.mcu.externaltools.gnu-tools-for-stm32.12.3.rel1.win32_1.1.0.202410251130/tools/bin/../lib/gcc/arm-none-eabi/12.3.1/thumb/v6-m/nofp\libgcc.a(addsf3.o)
                0x08000904                __aeabi_fadd
 .text          0x08000c18      0x240 C:/ST/STM32CubeIDE_1.16.1/STM32CubeIDE/plugins/com.st.stm32cube.ide.mcu.externaltools.gnu-tools-for-stm32.12.3.rel1.win32_1.1.0.202410251130/tools/bin/../lib/gcc/arm-none-eabi/12.3.1/thumb/v6-m/nofp\libgcc.a(divsf3.o)
                0x08000c18                __aeabi_fdiv
 .text          0x08000e58       0x50 C:/ST/STM32CubeIDE_1.16.1/STM32CubeIDE/plugins/com.st.stm32cube.ide.mcu.externaltools.gnu-tools-for-stm32.12.3.rel1.win32_1.1.0.202410251130/tools/bin/../lib/gcc/arm-none-eabi/12.3.1/thumb/v6-m/nofp\libgcc.a(eqsf2.o)
                0x08000e58                __eqsf2
                0x08000e58                __nesf2
 .text          0x08000ea8       0xa0 C:/ST/STM32CubeIDE_1.16.1/STM32CubeIDE/plugins/com.st.stm32cube.ide.mcu.externaltools.gnu-tools-for-stm32.12.3.rel1.win32_1.1.0.202410251130/tools/bin/../lib/gcc/arm-none-eabi/12.3.1/thumb/v6-m/nofp\libgcc.a(gesf2.o)
                0x08000ea8                __gesf2
                0x08000ea8                __gtsf2
 .text          0x08000f48       0x9c C:/ST/STM32CubeIDE_1.16.1/STM32CubeIDE/plugins/com.st.stm32cube.ide.mcu.externaltools.gnu-tools-for-stm32.12.3.rel1.win32_1.1.0.202410251130/tools/bin/../lib/gcc/arm-none-eabi/12.3.1/thumb/v6-m/nofp\libgcc.a(lesf2.o)
                0x08000f48                __ltsf2
                0x08000f48                __lesf2
 .text          0x08000fe4      0x27c C:/ST/STM32CubeIDE_1.16.1/STM32CubeIDE/plugins/com.st.stm32cube.ide.mcu.externaltools.gnu-tools-for-stm32.12.3.rel1.win32_1.1.0.202410251130/tools/bin/../lib/gcc/arm-none-eabi/12.3.1/thumb/v6-m/nofp\libgcc.a(mulsf3.o)
                0x08000fe4                __aeabi_fmul
 .text          0x08001260      0x348 C:/ST/STM32CubeIDE_1.16.1/STM32CubeIDE/plugins/com.st.stm32cube.ide.mcu.externaltools.gnu-tools-for-stm32.12.3.rel1.win32_1.1.0.202410251130/tools/bin/../lib/gcc/arm-none-eabi/12.3.1/thumb/v6-m/nofp\libgcc.a(subsf3.o)
                0x08001260                __aeabi_fsub
 .text          0x080015a8       0x2c C:/ST/STM32CubeIDE_1.16.1/STM32CubeIDE/plugins/com.st.stm32cube.ide.mcu.externaltools.gnu-tools-for-stm32.12.3.rel1.win32_1.1.0.202410251130/tools/bin/../lib/gcc/arm-none-eabi/12.3.1/thumb/v6-m/nofp\libgcc.a(unordsf2.o)
                0x080015a8                __aeabi_fcmpun
 .text          0x080015d4       0x40 C:/ST/STM32CubeIDE_1.16.1/STM32CubeIDE/plugins/com.st.stm32cube.ide.mcu.externaltools.gnu-tools-for-stm32.12.3.rel1.win32_1.1.0.202410251130/tools/bin/../lib/gcc/arm-none-eabi/12.3.1/thumb/v6-m/nofp\libgcc.a(fixsfsi.o)
                0x080015d4                __aeabi_f2iz
 .text          0x08001614       0x98 C:/ST/STM32CubeIDE_1.16.1/STM32CubeIDE/plugins/com.st.stm32cube.ide.mcu.externaltools.gnu-tools-for-stm32.12.3.rel1.win32_1.1.0.202410251130/tools/bin/../lib/gcc/arm-none-eabi/12.3.1/thumb/v6-m/nofp\libgcc.a(floatsisf.o)
                0x08001614                __aeabi_i2f
 .text          0x080016ac       0x84 C:/ST/STM32CubeIDE_1.16.1/STM32CubeIDE/plugins/com.st.stm32cube.ide.mcu.externaltools.gnu-tools-for-stm32.12.3.rel1.win32_1.1.0.202410251130/tools/bin/../lib/gcc/arm-none-eabi/12.3.1/thumb/v6-m/nofp\libgcc.a(floatunsisf.o)
                0x080016ac                __aeabi_ui2f
 .text          0x08001730      0x6c8 C:/ST/STM32CubeIDE_1.16.1/STM32CubeIDE/plugins/com.st.stm32cube.ide.mcu.externaltools.gnu-tools-for-stm32.12.3.rel1.win32_1.1.0.202410251130/tools/bin/../lib/gcc/arm-none-eabi/12.3.1/thumb/v6-m/nofp\libgcc.a(adddf3.o)
                0x08001730                __aeabi_dadd
 .text          0x08001df8      0x634 C:/ST/STM32CubeIDE_1.16.1/STM32CubeIDE/plugins/com.st.stm32cube.ide.mcu.externaltools.gnu-tools-for-stm32.12.3.rel1.win32_1.1.0.202410251130/tools/bin/../lib/gcc/arm-none-eabi/12.3.1/thumb/v6-m/nofp\libgcc.a(divdf3.o)
                0x08001df8                __aeabi_ddiv
 .text          0x0800242c       0x88 C:/ST/STM32CubeIDE_1.16.1/STM32CubeIDE/plugins/com.st.stm32cube.ide.mcu.externaltools.gnu-tools-for-stm32.12.3.rel1.win32_1.1.0.202410251130/tools/bin/../lib/gcc/arm-none-eabi/12.3.1/thumb/v6-m/nofp\libgcc.a(eqdf2.o)
                0x0800242c                __nedf2
                0x0800242c                __eqdf2
 .text          0x080024b4       0xe8 C:/ST/STM32CubeIDE_1.16.1/STM32CubeIDE/plugins/com.st.stm32cube.ide.mcu.externaltools.gnu-tools-for-stm32.12.3.rel1.win32_1.1.0.202410251130/tools/bin/../lib/gcc/arm-none-eabi/12.3.1/thumb/v6-m/nofp\libgcc.a(gedf2.o)
                0x080024b4                __gedf2
                0x080024b4                __gtdf2
 .text          0x0800259c       0xe4 C:/ST/STM32CubeIDE_1.16.1/STM32CubeIDE/plugins/com.st.stm32cube.ide.mcu.externaltools.gnu-tools-for-stm32.12.3.rel1.win32_1.1.0.202410251130/tools/bin/../lib/gcc/arm-none-eabi/12.3.1/thumb/v6-m/nofp\libgcc.a(ledf2.o)
                0x0800259c                __ledf2
                0x0800259c                __ltdf2
 .text          0x08002680      0x590 C:/ST/STM32CubeIDE_1.16.1/STM32CubeIDE/plugins/com.st.stm32cube.ide.mcu.externaltools.gnu-tools-for-stm32.12.3.rel1.win32_1.1.0.202410251130/tools/bin/../lib/gcc/arm-none-eabi/12.3.1/thumb/v6-m/nofp\libgcc.a(muldf3.o)
                0x08002680                __aeabi_dmul
 .text          0x08002c10      0x738 C:/ST/STM32CubeIDE_1.16.1/STM32CubeIDE/plugins/com.st.stm32cube.ide.mcu.externaltools.gnu-tools-for-stm32.12.3.rel1.win32_1.1.0.202410251130/tools/bin/../lib/gcc/arm-none-eabi/12.3.1/thumb/v6-m/nofp\libgcc.a(subdf3.o)
                0x08002c10                __aeabi_dsub
 .text          0x08003348       0x44 C:/ST/STM32CubeIDE_1.16.1/STM32CubeIDE/plugins/com.st.stm32cube.ide.mcu.externaltools.gnu-tools-for-stm32.12.3.rel1.win32_1.1.0.202410251130/tools/bin/../lib/gcc/arm-none-eabi/12.3.1/thumb/v6-m/nofp\libgcc.a(unorddf2.o)
                0x08003348                __aeabi_dcmpun
 .text          0x0800338c       0x78 C:/ST/STM32CubeIDE_1.16.1/STM32CubeIDE/plugins/com.st.stm32cube.ide.mcu.externaltools.gnu-tools-for-stm32.12.3.rel1.win32_1.1.0.202410251130/tools/bin/../lib/gcc/arm-none-eabi/12.3.1/thumb/v6-m/nofp\libgcc.a(fixdfsi.o)
                0x0800338c                __aeabi_d2iz
 .text          0x08003404       0x5c C:/ST/STM32CubeIDE_1.16.1/STM32CubeIDE/plugins/com.st.stm32cube.ide.mcu.externaltools.gnu-tools-for-stm32.12.3.rel1.win32_1.1.0.202410251130/tools/bin/../lib/gcc/arm-none-eabi/12.3.1/thumb/v6-m/nofp\libgcc.a(floatsidf.o)
                0x08003404                __aeabi_i2d
 .text          0x08003460       0x48 C:/ST/STM32CubeIDE_1.16.1/STM32CubeIDE/plugins/com.st.stm32cube.ide.mcu.externaltools.gnu-tools-for-stm32.12.3.rel1.win32_1.1.0.202410251130/tools/bin/../lib/gcc/arm-none-eabi/12.3.1/thumb/v6-m/nofp\libgcc.a(floatunsidf.o)
                0x08003460                __aeabi_ui2d
 .text          0x080034a8       0x90 C:/ST/STM32CubeIDE_1.16.1/STM32CubeIDE/plugins/com.st.stm32cube.ide.mcu.externaltools.gnu-tools-for-stm32.12.3.rel1.win32_1.1.0.202410251130/tools/bin/../lib/gcc/arm-none-eabi/12.3.1/thumb/v6-m/nofp\libgcc.a(extendsfdf2.o)
                0x080034a8                __aeabi_f2d
 .text          0x08003538      0x108 C:/ST/STM32CubeIDE_1.16.1/STM32CubeIDE/plugins/com.st.stm32cube.ide.mcu.externaltools.gnu-tools-for-stm32.12.3.rel1.win32_1.1.0.202410251130/tools/bin/../lib/gcc/arm-none-eabi/12.3.1/thumb/v6-m/nofp\libgcc.a(truncdfsf2.o)
                0x08003538                __aeabi_d2f
 .text          0x08003640       0x3c C:/ST/STM32CubeIDE_1.16.1/STM32CubeIDE/plugins/com.st.stm32cube.ide.mcu.externaltools.gnu-tools-for-stm32.12.3.rel1.win32_1.1.0.202410251130/tools/bin/../lib/gcc/arm-none-eabi/12.3.1/thumb/v6-m/nofp\libgcc.a(_clzsi2.o)
                0x08003640                __clzsi2
 .text          0x0800367c       0x18 C:/ST/STM32CubeIDE_1.16.1/STM32CubeIDE/plugins/com.st.stm32cube.ide.mcu.externaltools.gnu-tools-for-stm32.12.3.rel1.win32_1.1.0.202410251130/tools/bin/../lib/gcc/arm-none-eabi/12.3.1/thumb/v6-m/nofp\libgcc.a(_clzdi2.o)
                0x0800367c                __clzdi2
 *(.text*)
 .text.WriteUint8ArrayEeprom
                0x08003694       0x34 ./Core/Src/EEProm.o
                0x08003694                WriteUint8ArrayEeprom
 .text.WriteUint8ArrayEepromSafe
                0x080036c8        0xc ./Core/Src/EEProm.o
                0x080036c8                WriteUint8ArrayEepromSafe
 .text.ReadUint8ArrayEEprom
                0x080036d4       0x14 ./Core/Src/EEProm.o
                0x080036d4                ReadUint8ArrayEEprom
 .text.ClearEEprom
                0x080036e8       0x22 ./Core/Src/EEProm.o
                0x080036e8                ClearEEprom
 *fill*         0x0800370a        0x2 
 .text.ESP_Send
                0x0800370c       0x48 ./Core/Src/ESP.o
 .text.ESP_Receive.constprop.0
                0x08003754      0x10c ./Core/Src/ESP.o
 .text.forceNTPupdate
                0x08003860        0xc ./Core/Src/ESP.o
                0x08003860                forceNTPupdate
 .text.setESPTimeStamp
                0x0800386c       0x14 ./Core/Src/ESP.o
                0x0800386c                setESPTimeStamp
 .text.setCharges
                0x08003880       0x30 ./Core/Src/ESP.o
                0x08003880                setCharges
 .text.checkEEprom
                0x080038b0       0x34 ./Core/Src/ESP.o
                0x080038b0                checkEEprom
 .text.checkName
                0x080038e4       0x34 ./Core/Src/ESP.o
                0x080038e4                checkName
 .text.ESP_GetHT
                0x08003918       0x14 ./Core/Src/ESP.o
                0x08003918                ESP_GetHT
 .text.setHIDS  0x0800392c       0x14 ./Core/Src/ESP.o
                0x0800392c                setHIDS
 .text.setVOC   0x08003940        0xc ./Core/Src/ESP.o
                0x08003940                setVOC
 .text.setMic   0x0800394c        0xc ./Core/Src/ESP.o
                0x0800394c                setMic
 .text.setPMsen50
                0x08003958       0x30 ./Core/Src/ESP.o
                0x08003958                setPMsen50
 .text.setPMs   0x08003988       0x60 ./Core/Src/ESP.o
                0x08003988                setPMs
 .text.SetConfigMode
                0x080039e8        0xc ./Core/Src/ESP.o
                0x080039e8                SetConfigMode
 .text.ESP_GetUID
                0x080039f4       0x1c ./Core/Src/ESP.o
                0x080039f4                ESP_GetUID
 .text.ESP_Init
                0x08003a10       0x28 ./Core/Src/ESP.o
                0x08003a10                ESP_Init
 .text.HAL_UART_ErrorCallback
                0x08003a38       0x2c ./Core/Src/ESP.o
                0x08003a38                HAL_UART_ErrorCallback
 .text.uint8ArrayToString
                0x08003a64       0x20 ./Core/Src/ESP.o
                0x08003a64                uint8ArrayToString
 .text.CreateMessage
                0x08003a84      0x344 ./Core/Src/ESP.o
                0x08003a84                CreateMessage
 .text.StartProg
                0x08003dc8       0x54 ./Core/Src/ESP.o
                0x08003dc8                StartProg
 .text.ParseBuffer
                0x08003e1c      0x19c ./Core/Src/ESP.o
                0x08003e1c                ParseBuffer
 .text.PollAwake
                0x08003fb8       0x10 ./Core/Src/ESP.o
                0x08003fb8                PollAwake
 .text.RFPower  0x08003fc8       0x10 ./Core/Src/ESP.o
                0x08003fc8                RFPower
 .text.CheckRFPower
                0x08003fd8       0x10 ./Core/Src/ESP.o
                0x08003fd8                CheckRFPower
 .text.ATRestore
                0x08003fe8       0x10 ./Core/Src/ESP.o
                0x08003fe8                ATRestore
 .text.CWINIT   0x08003ff8       0x10 ./Core/Src/ESP.o
                0x08003ff8                CWINIT
 .text.CWMODE1  0x08004008       0x10 ./Core/Src/ESP.o
                0x08004008                CWMODE1
 .text.CWMODE2  0x08004018       0x10 ./Core/Src/ESP.o
                0x08004018                CWMODE2
 .text.CWAUTOCONN
                0x08004028       0x10 ./Core/Src/ESP.o
                0x08004028                CWAUTOCONN
 .text.CWJAP    0x08004038       0x6c ./Core/Src/ESP.o
                0x08004038                CWJAP
 .text.CWMODE3  0x080040a4       0x10 ./Core/Src/ESP.o
                0x080040a4                CWMODE3
 .text.CWSTATE  0x080040b4       0x10 ./Core/Src/ESP.o
                0x080040b4                CWSTATE
 .text.CWSAP    0x080040c4       0x10 ./Core/Src/ESP.o
                0x080040c4                CWSAP
 .text.CIPMUX   0x080040d4       0x10 ./Core/Src/ESP.o
                0x080040d4                CIPMUX
 .text.WEBSERVER
                0x080040e4       0x10 ./Core/Src/ESP.o
                0x080040e4                WEBSERVER
 .text.HTTPCPOST
                0x080040f4       0x84 ./Core/Src/ESP.o
                0x080040f4                HTTPCPOST
 .text.SENDDATA
                0x08004178       0x18 ./Core/Src/ESP.o
                0x08004178                SENDDATA
 .text.SLEEP    0x08004190       0x10 ./Core/Src/ESP.o
                0x08004190                SLEEP
 .text.CIPSNTPCFG
                0x080041a0       0x20 ./Core/Src/ESP.o
                0x080041a0                CIPSNTPCFG
 .text.CIPSNTPTIME
                0x080041c0       0x10 ./Core/Src/ESP.o
                0x080041c0                CIPSNTPTIME
 .text.CIPSNTPINTV
                0x080041d0       0x10 ./Core/Src/ESP.o
                0x080041d0                CIPSNTPINTV
 .text.DMA_ProcessBuffer
                0x080041e0       0xe4 ./Core/Src/ESP.o
                0x080041e0                DMA_ProcessBuffer
 .text.clearDMABuffer
                0x080042c4       0x14 ./Core/Src/ESP.o
                0x080042c4                clearDMABuffer
 .text.ATCompare
                0x080042d8       0x28 ./Core/Src/ESP.o
                0x080042d8                ATCompare
 .text.AT_Send  0x08004300      0x1a8 ./Core/Src/ESP.o
                0x08004300                AT_Send
 .text.ESP_WakeTest
                0x080044a8      0x180 ./Core/Src/ESP.o
                0x080044a8                ESP_WakeTest
 .text.ESP_Upkeep
                0x08004628      0x664 ./Core/Src/ESP.o
                0x08004628                ESP_Upkeep
 .text.WriteI2C
                0x08004c8c       0x20 ./Core/Src/I2CSensors.o
 .text.ReadI2C  0x08004cac       0x20 ./Core/Src/I2CSensors.o
 .text.I2CSensors_Init
                0x08004ccc       0x28 ./Core/Src/I2CSensors.o
                0x08004ccc                I2CSensors_Init
 .text.CRC16_ARC
                0x08004cf4       0x30 ./Core/Src/PC_Config.o
 .text.ProcessCmd
                0x08004d24      0x130 ./Core/Src/PC_Config.o
                0x08004d24                ProcessCmd
 .text.Create_Message
                0x08004e54       0x38 ./Core/Src/PC_Config.o
                0x08004e54                Create_Message
 .text.Process_PC_Config
                0x08004e8c       0xbc ./Core/Src/PC_Config.o
                0x08004e8c                Process_PC_Config
 .text.ReadBatteryVoltage
                0x08004f48       0x8c ./Core/Src/PowerUtils.o
                0x08004f48                ReadBatteryVoltage
 .text.ReadSolarVoltage
                0x08004fd4       0x80 ./Core/Src/PowerUtils.o
                0x08004fd4                ReadSolarVoltage
 .text.Check_USB_PowerOn
                0x08005054       0x14 ./Core/Src/PowerUtils.o
                0x08005054                Check_USB_PowerOn
 .text.BootButton_Pressed
                0x08005068       0x16 ./Core/Src/PowerUtils.o
                0x08005068                BootButton_Pressed
 *fill*         0x0800507e        0x2 
 .text.UserButton_Pressed
                0x08005080       0x18 ./Core/Src/PowerUtils.o
                0x08005080                UserButton_Pressed
 .text.aBuff2int
                0x08005098       0x70 ./Core/Src/RealTimeClock.o
                0x08005098                aBuff2int
 .text.RTC_SetTime
                0x08005108       0x30 ./Core/Src/RealTimeClock.o
                0x08005108                RTC_SetTime
 .text.RTC_SetDate
                0x08005138       0x60 ./Core/Src/RealTimeClock.o
                0x08005138                RTC_SetDate
 .text.RTC_GetTime
                0x08005198       0x78 ./Core/Src/RealTimeClock.o
                0x08005198                RTC_GetTime
 .text.RTC_GetWeekday
                0x08005210       0x12 ./Core/Src/RealTimeClock.o
                0x08005210                RTC_GetWeekday
 *fill*         0x08005222        0x2 
 .text.RTC_SetWakeUpTimer
                0x08005224       0x38 ./Core/Src/RealTimeClock.o
                0x08005224                RTC_SetWakeUpTimer
 .text.Enter_Standby_Mode
                0x0800525c       0x38 ./Core/Src/RealTimeClock.o
                0x0800525c                Enter_Standby_Mode
 .text.InitClock
                0x08005294        0xc ./Core/Src/RealTimeClock.o
                0x08005294                InitClock
 .text.makeTime
                0x080052a0       0xdc ./Core/Src/RealTimeClock.o
                0x080052a0                makeTime
 .text.UpdateSystemUptime
                0x0800537c       0x60 ./Core/Src/RealTimeClock.o
                0x0800537c                UpdateSystemUptime
 .text.showTime
                0x080053dc       0x64 ./Core/Src/RealTimeClock.o
                0x080053dc                showTime
 .text.ParseTime
                0x08005440       0xcc ./Core/Src/RealTimeClock.o
                0x08005440                ParseTime
 .text.getPosixTime
                0x0800550c       0x16 ./Core/Src/RealTimeClock.o
                0x0800550c                getPosixTime
 *fill*         0x08005522        0x2 
 .text.breakPosixTime
                0x08005524      0x144 ./Core/Src/RealTimeClock.o
                0x08005524                breakPosixTime
 .text.getUTCfromPosixTime
                0x08005668       0x38 ./Core/Src/RealTimeClock.o
                0x08005668                getUTCfromPosixTime
 .text.Enter_Stop_Mode
                0x080056a0      0x128 ./Core/Src/RealTimeClock.o
                0x080056a0                Enter_Stop_Mode
 .text.MX_ADC_Init
                0x080057c8       0x94 ./Core/Src/adc.o
                0x080057c8                MX_ADC_Init
 .text.HAL_ADC_MspInit
                0x0800585c       0x54 ./Core/Src/adc.o
                0x0800585c                HAL_ADC_MspInit
 .text.MX_DMA_Init
                0x080058b0       0x3c ./Core/Src/dma.o
                0x080058b0                MX_DMA_Init
 .text.correctIntFracNumber
                0x080058ec       0x52 ./Core/Src/efficient_10log10.o
                0x080058ec                correctIntFracNumber
 *fill*         0x0800593e        0x2 
 .text.efficient10log10
                0x08005940       0x58 ./Core/Src/efficient_10log10.o
                0x08005940                efficient10log10
 .text.MX_GPIO_Init
                0x08005998      0x198 ./Core/Src/gpio.o
                0x08005998                MX_GPIO_Init
 .text.GPIO_InitPWMLEDs
                0x08005b30       0x54 ./Core/Src/gpio.o
                0x08005b30                GPIO_InitPWMLEDs
 .text.MX_I2C1_Init
                0x08005b84       0x5c ./Core/Src/i2c.o
                0x08005b84                MX_I2C1_Init
 .text.MX_I2C2_Init
                0x08005be0       0x5c ./Core/Src/i2c.o
                0x08005be0                MX_I2C2_Init
 .text.HAL_I2C_MspInit
                0x08005c3c      0x11c ./Core/Src/i2c.o
                0x08005c3c                HAL_I2C_MspInit
 .text.MX_I2S2_Init
                0x08005d58       0x38 ./Core/Src/i2s.o
                0x08005d58                MX_I2S2_Init
 .text.HAL_I2S_MspInit
                0x08005d90       0x90 ./Core/Src/i2s.o
                0x08005d90                HAL_I2S_MspInit
 .text.SetTestDone
                0x08005e20       0x68 ./Core/Src/main.o
                0x08005e20                SetTestDone
 .text.FlashLEDs
                0x08005e88       0x44 ./Core/Src/main.o
                0x08005e88                FlashLEDs
 .text.printString
                0x08005ecc       0x1c ./Core/Src/main.o
                0x08005ecc                printString
 .text.HAL_UART_RxCpltCallback
                0x08005ee8       0xfc ./Core/Src/main.o
                0x08005ee8                HAL_UART_RxCpltCallback
 .text.HAL_GPIO_EXTI_Callback
                0x08005fe4       0x28 ./Core/Src/main.o
                0x08005fe4                HAL_GPIO_EXTI_Callback
 .text.Error_Handler
                0x0800600c       0x24 ./Core/Src/main.o
                0x0800600c                Error_Handler
 .text.SystemClock_Config
                0x08006030       0xb0 ./Core/Src/main.o
                0x08006030                SystemClock_Config
 .text.startup.main
                0x080060e0      0x32c ./Core/Src/main.o
                0x080060e0                main
 .text.testInit
                0x0800640c       0x18 ./Core/Src/measurement.o
                0x0800640c                testInit
 .text.GetPMSensorPresence
                0x08006424        0xc ./Core/Src/measurement.o
                0x08006424                GetPMSensorPresence
 .text.IsSGPPresent
                0x08006430        0xc ./Core/Src/measurement.o
                0x08006430                IsSGPPresent
 .text.SetVOCSensorDIS_ENA
                0x0800643c       0x38 ./Core/Src/measurement.o
                0x0800643c                SetVOCSensorDIS_ENA
 .text.IsPMSensorEnabled
                0x08006474        0xc ./Core/Src/measurement.o
                0x08006474                IsPMSensorEnabled
 .text.SetVOCSensorStatus
                0x08006480        0xc ./Core/Src/measurement.o
                0x08006480                SetVOCSensorStatus
 .text.SetPMSensorStatus
                0x0800648c        0xc ./Core/Src/measurement.o
                0x0800648c                SetPMSensorStatus
 .text.SetESPMeasurementDone
                0x08006498        0xc ./Core/Src/measurement.o
                0x08006498                SetESPMeasurementDone
 .text.Device_Init
                0x080064a4      0x200 ./Core/Src/measurement.o
                0x080064a4                Device_Init
 .text.Device_Test
                0x080066a4       0xc8 ./Core/Src/measurement.o
                0x080066a4                Device_Test
 .text.AllDevicesReady
                0x0800676c       0x9c ./Core/Src/measurement.o
                0x0800676c                AllDevicesReady
 .text.EnabledConnectedDevices
                0x08006808       0x44 ./Core/Src/measurement.o
                0x08006808                EnabledConnectedDevices
 .text.DisableConnectedDevices
                0x0800684c       0x14 ./Core/Src/measurement.o
                0x0800684c                DisableConnectedDevices
 .text.ResetdBAmax
                0x08006860        0xc ./Core/Src/microphone.o
                0x08006860                ResetdBAmax
 .text.setMICTimeStamp
                0x0800686c       0x14 ./Core/Src/microphone.o
                0x0800686c                setMICTimeStamp
 .text.ResetDBACalculator
                0x08006880       0x20 ./Core/Src/microphone.o
                0x08006880                ResetDBACalculator
 .text.MIC_Print
                0x080068a0      0x22c ./Core/Src/microphone.o
                0x080068a0                MIC_Print
 .text.MIC_TestMeasurementDone
                0x08006acc       0x4c ./Core/Src/microphone.o
                0x08006acc                MIC_TestMeasurementDone
 .text.Mic_Upkeep
                0x08006b18      0x174 ./Core/Src/microphone.o
                0x08006b18                Mic_Upkeep
 .text.print    0x08006c8c       0x30 ./Core/Src/print_functions.o
                0x08006c8c                print
 .text.MX_RTC_Init
                0x08006cbc       0x90 ./Core/Src/rtc.o
                0x08006cbc                MX_RTC_Init
 .text.HAL_RTC_MspInit
                0x08006d4c       0x30 ./Core/Src/rtc.o
                0x08006d4c                HAL_RTC_MspInit
 .text.sen5x_Get_sen5x_enable_state
                0x08006d7c        0xc ./Core/Src/sen5x.o
                0x08006d7c                sen5x_Get_sen5x_enable_state
 .text.setsen5xReadTimer
                0x08006d88       0x14 ./Core/Src/sen5x.o
                0x08006d88                setsen5xReadTimer
 .text.setsen5xSamplecounter
                0x08006d9c        0xc ./Core/Src/sen5x.o
                0x08006d9c                setsen5xSamplecounter
 .text.sen5x_enable
                0x08006da8       0x70 ./Core/Src/sen5x.o
                0x08006da8                sen5x_enable
 .text.sen5x_Power_On
                0x08006e18       0x38 ./Core/Src/sen5x.o
                0x08006e18                sen5x_Power_On
 .text.sen5x_Power_Off
                0x08006e50       0x48 ./Core/Src/sen5x.o
                0x08006e50                sen5x_Power_Off
 .text.reset_fanCleaningDone
                0x08006e98        0xc ./Core/Src/sen5x.o
                0x08006e98                reset_fanCleaningDone
 .text.probe_sen5x
                0x08006ea4      0x104 ./Core/Src/sen5x.o
                0x08006ea4                probe_sen5x
 .text.sen5x_lightup_measurement
                0x08006fa8       0x6c ./Core/Src/sen5x.o
                0x08006fa8                sen5x_lightup_measurement
 .text.sen5x_extinguish_measurement
                0x08007014       0x78 ./Core/Src/sen5x.o
                0x08007014                sen5x_extinguish_measurement
 .text.sen5x_read_measurement
                0x0800708c       0x5c ./Core/Src/sen5x.o
                0x0800708c                sen5x_read_measurement
 .text.sen5x_printvalues
                0x080070e8      0x13c ./Core/Src/sen5x.o
                0x080070e8                sen5x_printvalues
 .text.sen5xStoreMax
                0x08007224       0x90 ./Core/Src/sen5x.o
                0x08007224                sen5xStoreMax
 .text.sensirion_i2c_hal_read
                0x080072b4       0x1c ./Core/Src/sen5x.o
                0x080072b4                sensirion_i2c_hal_read
 .text.sensirion_i2c_hal_write
                0x080072d0       0x1c ./Core/Src/sen5x.o
                0x080072d0                sensirion_i2c_hal_write
 .text.sensirion_i2c_hal_sleep_usec
                0x080072ec       0x26 ./Core/Src/sen5x.o
                0x080072ec                sensirion_i2c_hal_sleep_usec
 *fill*         0x08007312        0x2 
 .text.sen5x_check_for_errors
                0x08007314       0xac ./Core/Src/sen5x.o
                0x08007314                sen5x_check_for_errors
 .text.set_light_on_state
                0x080073c0       0x60 ./Core/Src/sen5x.o
                0x080073c0                set_light_on_state
 .text.sen5x_statemachine
                0x08007420      0x1b0 ./Core/Src/sen5x.o
                0x08007420                sen5x_statemachine
 .text.sen5x_start_measurement
                0x080075d0       0x28 ./Core/Src/sen5x_i2c.o
                0x080075d0                sen5x_start_measurement
 .text.sen5x_start_measurement_without_pm
                0x080075f8       0x28 ./Core/Src/sen5x_i2c.o
                0x080075f8                sen5x_start_measurement_without_pm
 .text.sen5x_stop_measurement
                0x08007620       0x2c ./Core/Src/sen5x_i2c.o
                0x08007620                sen5x_stop_measurement
 .text.sen5x_read_data_ready
                0x0800764c       0x44 ./Core/Src/sen5x_i2c.o
                0x0800764c                sen5x_read_data_ready
 .text.sen5x_read_measured_values
                0x08007690       0x9c ./Core/Src/sen5x_i2c.o
                0x08007690                sen5x_read_measured_values
 .text.sen5x_start_fan_cleaning
                0x0800772c       0x2c ./Core/Src/sen5x_i2c.o
                0x0800772c                sen5x_start_fan_cleaning
 .text.sen5x_set_temperature_offset_parameters
                0x08007758       0x54 ./Core/Src/sen5x_i2c.o
                0x08007758                sen5x_set_temperature_offset_parameters
 .text.sen5x_get_product_name
                0x080077ac       0x4c ./Core/Src/sen5x_i2c.o
                0x080077ac                sen5x_get_product_name
 .text.sen5x_get_serial_number
                0x080077f8       0x4c ./Core/Src/sen5x_i2c.o
                0x080077f8                sen5x_get_serial_number
 .text.sen5x_get_version
                0x08007844       0x6c ./Core/Src/sen5x_i2c.o
                0x08007844                sen5x_get_version
 .text.sen5x_read_device_status
                0x080078b0       0x44 ./Core/Src/sen5x_i2c.o
                0x080078b0                sen5x_read_device_status
 .text.sen5x_device_reset
                0x080078f4       0x2c ./Core/Src/sen5x_i2c.o
                0x080078f4                sen5x_device_reset
 .text.sensirion_common_bytes_to_uint16_t
                0x08007920        0xe ./Core/Src/sensirion_common.o
                0x08007920                sensirion_common_bytes_to_uint16_t
 .text.sensirion_common_bytes_to_uint32_t
                0x0800792e       0x18 ./Core/Src/sensirion_common.o
                0x0800792e                sensirion_common_bytes_to_uint32_t
 .text.sensirion_common_bytes_to_int16_t
                0x08007946        0xc ./Core/Src/sensirion_common.o
                0x08007946                sensirion_common_bytes_to_int16_t
 .text.sensirion_common_copy_bytes
                0x08007952       0x14 ./Core/Src/sensirion_common.o
                0x08007952                sensirion_common_copy_bytes
 *fill*         0x08007966        0x2 
 .text.GasIndexAlgorithm__init_instances
                0x08007968      0x13c ./Core/Src/sensirion_gas_index_algorithm.o
 .text.GasIndexAlgorithm__mean_variance_estimator___sigmoid__process
                0x08007aa4       0x58 ./Core/Src/sensirion_gas_index_algorithm.o
 .text.GasIndexAlgorithm_reset
                0x08007afc       0x10 ./Core/Src/sensirion_gas_index_algorithm.o
                0x08007afc                GasIndexAlgorithm_reset
 .text.GasIndexAlgorithm_init_with_sampling_interval
                0x08007b0c       0x84 ./Core/Src/sensirion_gas_index_algorithm.o
                0x08007b0c                GasIndexAlgorithm_init_with_sampling_interval
 .text.GasIndexAlgorithm_init
                0x08007b90       0x10 ./Core/Src/sensirion_gas_index_algorithm.o
                0x08007b90                GasIndexAlgorithm_init
 .text.GasIndexAlgorithm_process
                0x08007ba0      0x560 ./Core/Src/sensirion_gas_index_algorithm.o
                0x08007ba0                GasIndexAlgorithm_process
 .text.sensirion_i2c_generate_crc
                0x08008100       0x36 ./Core/Src/sensirion_i2c.o
                0x08008100                sensirion_i2c_generate_crc
 .text.sensirion_i2c_check_crc
                0x08008136       0x12 ./Core/Src/sensirion_i2c.o
                0x08008136                sensirion_i2c_check_crc
 .text.sensirion_i2c_add_command_to_buffer
                0x08008148       0x10 ./Core/Src/sensirion_i2c.o
                0x08008148                sensirion_i2c_add_command_to_buffer
 .text.sensirion_i2c_add_uint16_t_to_buffer
                0x08008158       0x26 ./Core/Src/sensirion_i2c.o
                0x08008158                sensirion_i2c_add_uint16_t_to_buffer
 .text.sensirion_i2c_add_int16_t_to_buffer
                0x0800817e        0xa ./Core/Src/sensirion_i2c.o
                0x0800817e                sensirion_i2c_add_int16_t_to_buffer
 .text.sensirion_i2c_write_data
                0x08008188        0x8 ./Core/Src/sensirion_i2c.o
                0x08008188                sensirion_i2c_write_data
 .text.sensirion_i2c_read_data_inplace
                0x08008190       0x5e ./Core/Src/sensirion_i2c.o
                0x08008190                sensirion_i2c_read_data_inplace
 .text.CalculateCRC.constprop.0
                0x080081ee       0x4c ./Core/Src/sgp40.o
 *fill*         0x0800823a        0x2 
 .text.CheckCRC.constprop.0
                0x0800823c       0x4c ./Core/Src/sgp40.o
 .text.WriteRegister.constprop.0
                0x08008288       0x18 ./Core/Src/sgp40.o
 .text.ReadRegister.constprop.0
                0x080082a0       0x1c ./Core/Src/sgp40.o
 .text.setSGP40TimeStamp
                0x080082bc       0x14 ./Core/Src/sgp40.o
                0x080082bc                setSGP40TimeStamp
 .text.ResetSGP40samplecounter
                0x080082d0        0xc ./Core/Src/sgp40.o
                0x080082d0                ResetSGP40samplecounter
 .text.SGP_Init
                0x080082dc       0x20 ./Core/Src/sgp40.o
                0x080082dc                SGP_Init
 .text.SetSGP40_GasIndexAlgorithm_Sampling_Interval
                0x080082fc       0x24 ./Core/Src/sgp40.o
                0x080082fc                SetSGP40_GasIndexAlgorithm_Sampling_Interval
 .text.SGP_StartMeasurement
                0x08008320       0x58 ./Core/Src/sgp40.o
                0x08008320                SGP_StartMeasurement
 .text.SGP_TurnHeaterOff
                0x08008378       0x10 ./Core/Src/sgp40.o
                0x08008378                SGP_TurnHeaterOff
 .text.SGP_GetMeasurementValues
                0x08008388      0x25c ./Core/Src/sgp40.o
                0x08008388                SGP_GetMeasurementValues
 .text.SGP_DeviceConnected
                0x080085e4       0x48 ./Core/Src/sgp40.o
                0x080085e4                SGP_DeviceConnected
 .text.SGP_GetHT
                0x0800862c       0x7c ./Core/Src/sgp40.o
                0x0800862c                SGP_GetHT
 .text.SGP_SoftReset
                0x080086a8       0x2c ./Core/Src/sgp40.o
                0x080086a8                SGP_SoftReset
 .text.SGP_Upkeep
                0x080086d4       0xbc ./Core/Src/sgp40.o
                0x080086d4                SGP_Upkeep
 .text.processHalfDMAbuffer
                0x08008790      0x35c ./Core/Src/sound_measurement.o
 .text.soundInit
                0x08008aec       0x14 ./Core/Src/sound_measurement.o
                0x08008aec                soundInit
 .text.clearMaximumAmplitude
                0x08008b00        0xc ./Core/Src/sound_measurement.o
                0x08008b00                clearMaximumAmplitude
 .text.micSettlingComplete
                0x08008b0c       0x28 ./Core/Src/sound_measurement.o
                0x08008b0c                micSettlingComplete
 .text.getSoundData
                0x08008b34      0x108 ./Core/Src/sound_measurement.o
                0x08008b34                getSoundData
 .text.enableMicrophone
                0x08008c3c       0xa8 ./Core/Src/sound_measurement.o
                0x08008c3c                enableMicrophone
 .text.startSPLcalculation
                0x08008ce4       0x60 ./Core/Src/sound_measurement.o
                0x08008ce4                startSPLcalculation
 .text.HAL_I2S_RxHalfCpltCallback
                0x08008d44       0x18 ./Core/Src/sound_measurement.o
                0x08008d44                HAL_I2S_RxHalfCpltCallback
 .text.HAL_I2S_RxCpltCallback
                0x08008d5c       0x18 ./Core/Src/sound_measurement.o
                0x08008d5c                HAL_I2S_RxCpltCallback
 .text.HAL_I2S_ErrorCallback
                0x08008d74       0x24 ./Core/Src/sound_measurement.o
                0x08008d74                HAL_I2S_ErrorCallback
 .text.floatToIntAndFrac2dp
                0x08008d98       0x2c ./Core/Src/sound_utilities.o
                0x08008d98                floatToIntAndFrac2dp
 .text.floatToIntAndFrac1dp
                0x08008dc4       0x2c ./Core/Src/sound_utilities.o
                0x08008dc4                floatToIntAndFrac1dp
 .text.sumToIntAverage
                0x08008df0       0x54 ./Core/Src/sound_utilities.o
                0x08008df0                sumToIntAverage
 .text.findMinMax
                0x08008e44       0x34 ./Core/Src/sound_utilities.o
                0x08008e44                findMinMax
 .text.getPo2factor
                0x08008e78       0x1a ./Core/Src/sound_utilities.o
                0x08008e78                getPo2factor
 .text.amplitudeDN_to_mPa
                0x08008e92       0x20 ./Core/Src/sound_utilities.o
                0x08008e92                amplitudeDN_to_mPa
 .text.scaleSPL
                0x08008eb2       0x30 ./Core/Src/sound_utilities.o
                0x08008eb2                scaleSPL
 .text.decodeI2SdataLch
                0x08008ee2       0x1c ./Core/Src/sound_utilities.o
                0x08008ee2                decodeI2SdataLch
 *fill*         0x08008efe        0x2 
 .text.InitDone
                0x08008f00        0xc ./Core/Src/statusCheck.o
                0x08008f00                InitDone
 .text.batteryChargeCheck
                0x08008f0c       0x74 ./Core/Src/statusCheck.o
                0x08008f0c                batteryChargeCheck
 .text.Calculate_LED_ON
                0x08008f80       0x60 ./Core/Src/statusCheck.o
                0x08008f80                Calculate_LED_ON
 .text.SetStatusLED
                0x08008fe0       0x30 ./Core/Src/statusCheck.o
                0x08008fe0                SetStatusLED
 .text.SetDBLED
                0x08009010       0x5c ./Core/Src/statusCheck.o
                0x08009010                SetDBLED
 .text.SetVocLED
                0x0800906c       0x34 ./Core/Src/statusCheck.o
                0x0800906c                SetVocLED
 .text.SetMeasurementIndicator
                0x080090a0       0x28 ./Core/Src/statusCheck.o
                0x080090a0                SetMeasurementIndicator
 .text.ResetMeasurementIndicator
                0x080090c8       0x24 ./Core/Src/statusCheck.o
                0x080090c8                ResetMeasurementIndicator
 .text.SetMICIndicator
                0x080090ec       0x5c ./Core/Src/statusCheck.o
                0x080090ec                SetMICIndicator
 .text.ResetMICIndicator
                0x08009148       0x54 ./Core/Src/statusCheck.o
                0x08009148                ResetMICIndicator
 .text.SetESPIndicator
                0x0800919c       0x28 ./Core/Src/statusCheck.o
                0x0800919c                SetESPIndicator
 .text.ResetESPIndicator
                0x080091c4       0x24 ./Core/Src/statusCheck.o
                0x080091c4                ResetESPIndicator
 .text.SetPMIndicator
                0x080091e8       0x34 ./Core/Src/statusCheck.o
                0x080091e8                SetPMIndicator
 .text.ResetPMIndicator
                0x0800921c       0x28 ./Core/Src/statusCheck.o
                0x0800921c                ResetPMIndicator
 .text.SetLEDsOff
                0x08009244       0x26 ./Core/Src/statusCheck.o
                0x08009244                SetLEDsOff
 .text.powerCheck
                0x0800926a       0x14 ./Core/Src/statusCheck.o
                0x0800926a                powerCheck
 *fill*         0x0800927e        0x2 
 .text.powerDisplay
                0x08009280       0x58 ./Core/Src/statusCheck.o
                0x08009280                powerDisplay
 .text.configCheck
                0x080092d8      0x210 ./Core/Src/statusCheck.o
                0x080092d8                configCheck
 .text.Battery_Upkeep
                0x080094e8       0x10 ./Core/Src/statusCheck.o
                0x080094e8                Battery_Upkeep
 .text.setuserToggle
                0x080094f8       0x18 ./Core/Src/statusCheck.o
                0x080094f8                setuserToggle
 .text.HAL_MspInit
                0x08009510       0x1c ./Core/Src/stm32l0xx_hal_msp.o
                0x08009510                HAL_MspInit
 .text.NMI_Handler
                0x0800952c        0x2 ./Core/Src/stm32l0xx_it.o
                0x0800952c                NMI_Handler
 .text.HardFault_Handler
                0x0800952e        0x2 ./Core/Src/stm32l0xx_it.o
                0x0800952e                HardFault_Handler
 .text.SVC_Handler
                0x08009530        0x2 ./Core/Src/stm32l0xx_it.o
                0x08009530                SVC_Handler
 .text.PendSV_Handler
                0x08009532        0x2 ./Core/Src/stm32l0xx_it.o
                0x08009532                PendSV_Handler
 .text.SysTick_Handler
                0x08009534        0x8 ./Core/Src/stm32l0xx_it.o
                0x08009534                SysTick_Handler
 .text.RTC_IRQHandler
                0x0800953c       0x10 ./Core/Src/stm32l0xx_it.o
                0x0800953c                RTC_IRQHandler
 .text.EXTI4_15_IRQHandler
                0x0800954c        0xc ./Core/Src/stm32l0xx_it.o
                0x0800954c                EXTI4_15_IRQHandler
 .text.DMA1_Channel2_3_IRQHandler
                0x08009558       0x18 ./Core/Src/stm32l0xx_it.o
                0x08009558                DMA1_Channel2_3_IRQHandler
 .text.DMA1_Channel4_5_6_7_IRQHandler
                0x08009570       0x24 ./Core/Src/stm32l0xx_it.o
                0x08009570                DMA1_Channel4_5_6_7_IRQHandler
 .text.USART4_5_IRQHandler
                0x08009594       0x10 ./Core/Src/stm32l0xx_it.o
                0x08009594                USART4_5_IRQHandler
 .text.I2C1_IRQHandler
                0x080095a4       0x20 ./Core/Src/stm32l0xx_it.o
                0x080095a4                I2C1_IRQHandler
 .text.USART1_IRQHandler
                0x080095c4       0x10 ./Core/Src/stm32l0xx_it.o
                0x080095c4                USART1_IRQHandler
 .text.USB_IRQHandler
                0x080095d4       0x10 ./Core/Src/stm32l0xx_it.o
                0x080095d4                USB_IRQHandler
 .text._getpid  0x080095e4        0x4 ./Core/Src/syscalls.o
                0x080095e4                _getpid
 .text._kill    0x080095e8       0x10 ./Core/Src/syscalls.o
                0x080095e8                _kill
 .text._exit    0x080095f8        0xc ./Core/Src/syscalls.o
                0x080095f8                _exit
 .text._read    0x08009604       0x1a ./Core/Src/syscalls.o
                0x08009604                _read
 .text._close   0x0800961e        0x6 ./Core/Src/syscalls.o
                0x0800961e                _close
 .text._fstat   0x08009624        0xa ./Core/Src/syscalls.o
                0x08009624                _fstat
 .text._isatty  0x0800962e        0x4 ./Core/Src/syscalls.o
                0x0800962e                _isatty
 .text._lseek   0x08009632        0x4 ./Core/Src/syscalls.o
                0x08009632                _lseek
 *fill*         0x08009636        0x2 
 .text._sbrk    0x08009638       0x40 ./Core/Src/sysmem.o
                0x08009638                _sbrk
 .text.SystemInit
                0x08009678        0x2 ./Core/Src/system_stm32l0xx.o
                0x08009678                SystemInit
 *fill*         0x0800967a        0x2 
 .text.MX_TIM6_Init
                0x0800967c       0x50 ./Core/Src/tim.o
                0x0800967c                MX_TIM6_Init
 .text.HAL_TIM_PWM_MspInit
                0x080096cc       0x2c ./Core/Src/tim.o
                0x080096cc                HAL_TIM_PWM_MspInit
 .text.HAL_TIM_Base_MspInit
                0x080096f8       0x1c ./Core/Src/tim.o
                0x080096f8                HAL_TIM_Base_MspInit
 .text.HAL_TIM_MspPostInit
                0x08009714       0x7c ./Core/Src/tim.o
                0x08009714                HAL_TIM_MspPostInit
 .text.MX_TIM2_Init
                0x08009790       0xa4 ./Core/Src/tim.o
                0x08009790                MX_TIM2_Init
 .text.MX_TIM3_Init
                0x08009834       0xb4 ./Core/Src/tim.o
                0x08009834                MX_TIM3_Init
 .text.MX_LPUART1_UART_Init
                0x080098e8       0x44 ./Core/Src/usart.o
                0x080098e8                MX_LPUART1_UART_Init
 .text.MX_USART1_UART_Init
                0x0800992c       0x40 ./Core/Src/usart.o
                0x0800992c                MX_USART1_UART_Init
 .text.MX_USART4_UART_Init
                0x0800996c       0x38 ./Core/Src/usart.o
                0x0800996c                MX_USART4_UART_Init
 .text.HAL_UART_MspInit
                0x080099a4      0x190 ./Core/Src/usart.o
                0x080099a4                HAL_UART_MspInit
 .text.TimestampIsReached
                0x08009b34       0x2c ./Core/Src/utils.o
                0x08009b34                TimestampIsReached
 .text.CreateLine
                0x08009b60       0x74 ./Core/Src/utils.o
                0x08009b60                CreateLine
 .text._write   0x08009bd4       0x18 ./Core/Src/utils.o
                0x08009bd4                _write
 .text.SetVerboseLevel
                0x08009bec        0xc ./Core/Src/utils.o
                0x08009bec                SetVerboseLevel
 .text.GetVerboseLevel
                0x08009bf8        0xc ./Core/Src/utils.o
                0x08009bf8                GetVerboseLevel
 .text.BinaryReleaseInfo
                0x08009c04       0x5c ./Core/Src/utils.o
                0x08009c04                BinaryReleaseInfo
 .text.errorHandler
                0x08009c60       0x18 ./Core/Src/utils.o
                0x08009c60                errorHandler
 .text.CalculateCRC.constprop.0
                0x08009c78       0x4c ./Core/Src/wsenHIDS.o
 .text.CheckCRC
                0x08009cc4       0x6c ./Core/Src/wsenHIDS.o
 .text.WriteRegister.constprop.0.isra.0
                0x08009d30       0x18 ./Core/Src/wsenHIDS.o
 .text.HIDS_Init
                0x08009d48       0x14 ./Core/Src/wsenHIDS.o
                0x08009d48                HIDS_Init
 .text.HIDS_StartMeasurement
                0x08009d5c       0x2c ./Core/Src/wsenHIDS.o
                0x08009d5c                HIDS_StartMeasurement
 .text.setHIDSTimeStamp
                0x08009d88       0x14 ./Core/Src/wsenHIDS.o
                0x08009d88                setHIDSTimeStamp
 .text.HIDS_DeviceConnected
                0x08009d9c       0x5c ./Core/Src/wsenHIDS.o
                0x08009d9c                HIDS_DeviceConnected
 .text.HIDS_MeasurementReady
                0x08009df8       0x10 ./Core/Src/wsenHIDS.o
                0x08009df8                HIDS_MeasurementReady
 .text.HIDS_GetMeasurementValues
                0x08009e08       0xd4 ./Core/Src/wsenHIDS.o
                0x08009e08                HIDS_GetMeasurementValues
 .text.ResetHIDSresults
                0x08009edc       0x14 ./Core/Src/wsenHIDS.o
                0x08009edc                ResetHIDSresults
 .text.HIDS_Upkeep
                0x08009ef0       0xd8 ./Core/Src/wsenHIDS.o
                0x08009ef0                HIDS_Upkeep
 .text.Reset_Handler
                0x08009fc8       0x50 ./Core/Startup/startup_stm32l072rztx.o
                0x08009fc8                Reset_Handler
 .text.Default_Handler
                0x0800a018        0x2 ./Core/Startup/startup_stm32l072rztx.o
                0x0800a018                TSC_IRQHandler
                0x0800a018                ADC1_COMP_IRQHandler
                0x0800a018                PVD_IRQHandler
                0x0800a018                RCC_CRS_IRQHandler
                0x0800a018                SPI1_IRQHandler
                0x0800a018                TIM6_DAC_IRQHandler
                0x0800a018                EXTI2_3_IRQHandler
                0x0800a018                I2C2_IRQHandler
                0x0800a018                TIM3_IRQHandler
                0x0800a018                DMA1_Channel1_IRQHandler
                0x0800a018                Default_Handler
                0x0800a018                TIM22_IRQHandler
                0x0800a018                TIM7_IRQHandler
                0x0800a018                EXTI0_1_IRQHandler
                0x0800a018                I2C3_IRQHandler
                0x0800a018                SPI2_IRQHandler
                0x0800a018                TIM21_IRQHandler
                0x0800a018                WWDG_IRQHandler
                0x0800a018                TIM2_IRQHandler
                0x0800a018                USART2_IRQHandler
                0x0800a018                FLASH_IRQHandler
                0x0800a018                RNG_LPUART1_IRQHandler
                0x0800a018                LPTIM1_IRQHandler
 *fill*         0x0800a01a        0x2 
 .text.HAL_InitTick
                0x0800a01c       0x48 ./Drivers/STM32L0xx_HAL_Driver/stm32l0xx_hal.o
                0x0800a01c                HAL_InitTick
 .text.HAL_Init
                0x0800a064       0x28 ./Drivers/STM32L0xx_HAL_Driver/stm32l0xx_hal.o
                0x0800a064                HAL_Init
 .text.HAL_IncTick
                0x0800a08c       0x18 ./Drivers/STM32L0xx_HAL_Driver/stm32l0xx_hal.o
                0x0800a08c                HAL_IncTick
 .text.HAL_GetTick
                0x0800a0a4        0xc ./Drivers/STM32L0xx_HAL_Driver/stm32l0xx_hal.o
                0x0800a0a4                HAL_GetTick
 .text.HAL_Delay
                0x0800a0b0       0x24 ./Drivers/STM32L0xx_HAL_Driver/stm32l0xx_hal.o
                0x0800a0b0                HAL_Delay
 .text.HAL_SuspendTick
                0x0800a0d4       0x10 ./Drivers/STM32L0xx_HAL_Driver/stm32l0xx_hal.o
                0x0800a0d4                HAL_SuspendTick
 .text.HAL_ResumeTick
                0x0800a0e4       0x10 ./Drivers/STM32L0xx_HAL_Driver/stm32l0xx_hal.o
                0x0800a0e4                HAL_ResumeTick
 .text.HAL_GetUIDw0
                0x0800a0f4        0xc ./Drivers/STM32L0xx_HAL_Driver/stm32l0xx_hal.o
                0x0800a0f4                HAL_GetUIDw0
 .text.HAL_GetUIDw1
                0x0800a100        0xc ./Drivers/STM32L0xx_HAL_Driver/stm32l0xx_hal.o
                0x0800a100                HAL_GetUIDw1
 .text.HAL_GetUIDw2
                0x0800a10c        0xc ./Drivers/STM32L0xx_HAL_Driver/stm32l0xx_hal.o
                0x0800a10c                HAL_GetUIDw2
 .text.ADC_DelayMicroSecond
                0x0800a118       0x2c ./Drivers/STM32L0xx_HAL_Driver/stm32l0xx_hal_adc.o
 .text.ADC_Enable
                0x0800a144       0x78 ./Drivers/STM32L0xx_HAL_Driver/stm32l0xx_hal_adc.o
 .text.HAL_ADC_Init
                0x0800a1bc      0x1ac ./Drivers/STM32L0xx_HAL_Driver/stm32l0xx_hal_adc.o
                0x0800a1bc                HAL_ADC_Init
 .text.HAL_ADC_Start
                0x0800a368       0x58 ./Drivers/STM32L0xx_HAL_Driver/stm32l0xx_hal_adc.o
                0x0800a368                HAL_ADC_Start
 .text.HAL_ADC_PollForConversion
                0x0800a3c0       0xcc ./Drivers/STM32L0xx_HAL_Driver/stm32l0xx_hal_adc.o
                0x0800a3c0                HAL_ADC_PollForConversion
 .text.HAL_ADC_GetValue
                0x0800a48c        0x6 ./Drivers/STM32L0xx_HAL_Driver/stm32l0xx_hal_adc.o
                0x0800a48c                HAL_ADC_GetValue
 *fill*         0x0800a492        0x2 
 .text.HAL_ADC_ConfigChannel
                0x0800a494       0xa8 ./Drivers/STM32L0xx_HAL_Driver/stm32l0xx_hal_adc.o
                0x0800a494                HAL_ADC_ConfigChannel
 .text.HAL_NVIC_SetPriority
                0x0800a53c       0x54 ./Drivers/STM32L0xx_HAL_Driver/stm32l0xx_hal_cortex.o
                0x0800a53c                HAL_NVIC_SetPriority
 .text.HAL_NVIC_EnableIRQ
                0x0800a590       0x18 ./Drivers/STM32L0xx_HAL_Driver/stm32l0xx_hal_cortex.o
                0x0800a590                HAL_NVIC_EnableIRQ
 .text.HAL_NVIC_SystemReset
                0x0800a5a8       0x1c ./Drivers/STM32L0xx_HAL_Driver/stm32l0xx_hal_cortex.o
                0x0800a5a8                HAL_NVIC_SystemReset
 .text.HAL_SYSTICK_Config
                0x0800a5c4       0x34 ./Drivers/STM32L0xx_HAL_Driver/stm32l0xx_hal_cortex.o
                0x0800a5c4                HAL_SYSTICK_Config
 .text.HAL_DMA_Init
                0x0800a5f8       0x88 ./Drivers/STM32L0xx_HAL_Driver/stm32l0xx_hal_dma.o
                0x0800a5f8                HAL_DMA_Init
 .text.HAL_DMA_Start_IT
                0x0800a680       0x7c ./Drivers/STM32L0xx_HAL_Driver/stm32l0xx_hal_dma.o
                0x0800a680                HAL_DMA_Start_IT
 .text.HAL_DMA_Abort
                0x0800a6fc       0x40 ./Drivers/STM32L0xx_HAL_Driver/stm32l0xx_hal_dma.o
                0x0800a6fc                HAL_DMA_Abort
 .text.HAL_DMA_Abort_IT
                0x0800a73c       0x46 ./Drivers/STM32L0xx_HAL_Driver/stm32l0xx_hal_dma.o
                0x0800a73c                HAL_DMA_Abort_IT
 .text.HAL_DMA_IRQHandler
                0x0800a782       0x96 ./Drivers/STM32L0xx_HAL_Driver/stm32l0xx_hal_dma.o
                0x0800a782                HAL_DMA_IRQHandler
 .text.HAL_DMA_GetState
                0x0800a818        0x8 ./Drivers/STM32L0xx_HAL_Driver/stm32l0xx_hal_dma.o
                0x0800a818                HAL_DMA_GetState
 .text.FLASH_SetErrorCode
                0x0800a820       0xac ./Drivers/STM32L0xx_HAL_Driver/stm32l0xx_hal_flash.o
 .text.FLASH_WaitForLastOperation
                0x0800a8cc       0x74 ./Drivers/STM32L0xx_HAL_Driver/stm32l0xx_hal_flash.o
                0x0800a8cc                FLASH_WaitForLastOperation
 .text.HAL_FLASHEx_DATAEEPROM_Unlock
                0x0800a940       0x30 ./Drivers/STM32L0xx_HAL_Driver/stm32l0xx_hal_flash_ex.o
                0x0800a940                HAL_FLASHEx_DATAEEPROM_Unlock
 .text.HAL_FLASHEx_DATAEEPROM_Lock
                0x0800a970       0x14 ./Drivers/STM32L0xx_HAL_Driver/stm32l0xx_hal_flash_ex.o
                0x0800a970                HAL_FLASHEx_DATAEEPROM_Lock
 .text.HAL_FLASHEx_DATAEEPROM_Erase
                0x0800a984       0x24 ./Drivers/STM32L0xx_HAL_Driver/stm32l0xx_hal_flash_ex.o
                0x0800a984                HAL_FLASHEx_DATAEEPROM_Erase
 .text.HAL_FLASHEx_DATAEEPROM_Program
                0x0800a9a8       0x54 ./Drivers/STM32L0xx_HAL_Driver/stm32l0xx_hal_flash_ex.o
                0x0800a9a8                HAL_FLASHEx_DATAEEPROM_Program
 .text.HAL_GPIO_Init
                0x0800a9fc      0x180 ./Drivers/STM32L0xx_HAL_Driver/stm32l0xx_hal_gpio.o
                0x0800a9fc                HAL_GPIO_Init
 .text.HAL_GPIO_ReadPin
                0x0800ab7c        0xc ./Drivers/STM32L0xx_HAL_Driver/stm32l0xx_hal_gpio.o
                0x0800ab7c                HAL_GPIO_ReadPin
 .text.HAL_GPIO_WritePin
                0x0800ab88        0xc ./Drivers/STM32L0xx_HAL_Driver/stm32l0xx_hal_gpio.o
                0x0800ab88                HAL_GPIO_WritePin
 .text.HAL_GPIO_EXTI_IRQHandler
                0x0800ab94       0x18 ./Drivers/STM32L0xx_HAL_Driver/stm32l0xx_hal_gpio.o
                0x0800ab94                HAL_GPIO_EXTI_IRQHandler
 .text.I2C_Flush_TXDR
                0x0800abac       0x1c ./Drivers/STM32L0xx_HAL_Driver/stm32l0xx_hal_i2c.o
 .text.I2C_TransferConfig
                0x0800abc8       0x2c ./Drivers/STM32L0xx_HAL_Driver/stm32l0xx_hal_i2c.o
 .text.I2C_Enable_IRQ
                0x0800abf4       0x88 ./Drivers/STM32L0xx_HAL_Driver/stm32l0xx_hal_i2c.o
 .text.I2C_Disable_IRQ
                0x0800ac7c       0x48 ./Drivers/STM32L0xx_HAL_Driver/stm32l0xx_hal_i2c.o
 .text.I2C_IsErrorOccurred
                0x0800acc4       0xfc ./Drivers/STM32L0xx_HAL_Driver/stm32l0xx_hal_i2c.o
 .text.I2C_WaitOnTXISFlagUntilTimeout
                0x0800adc0       0x5c ./Drivers/STM32L0xx_HAL_Driver/stm32l0xx_hal_i2c.o
 .text.I2C_WaitOnFlagUntilTimeout
                0x0800ae1c       0x60 ./Drivers/STM32L0xx_HAL_Driver/stm32l0xx_hal_i2c.o
 .text.I2C_WaitOnSTOPFlagUntilTimeout
                0x0800ae7c       0x54 ./Drivers/STM32L0xx_HAL_Driver/stm32l0xx_hal_i2c.o
 .text.I2C_WaitOnRXNEFlagUntilTimeout
                0x0800aed0       0x9c ./Drivers/STM32L0xx_HAL_Driver/stm32l0xx_hal_i2c.o
 .text.HAL_I2C_Init
                0x0800af6c       0xac ./Drivers/STM32L0xx_HAL_Driver/stm32l0xx_hal_i2c.o
                0x0800af6c                HAL_I2C_Init
 .text.HAL_I2C_Master_Transmit
                0x0800b018      0x118 ./Drivers/STM32L0xx_HAL_Driver/stm32l0xx_hal_i2c.o
                0x0800b018                HAL_I2C_Master_Transmit
 .text.HAL_I2C_Master_Receive
                0x0800b130      0x11c ./Drivers/STM32L0xx_HAL_Driver/stm32l0xx_hal_i2c.o
                0x0800b130                HAL_I2C_Master_Receive
 .text.HAL_I2C_Master_Transmit_DMA
                0x0800b24c      0x138 ./Drivers/STM32L0xx_HAL_Driver/stm32l0xx_hal_i2c.o
                0x0800b24c                HAL_I2C_Master_Transmit_DMA
 .text.HAL_I2C_Master_Receive_DMA
                0x0800b384      0x134 ./Drivers/STM32L0xx_HAL_Driver/stm32l0xx_hal_i2c.o
                0x0800b384                HAL_I2C_Master_Receive_DMA
 .text.HAL_I2C_EV_IRQHandler
                0x0800b4b8       0x12 ./Drivers/STM32L0xx_HAL_Driver/stm32l0xx_hal_i2c.o
                0x0800b4b8                HAL_I2C_EV_IRQHandler
 .text.HAL_I2C_MasterTxCpltCallback
                0x0800b4ca        0x2 ./Drivers/STM32L0xx_HAL_Driver/stm32l0xx_hal_i2c.o
                0x0800b4ca                HAL_I2C_MasterTxCpltCallback
 .text.HAL_I2C_MasterRxCpltCallback
                0x0800b4cc        0x2 ./Drivers/STM32L0xx_HAL_Driver/stm32l0xx_hal_i2c.o
                0x0800b4cc                HAL_I2C_MasterRxCpltCallback
 .text.I2C_ITMasterSeqCplt
                0x0800b4ce       0x48 ./Drivers/STM32L0xx_HAL_Driver/stm32l0xx_hal_i2c.o
 .text.HAL_I2C_SlaveTxCpltCallback
                0x0800b516        0x2 ./Drivers/STM32L0xx_HAL_Driver/stm32l0xx_hal_i2c.o
                0x0800b516                HAL_I2C_SlaveTxCpltCallback
 .text.HAL_I2C_SlaveRxCpltCallback
                0x0800b518        0x2 ./Drivers/STM32L0xx_HAL_Driver/stm32l0xx_hal_i2c.o
                0x0800b518                HAL_I2C_SlaveRxCpltCallback
 *fill*         0x0800b51a        0x2 
 .text.I2C_ITSlaveSeqCplt
                0x0800b51c       0x80 ./Drivers/STM32L0xx_HAL_Driver/stm32l0xx_hal_i2c.o
 .text.HAL_I2C_AddrCallback
                0x0800b59c        0x2 ./Drivers/STM32L0xx_HAL_Driver/stm32l0xx_hal_i2c.o
                0x0800b59c                HAL_I2C_AddrCallback
 .text.I2C_ITAddrCplt.constprop.0
                0x0800b59e       0x9a ./Drivers/STM32L0xx_HAL_Driver/stm32l0xx_hal_i2c.o
 .text.HAL_I2C_ListenCpltCallback
                0x0800b638        0x2 ./Drivers/STM32L0xx_HAL_Driver/stm32l0xx_hal_i2c.o
                0x0800b638                HAL_I2C_ListenCpltCallback
 *fill*         0x0800b63a        0x2 
 .text.I2C_ITListenCplt
                0x0800b63c       0x6c ./Drivers/STM32L0xx_HAL_Driver/stm32l0xx_hal_i2c.o
 .text.HAL_I2C_MemTxCpltCallback
                0x0800b6a8        0x2 ./Drivers/STM32L0xx_HAL_Driver/stm32l0xx_hal_i2c.o
                0x0800b6a8                HAL_I2C_MemTxCpltCallback
 .text.HAL_I2C_MemRxCpltCallback
                0x0800b6aa        0x2 ./Drivers/STM32L0xx_HAL_Driver/stm32l0xx_hal_i2c.o
                0x0800b6aa                HAL_I2C_MemRxCpltCallback
 .text.HAL_I2C_ErrorCallback
                0x0800b6ac        0x2 ./Drivers/STM32L0xx_HAL_Driver/stm32l0xx_hal_i2c.o
                0x0800b6ac                HAL_I2C_ErrorCallback
 .text.HAL_I2C_AbortCpltCallback
                0x0800b6ae        0x2 ./Drivers/STM32L0xx_HAL_Driver/stm32l0xx_hal_i2c.o
                0x0800b6ae                HAL_I2C_AbortCpltCallback
 .text.I2C_TreatErrorCallback
                0x0800b6b0       0x2a ./Drivers/STM32L0xx_HAL_Driver/stm32l0xx_hal_i2c.o
 *fill*         0x0800b6da        0x2 
 .text.I2C_ITError
                0x0800b6dc      0x114 ./Drivers/STM32L0xx_HAL_Driver/stm32l0xx_hal_i2c.o
 .text.I2C_ITMasterCplt
                0x0800b7f0       0xe4 ./Drivers/STM32L0xx_HAL_Driver/stm32l0xx_hal_i2c.o
 .text.I2C_Master_ISR_IT
                0x0800b8d4      0x12c ./Drivers/STM32L0xx_HAL_Driver/stm32l0xx_hal_i2c.o
 .text.I2C_Mem_ISR_DMA
                0x0800ba00      0x144 ./Drivers/STM32L0xx_HAL_Driver/stm32l0xx_hal_i2c.o
 .text.I2C_Master_ISR_DMA
                0x0800bb44      0x108 ./Drivers/STM32L0xx_HAL_Driver/stm32l0xx_hal_i2c.o
 .text.I2C_DMAError
                0x0800bc4c       0x18 ./Drivers/STM32L0xx_HAL_Driver/stm32l0xx_hal_i2c.o
 .text.I2C_DMAMasterTransmitCplt
                0x0800bc64       0x50 ./Drivers/STM32L0xx_HAL_Driver/stm32l0xx_hal_i2c.o
 .text.I2C_DMAMasterReceiveCplt
                0x0800bcb4       0x54 ./Drivers/STM32L0xx_HAL_Driver/stm32l0xx_hal_i2c.o
 .text.HAL_I2C_ER_IRQHandler
                0x0800bd08       0x58 ./Drivers/STM32L0xx_HAL_Driver/stm32l0xx_hal_i2c.o
                0x0800bd08                HAL_I2C_ER_IRQHandler
 .text.I2C_ITSlaveCplt.constprop.0
                0x0800bd60      0x134 ./Drivers/STM32L0xx_HAL_Driver/stm32l0xx_hal_i2c.o
 .text.I2C_Slave_ISR_DMA
                0x0800be94      0x110 ./Drivers/STM32L0xx_HAL_Driver/stm32l0xx_hal_i2c.o
 .text.I2C_Slave_ISR_IT
                0x0800bfa4      0x124 ./Drivers/STM32L0xx_HAL_Driver/stm32l0xx_hal_i2c.o
 .text.I2C_DMAAbort
                0x0800c0c8       0x1e ./Drivers/STM32L0xx_HAL_Driver/stm32l0xx_hal_i2c.o
 *fill*         0x0800c0e6        0x2 
 .text.HAL_I2CEx_ConfigAnalogFilter
                0x0800c0e8       0x4c ./Drivers/STM32L0xx_HAL_Driver/stm32l0xx_hal_i2c_ex.o
                0x0800c0e8                HAL_I2CEx_ConfigAnalogFilter
 .text.HAL_I2CEx_ConfigDigitalFilter
                0x0800c134       0x48 ./Drivers/STM32L0xx_HAL_Driver/stm32l0xx_hal_i2c_ex.o
                0x0800c134                HAL_I2CEx_ConfigDigitalFilter
 .text.I2S_WaitFlagStateUntilTimeout
                0x0800c17c       0x46 ./Drivers/STM32L0xx_HAL_Driver/stm32l0xx_hal_i2s.o
 *fill*         0x0800c1c2        0x2 
 .text.HAL_I2S_Init
                0x0800c1c4       0xec ./Drivers/STM32L0xx_HAL_Driver/stm32l0xx_hal_i2s.o
                0x0800c1c4                HAL_I2S_Init
 .text.HAL_I2S_Receive_DMA
                0x0800c2b0       0xcc ./Drivers/STM32L0xx_HAL_Driver/stm32l0xx_hal_i2s.o
                0x0800c2b0                HAL_I2S_Receive_DMA
 .text.HAL_I2S_DMAStop
                0x0800c37c       0xf4 ./Drivers/STM32L0xx_HAL_Driver/stm32l0xx_hal_i2s.o
                0x0800c37c                HAL_I2S_DMAStop
 .text.I2S_DMARxHalfCplt
                0x0800c470        0xa ./Drivers/STM32L0xx_HAL_Driver/stm32l0xx_hal_i2s.o
 .text.I2S_DMARxCplt
                0x0800c47a       0x24 ./Drivers/STM32L0xx_HAL_Driver/stm32l0xx_hal_i2s.o
 .text.I2S_DMAError
                0x0800c49e       0x2a ./Drivers/STM32L0xx_HAL_Driver/stm32l0xx_hal_i2s.o
 .text.HAL_PCD_Init
                0x0800c4c8       0xd8 ./Drivers/STM32L0xx_HAL_Driver/stm32l0xx_hal_pcd.o
                0x0800c4c8                HAL_PCD_Init
 .text.HAL_PCD_Start
                0x0800c5a0       0x26 ./Drivers/STM32L0xx_HAL_Driver/stm32l0xx_hal_pcd.o
                0x0800c5a0                HAL_PCD_Start
 .text.HAL_PCD_SetAddress
                0x0800c5c6       0x24 ./Drivers/STM32L0xx_HAL_Driver/stm32l0xx_hal_pcd.o
                0x0800c5c6                HAL_PCD_SetAddress
 *fill*         0x0800c5ea        0x2 
 .text.HAL_PCD_IRQHandler
                0x0800c5ec      0x9cc ./Drivers/STM32L0xx_HAL_Driver/stm32l0xx_hal_pcd.o
                0x0800c5ec                HAL_PCD_IRQHandler
 .text.HAL_PCD_EP_Open
                0x0800cfb8       0x5a ./Drivers/STM32L0xx_HAL_Driver/stm32l0xx_hal_pcd.o
                0x0800cfb8                HAL_PCD_EP_Open
 .text.HAL_PCD_EP_Close
                0x0800d012       0x4e ./Drivers/STM32L0xx_HAL_Driver/stm32l0xx_hal_pcd.o
                0x0800d012                HAL_PCD_EP_Close
 .text.HAL_PCD_EP_Receive
                0x0800d060       0x40 ./Drivers/STM32L0xx_HAL_Driver/stm32l0xx_hal_pcd.o
                0x0800d060                HAL_PCD_EP_Receive
 .text.HAL_PCD_EP_GetRxCount
                0x0800d0a0       0x12 ./Drivers/STM32L0xx_HAL_Driver/stm32l0xx_hal_pcd.o
                0x0800d0a0                HAL_PCD_EP_GetRxCount
 .text.HAL_PCD_EP_Transmit
                0x0800d0b2       0x3a ./Drivers/STM32L0xx_HAL_Driver/stm32l0xx_hal_pcd.o
                0x0800d0b2                HAL_PCD_EP_Transmit
 .text.HAL_PCD_EP_SetStall
                0x0800d0ec       0x58 ./Drivers/STM32L0xx_HAL_Driver/stm32l0xx_hal_pcd.o
                0x0800d0ec                HAL_PCD_EP_SetStall
 .text.HAL_PCD_EP_ClrStall
                0x0800d144       0x5c ./Drivers/STM32L0xx_HAL_Driver/stm32l0xx_hal_pcd.o
                0x0800d144                HAL_PCD_EP_ClrStall
 .text.HAL_PCDEx_PMAConfig
                0x0800d1a0       0x34 ./Drivers/STM32L0xx_HAL_Driver/stm32l0xx_hal_pcd_ex.o
                0x0800d1a0                HAL_PCDEx_PMAConfig
 .text.HAL_PCDEx_ActivateLPM
                0x0800d1d4       0x28 ./Drivers/STM32L0xx_HAL_Driver/stm32l0xx_hal_pcd_ex.o
                0x0800d1d4                HAL_PCDEx_ActivateLPM
 .text.HAL_PCDEx_LPM_Callback
                0x0800d1fc        0x2 ./Drivers/STM32L0xx_HAL_Driver/stm32l0xx_hal_pcd_ex.o
                0x0800d1fc                HAL_PCDEx_LPM_Callback
 *fill*         0x0800d1fe        0x2 
 .text.HAL_PWR_EnableBkUpAccess
                0x0800d200       0x14 ./Drivers/STM32L0xx_HAL_Driver/stm32l0xx_hal_pwr.o
                0x0800d200                HAL_PWR_EnableBkUpAccess
 .text.HAL_PWR_DisableBkUpAccess
                0x0800d214       0x14 ./Drivers/STM32L0xx_HAL_Driver/stm32l0xx_hal_pwr.o
                0x0800d214                HAL_PWR_DisableBkUpAccess
 .text.HAL_PWR_EnterSTOPMode
                0x0800d228       0x78 ./Drivers/STM32L0xx_HAL_Driver/stm32l0xx_hal_pwr.o
                0x0800d228                HAL_PWR_EnterSTOPMode
 .text.HAL_PWR_EnterSTANDBYMode
                0x0800d2a0       0x20 ./Drivers/STM32L0xx_HAL_Driver/stm32l0xx_hal_pwr.o
                0x0800d2a0                HAL_PWR_EnterSTANDBYMode
 .text.HAL_RCC_GetSysClockFreq
                0x0800d2c0       0x94 ./Drivers/STM32L0xx_HAL_Driver/stm32l0xx_hal_rcc.o
                0x0800d2c0                HAL_RCC_GetSysClockFreq
 .text.HAL_RCC_OscConfig
                0x0800d354      0x514 ./Drivers/STM32L0xx_HAL_Driver/stm32l0xx_hal_rcc.o
                0x0800d354                HAL_RCC_OscConfig
 .text.HAL_RCC_ClockConfig
                0x0800d868      0x19c ./Drivers/STM32L0xx_HAL_Driver/stm32l0xx_hal_rcc.o
                0x0800d868                HAL_RCC_ClockConfig
 .text.HAL_RCC_GetPCLK1Freq
                0x0800da04       0x20 ./Drivers/STM32L0xx_HAL_Driver/stm32l0xx_hal_rcc.o
                0x0800da04                HAL_RCC_GetPCLK1Freq
 .text.HAL_RCC_GetPCLK2Freq
                0x0800da24       0x20 ./Drivers/STM32L0xx_HAL_Driver/stm32l0xx_hal_rcc.o
                0x0800da24                HAL_RCC_GetPCLK2Freq
 .text.HAL_RCCEx_PeriphCLKConfig
                0x0800da44      0x1b8 ./Drivers/STM32L0xx_HAL_Driver/stm32l0xx_hal_rcc_ex.o
                0x0800da44                HAL_RCCEx_PeriphCLKConfig
 .text.HAL_RTC_WaitForSynchro
                0x0800dbfc       0x34 ./Drivers/STM32L0xx_HAL_Driver/stm32l0xx_hal_rtc.o
                0x0800dbfc                HAL_RTC_WaitForSynchro
 .text.RTC_EnterInitMode
                0x0800dc30       0x48 ./Drivers/STM32L0xx_HAL_Driver/stm32l0xx_hal_rtc.o
                0x0800dc30                RTC_EnterInitMode
 .text.RTC_ExitInitMode
                0x0800dc78       0x2a ./Drivers/STM32L0xx_HAL_Driver/stm32l0xx_hal_rtc.o
                0x0800dc78                RTC_ExitInitMode
 *fill*         0x0800dca2        0x2 
 .text.HAL_RTC_Init
                0x0800dca4       0x9c ./Drivers/STM32L0xx_HAL_Driver/stm32l0xx_hal_rtc.o
                0x0800dca4                HAL_RTC_Init
 .text.RTC_ByteToBcd2
                0x0800dd40       0x16 ./Drivers/STM32L0xx_HAL_Driver/stm32l0xx_hal_rtc.o
                0x0800dd40                RTC_ByteToBcd2
 *fill*         0x0800dd56        0x2 
 .text.HAL_RTC_SetTime
                0x0800dd58       0xcc ./Drivers/STM32L0xx_HAL_Driver/stm32l0xx_hal_rtc.o
                0x0800dd58                HAL_RTC_SetTime
 .text.HAL_RTC_SetDate
                0x0800de24       0xa4 ./Drivers/STM32L0xx_HAL_Driver/stm32l0xx_hal_rtc.o
                0x0800de24                HAL_RTC_SetDate
 .text.RTC_Bcd2ToByte
                0x0800dec8       0x12 ./Drivers/STM32L0xx_HAL_Driver/stm32l0xx_hal_rtc.o
                0x0800dec8                RTC_Bcd2ToByte
 *fill*         0x0800deda        0x2 
 .text.HAL_RTC_GetTime
                0x0800dedc       0x50 ./Drivers/STM32L0xx_HAL_Driver/stm32l0xx_hal_rtc.o
                0x0800dedc                HAL_RTC_GetTime
 .text.HAL_RTC_GetDate
                0x0800df2c       0x44 ./Drivers/STM32L0xx_HAL_Driver/stm32l0xx_hal_rtc.o
                0x0800df2c                HAL_RTC_GetDate
 .text.HAL_RTCEx_SetWakeUpTimer_IT
                0x0800df70       0xe0 ./Drivers/STM32L0xx_HAL_Driver/stm32l0xx_hal_rtc_ex.o
                0x0800df70                HAL_RTCEx_SetWakeUpTimer_IT
 .text.HAL_RTCEx_DeactivateWakeUpTimer
                0x0800e050       0x80 ./Drivers/STM32L0xx_HAL_Driver/stm32l0xx_hal_rtc_ex.o
                0x0800e050                HAL_RTCEx_DeactivateWakeUpTimer
 .text.HAL_RTCEx_WakeUpTimerEventCallback
                0x0800e0d0        0x2 ./Drivers/STM32L0xx_HAL_Driver/stm32l0xx_hal_rtc_ex.o
                0x0800e0d0                HAL_RTCEx_WakeUpTimerEventCallback
 *fill*         0x0800e0d2        0x2 
 .text.HAL_RTCEx_WakeUpTimerIRQHandler
                0x0800e0d4       0x38 ./Drivers/STM32L0xx_HAL_Driver/stm32l0xx_hal_rtc_ex.o
                0x0800e0d4                HAL_RTCEx_WakeUpTimerIRQHandler
 .text.HAL_RTCEx_BKUPWrite
                0x0800e10c        0xc ./Drivers/STM32L0xx_HAL_Driver/stm32l0xx_hal_rtc_ex.o
                0x0800e10c                HAL_RTCEx_BKUPWrite
 .text.HAL_RTCEx_BKUPRead
                0x0800e118        0xc ./Drivers/STM32L0xx_HAL_Driver/stm32l0xx_hal_rtc_ex.o
                0x0800e118                HAL_RTCEx_BKUPRead
 .text.TIM_Base_SetConfig
                0x0800e124       0x70 ./Drivers/STM32L0xx_HAL_Driver/stm32l0xx_hal_tim.o
 .text.TIM_OC1_SetConfig
                0x0800e194       0x2c ./Drivers/STM32L0xx_HAL_Driver/stm32l0xx_hal_tim.o
 .text.TIM_OC2_SetConfig
                0x0800e1c0       0x34 ./Drivers/STM32L0xx_HAL_Driver/stm32l0xx_hal_tim.o
 .text.TIM_CCxChannelCmd
                0x0800e1f4       0x1a ./Drivers/STM32L0xx_HAL_Driver/stm32l0xx_hal_tim.o
 .text.HAL_TIM_Base_Init
                0x0800e20e       0x48 ./Drivers/STM32L0xx_HAL_Driver/stm32l0xx_hal_tim.o
                0x0800e20e                HAL_TIM_Base_Init
 *fill*         0x0800e256        0x2 
 .text.HAL_TIM_Base_Start
                0x0800e258       0x58 ./Drivers/STM32L0xx_HAL_Driver/stm32l0xx_hal_tim.o
                0x0800e258                HAL_TIM_Base_Start
 .text.HAL_TIM_Base_Stop
                0x0800e2b0       0x20 ./Drivers/STM32L0xx_HAL_Driver/stm32l0xx_hal_tim.o
                0x0800e2b0                HAL_TIM_Base_Stop
 .text.HAL_TIM_OC_Start
                0x0800e2d0       0x74 ./Drivers/STM32L0xx_HAL_Driver/stm32l0xx_hal_tim.o
                0x0800e2d0                HAL_TIM_OC_Start
 .text.HAL_TIM_PWM_Init
                0x0800e344       0x48 ./Drivers/STM32L0xx_HAL_Driver/stm32l0xx_hal_tim.o
                0x0800e344                HAL_TIM_PWM_Init
 .text.HAL_TIM_PWM_Start
                0x0800e38c        0x8 ./Drivers/STM32L0xx_HAL_Driver/stm32l0xx_hal_tim.o
                0x0800e38c                HAL_TIM_PWM_Start
 .text.HAL_TIM_PWM_ConfigChannel
                0x0800e394      0x11c ./Drivers/STM32L0xx_HAL_Driver/stm32l0xx_hal_tim.o
                0x0800e394                HAL_TIM_PWM_ConfigChannel
 .text.HAL_TIMEx_MasterConfigSynchronization
                0x0800e4b0       0x64 ./Drivers/STM32L0xx_HAL_Driver/stm32l0xx_hal_tim_ex.o
                0x0800e4b0                HAL_TIMEx_MasterConfigSynchronization
 .text.HAL_TIMEx_RemapConfig
                0x0800e514       0x1a ./Drivers/STM32L0xx_HAL_Driver/stm32l0xx_hal_tim_ex.o
                0x0800e514                HAL_TIMEx_RemapConfig
 .text.HAL_UARTEx_RxEventCallback
                0x0800e52e        0x2 ./Drivers/STM32L0xx_HAL_Driver/stm32l0xx_hal_uart.o
                0x0800e52e                HAL_UARTEx_RxEventCallback
 .text.UART_EndRxTransfer
                0x0800e530       0x5c ./Drivers/STM32L0xx_HAL_Driver/stm32l0xx_hal_uart.o
 .text.UART_DMATransmitCplt
                0x0800e58c       0x54 ./Drivers/STM32L0xx_HAL_Driver/stm32l0xx_hal_uart.o
 .text.UART_DMATxHalfCplt
                0x0800e5e0        0xe ./Drivers/STM32L0xx_HAL_Driver/stm32l0xx_hal_uart.o
 *fill*         0x0800e5ee        0x2 
 .text.UART_DMAReceiveCplt
                0x0800e5f0       0xa4 ./Drivers/STM32L0xx_HAL_Driver/stm32l0xx_hal_uart.o
 .text.UART_DMARxHalfCplt
                0x0800e694       0x28 ./Drivers/STM32L0xx_HAL_Driver/stm32l0xx_hal_uart.o
 .text.UART_DMAError
                0x0800e6bc       0x6c ./Drivers/STM32L0xx_HAL_Driver/stm32l0xx_hal_uart.o
 .text.UART_DMAAbortOnError
                0x0800e728       0x1a ./Drivers/STM32L0xx_HAL_Driver/stm32l0xx_hal_uart.o
 *fill*         0x0800e742        0x2 
 .text.UART_RxISR_8BIT
                0x0800e744       0xe4 ./Drivers/STM32L0xx_HAL_Driver/stm32l0xx_hal_uart.o
 .text.UART_RxISR_16BIT
                0x0800e828       0xe4 ./Drivers/STM32L0xx_HAL_Driver/stm32l0xx_hal_uart.o
 .text.HAL_UART_AbortReceiveCpltCallback
                0x0800e90c        0x2 ./Drivers/STM32L0xx_HAL_Driver/stm32l0xx_hal_uart.o
                0x0800e90c                HAL_UART_AbortReceiveCpltCallback
 .text.HAL_UART_TxCpltCallback
                0x0800e90e        0x2 ./Drivers/STM32L0xx_HAL_Driver/stm32l0xx_hal_uart.o
                0x0800e90e                HAL_UART_TxCpltCallback
 .text.HAL_UART_TxHalfCpltCallback
                0x0800e910        0x2 ./Drivers/STM32L0xx_HAL_Driver/stm32l0xx_hal_uart.o
                0x0800e910                HAL_UART_TxHalfCpltCallback
 .text.HAL_UART_RxHalfCpltCallback
                0x0800e912        0x2 ./Drivers/STM32L0xx_HAL_Driver/stm32l0xx_hal_uart.o
                0x0800e912                HAL_UART_RxHalfCpltCallback
 .text.HAL_UART_AbortCpltCallback
                0x0800e914        0x2 ./Drivers/STM32L0xx_HAL_Driver/stm32l0xx_hal_uart.o
                0x0800e914                HAL_UART_AbortCpltCallback
 .text.HAL_UART_AbortTransmitCpltCallback
                0x0800e916        0x2 ./Drivers/STM32L0xx_HAL_Driver/stm32l0xx_hal_uart.o
                0x0800e916                HAL_UART_AbortTransmitCpltCallback
 .text.HAL_UART_Transmit_DMA
                0x0800e918       0x9c ./Drivers/STM32L0xx_HAL_Driver/stm32l0xx_hal_uart.o
                0x0800e918                HAL_UART_Transmit_DMA
 .text.HAL_UART_IRQHandler
                0x0800e9b4      0x2cc ./Drivers/STM32L0xx_HAL_Driver/stm32l0xx_hal_uart.o
                0x0800e9b4                HAL_UART_IRQHandler
 .text.UART_InitCallbacksToDefault
                0x0800ec80       0x58 ./Drivers/STM32L0xx_HAL_Driver/stm32l0xx_hal_uart.o
                0x0800ec80                UART_InitCallbacksToDefault
 .text.UART_SetConfig
                0x0800ecd8      0x218 ./Drivers/STM32L0xx_HAL_Driver/stm32l0xx_hal_uart.o
                0x0800ecd8                UART_SetConfig
 .text.UART_AdvFeatureConfig
                0x0800eef0       0xd0 ./Drivers/STM32L0xx_HAL_Driver/stm32l0xx_hal_uart.o
                0x0800eef0                UART_AdvFeatureConfig
 .text.UART_WaitOnFlagUntilTimeout
                0x0800efc0       0x86 ./Drivers/STM32L0xx_HAL_Driver/stm32l0xx_hal_uart.o
                0x0800efc0                UART_WaitOnFlagUntilTimeout
 .text.HAL_UART_Transmit
                0x0800f046       0xcc ./Drivers/STM32L0xx_HAL_Driver/stm32l0xx_hal_uart.o
                0x0800f046                HAL_UART_Transmit
 *fill*         0x0800f112        0x2 
 .text.UART_CheckIdleState
                0x0800f114       0xc0 ./Drivers/STM32L0xx_HAL_Driver/stm32l0xx_hal_uart.o
                0x0800f114                UART_CheckIdleState
 .text.HAL_UART_Init
                0x0800f1d4       0x7c ./Drivers/STM32L0xx_HAL_Driver/stm32l0xx_hal_uart.o
                0x0800f1d4                HAL_UART_Init
 .text.UART_Start_Receive_IT
                0x0800f250       0xcc ./Drivers/STM32L0xx_HAL_Driver/stm32l0xx_hal_uart.o
                0x0800f250                UART_Start_Receive_IT
 .text.HAL_UART_Receive_IT
                0x0800f31c       0x68 ./Drivers/STM32L0xx_HAL_Driver/stm32l0xx_hal_uart.o
                0x0800f31c                HAL_UART_Receive_IT
 .text.UART_Start_Receive_DMA
                0x0800f384       0xa8 ./Drivers/STM32L0xx_HAL_Driver/stm32l0xx_hal_uart.o
                0x0800f384                UART_Start_Receive_DMA
 .text.HAL_UART_Receive_DMA
                0x0800f42c       0x68 ./Drivers/STM32L0xx_HAL_Driver/stm32l0xx_hal_uart.o
                0x0800f42c                HAL_UART_Receive_DMA
 .text.HAL_UARTEx_WakeupCallback
                0x0800f494        0x2 ./Drivers/STM32L0xx_HAL_Driver/stm32l0xx_hal_uart_ex.o
                0x0800f494                HAL_UARTEx_WakeupCallback
 *fill*         0x0800f496        0x2 
 .text.USB_EnableGlobalInt
                0x0800f498       0x14 ./Drivers/STM32L0xx_HAL_Driver/stm32l0xx_ll_usb.o
                0x0800f498                USB_EnableGlobalInt
 .text.USB_DisableGlobalInt
                0x0800f4ac       0x14 ./Drivers/STM32L0xx_HAL_Driver/stm32l0xx_ll_usb.o
                0x0800f4ac                USB_DisableGlobalInt
 .text.USB_DevInit
                0x0800f4c0       0x26 ./Drivers/STM32L0xx_HAL_Driver/stm32l0xx_ll_usb.o
                0x0800f4c0                USB_DevInit
 *fill*         0x0800f4e6        0x2 
 .text.USB_ActivateEndpoint
                0x0800f4e8      0x21c ./Drivers/STM32L0xx_HAL_Driver/stm32l0xx_ll_usb.o
                0x0800f4e8                USB_ActivateEndpoint
 .text.USB_DeactivateEndpoint
                0x0800f704       0xf4 ./Drivers/STM32L0xx_HAL_Driver/stm32l0xx_ll_usb.o
                0x0800f704                USB_DeactivateEndpoint
 .text.USB_EPSetStall
                0x0800f7f8       0x40 ./Drivers/STM32L0xx_HAL_Driver/stm32l0xx_ll_usb.o
                0x0800f7f8                USB_EPSetStall
 .text.USB_EPClearStall
                0x0800f838       0x74 ./Drivers/STM32L0xx_HAL_Driver/stm32l0xx_ll_usb.o
                0x0800f838                USB_EPClearStall
 .text.USB_SetDevAddress
                0x0800f8ac        0xe ./Drivers/STM32L0xx_HAL_Driver/stm32l0xx_ll_usb.o
                0x0800f8ac                USB_SetDevAddress
 .text.USB_DevConnect
                0x0800f8ba       0x10 ./Drivers/STM32L0xx_HAL_Driver/stm32l0xx_ll_usb.o
                0x0800f8ba                USB_DevConnect
 .text.USB_ReadInterrupts
                0x0800f8ca        0x8 ./Drivers/STM32L0xx_HAL_Driver/stm32l0xx_ll_usb.o